Archive member included to satisfy reference by file (symbol)

app/libapp.a(main.c.obj)      (--whole-archive)
zephyr/libzephyr.a(heap.c.obj)
                              (--whole-archive)
zephyr/libzephyr.a(cbprintf_packaged.c.obj)
                              (--whole-archive)
zephyr/libzephyr.a(printk.c.obj)
                              (--whole-archive)
zephyr/libzephyr.a(sem.c.obj)
                              (--whole-archive)
zephyr/libzephyr.a(thread_entry.c.obj)
                              (--whole-archive)
zephyr/libzephyr.a(cbprintf_complete.c.obj)
                              (--whole-archive)
zephyr/libzephyr.a(assert.c.obj)
                              (--whole-archive)
zephyr/libzephyr.a(mpsc_pbuf.c.obj)
                              (--whole-archive)
zephyr/libzephyr.a(dec.c.obj)
                              (--whole-archive)
zephyr/libzephyr.a(hex.c.obj)
                              (--whole-archive)
zephyr/libzephyr.a(rb.c.obj)  (--whole-archive)
zephyr/libzephyr.a(timeutil.c.obj)
                              (--whole-archive)
zephyr/libzephyr.a(bitarray.c.obj)
                              (--whole-archive)
zephyr/libzephyr.a(onoff.c.obj)
                              (--whole-archive)
zephyr/libzephyr.a(notify.c.obj)
                              (--whole-archive)
zephyr/libzephyr.a(configs.c.obj)
                              (--whole-archive)
zephyr/libzephyr.a(log_core.c.obj)
                              (--whole-archive)
zephyr/libzephyr.a(log_mgmt.c.obj)
                              (--whole-archive)
zephyr/libzephyr.a(log_cache.c.obj)
                              (--whole-archive)
zephyr/libzephyr.a(log_msg.c.obj)
                              (--whole-archive)
zephyr/libzephyr.a(log_output.c.obj)
                              (--whole-archive)
zephyr/libzephyr.a(log_backend_rtt.c.obj)
                              (--whole-archive)
zephyr/libzephyr.a(log_backend_uart.c.obj)
                              (--whole-archive)
zephyr/libzephyr.a(mem_attr.c.obj)
                              (--whole-archive)
zephyr/libzephyr.a(tracing_none.c.obj)
                              (--whole-archive)
zephyr/libzephyr.a(addr_utils.c.obj)
                              (--whole-archive)
zephyr/libzephyr.a(hts221_reg.c.obj)
                              (--whole-archive)
zephyr/arch/common/libarch__common.a(sw_isr_common.c.obj)
                              (--whole-archive)
zephyr/arch/arch/arm/core/libarch__arm__core.a(fatal.c.obj)
                              (--whole-archive)
zephyr/arch/arch/arm/core/libarch__arm__core.a(nmi.c.obj)
                              (--whole-archive)
zephyr/arch/arch/arm/core/libarch__arm__core.a(nmi_on_reset.S.obj)
                              (--whole-archive)
zephyr/arch/arch/arm/core/libarch__arm__core.a(tls.c.obj)
                              (--whole-archive)
zephyr/arch/arch/arm/core/cortex_m/libarch__arm__core__cortex_m.a(exc_exit.S.obj)
                              (--whole-archive)
zephyr/arch/arch/arm/core/cortex_m/libarch__arm__core__cortex_m.a(fault.c.obj)
                              (--whole-archive)
zephyr/arch/arch/arm/core/cortex_m/libarch__arm__core__cortex_m.a(fault_s.S.obj)
                              (--whole-archive)
zephyr/arch/arch/arm/core/cortex_m/libarch__arm__core__cortex_m.a(fpu.c.obj)
                              (--whole-archive)
zephyr/arch/arch/arm/core/cortex_m/libarch__arm__core__cortex_m.a(reset.S.obj)
                              (--whole-archive)
zephyr/arch/arch/arm/core/cortex_m/libarch__arm__core__cortex_m.a(scb.c.obj)
                              (--whole-archive)
zephyr/arch/arch/arm/core/cortex_m/libarch__arm__core__cortex_m.a(thread_abort.c.obj)
                              (--whole-archive)
zephyr/arch/arch/arm/core/cortex_m/libarch__arm__core__cortex_m.a(vector_table.S.obj)
                              (--whole-archive)
zephyr/arch/arch/arm/core/cortex_m/libarch__arm__core__cortex_m.a(swap.c.obj)
                              (--whole-archive)
zephyr/arch/arch/arm/core/cortex_m/libarch__arm__core__cortex_m.a(swap_helper.S.obj)
                              (--whole-archive)
zephyr/arch/arch/arm/core/cortex_m/libarch__arm__core__cortex_m.a(irq_manage.c.obj)
                              (--whole-archive)
zephyr/arch/arch/arm/core/cortex_m/libarch__arm__core__cortex_m.a(prep_c.c.obj)
                              (--whole-archive)
zephyr/arch/arch/arm/core/cortex_m/libarch__arm__core__cortex_m.a(thread.c.obj)
                              (--whole-archive)
zephyr/arch/arch/arm/core/cortex_m/libarch__arm__core__cortex_m.a(cpu_idle.S.obj)
                              (--whole-archive)
zephyr/arch/arch/arm/core/cortex_m/libarch__arm__core__cortex_m.a(irq_init.c.obj)
                              (--whole-archive)
zephyr/arch/arch/arm/core/cortex_m/libarch__arm__core__cortex_m.a(isr_wrapper.S.obj)
                              (--whole-archive)
[...]
Memory Configuration

Name             Origin             Length             Attributes
FLASH            0x0000000000000000 0x0000000000080000 xr
RAM              0x0000000020000000 0x0000000000010000 xw
IDT_LIST         0x00000000ffff7fff 0x0000000000008000 xw
*default*        0x0000000000000000 0xffffffffffffffff

Linker script and memory map

                0x000000000000d63c                vfprintf = __d_vfprintf
                0x0000000000000000                vfscanf = __d_vfscanf
LOAD zephyr/CMakeFiles/zephyr_pre0.dir/misc/empty_file.c.obj
LOAD zephyr/CMakeFiles/offsets.dir/./arch/arm/core/offsets/offsets.c.obj
LOAD app/libapp.a
LOAD zephyr/libzephyr.a
LOAD zephyr/arch/common/libarch__common.a
LOAD zephyr/arch/arch/arm/core/libarch__arm__core.a
LOAD zephyr/arch/arch/arm/core/cortex_m/libarch__arm__core__cortex_m.a
LOAD zephyr/arch/arch/arm/core/mpu/libarch__arm__core__mpu.a
LOAD zephyr/lib/libc/picolibc/liblib__libc__picolibc.a
LOAD zephyr/lib/libc/common/liblib__libc__common.a
LOAD zephyr/soc/soc/nrf52832/libsoc__nordic.a
LOAD zephyr/boards/nordic/thingy52/libboards__nordic__thingy52.a
LOAD zephyr/subsys/random/libsubsys__random.a
LOAD zephyr/subsys/bluetooth/common/libsubsys__bluetooth__common.a
LOAD zephyr/subsys/bluetooth/host/libsubsys__bluetooth__host.a
LOAD zephyr/subsys/bluetooth/controller/libsubsys__bluetooth__controller.a
LOAD zephyr/subsys/bluetooth/controller/ll_sw/nordic/libsubsys__bluetooth__controller__ll_sw__nordic.a
LOAD zephyr/subsys/net/libsubsys__net.a
LOAD zephyr/drivers/clock_control/libdrivers__clock_control.a
LOAD zephyr/drivers/console/libdrivers__console.a
LOAD zephyr/drivers/entropy/libdrivers__entropy.a
LOAD zephyr/drivers/gpio/libdrivers__gpio.a
LOAD zephyr/drivers/i2c/libdrivers__i2c.a
LOAD zephyr/drivers/pinctrl/libdrivers__pinctrl.a
LOAD zephyr/drivers/regulator/libdrivers__regulator.a
LOAD zephyr/drivers/sensor/ccs811/libdrivers__sensor__ccs811.a
LOAD zephyr/drivers/sensor/stmemsc/libdrivers__sensor__stmemsc.a
LOAD zephyr/drivers/sensor/hts221/libdrivers__sensor__hts221.a
LOAD zephyr/drivers/sensor/lis2dh/libdrivers__sensor__lis2dh.a
LOAD zephyr/drivers/sensor/lps22hb/libdrivers__sensor__lps22hb.a
LOAD zephyr/drivers/sensor/nrf5/libdrivers__sensor__nrf5.a
LOAD zephyr/drivers/serial/libdrivers__serial.a
LOAD zephyr/drivers/timer/libdrivers__timer.a
LOAD modules/hal_nordic/nrfx/libmodules__hal_nordic__nrfx.a
LOAD modules/segger/libmodules__segger.a
LOAD zephyr/kernel/libkernel.a
LOAD /home/eric/zephyr_install/zephyr-sdk-0.16.5/arm-zephyr-eabi/bin/../lib/gcc/arm-zephyr-eabi/12.2.0/thumb/v7e-m/nofp/libgcc.a
LOAD zephyr/arch/common/libisr_tables.a
LOAD /home/eric/zephyr_install/zephyr-sdk-0.16.5/arm-zephyr-eabi/bin/../lib/gcc/../../picolibc/arm-zephyr-eabi/lib/thumb/v7e-m/nofp/libc.a
LOAD /home/eric/zephyr_install/zephyr-sdk-0.16.5/arm-zephyr-eabi/bin/../lib/gcc/arm-zephyr-eabi/12.2.0/thumb/v7e-m/nofp/libgcc.a
                0x0000000000000020                _region_min_align = 0x20

.rel.plt        0x0000000000000000        0x0
 *(SORT_BY_ALIGNMENT(.rel.plt))
                [!provide]                        PROVIDE (__rel_iplt_start = .)
 *(SORT_BY_ALIGNMENT(.rel.iplt))
 .rel.iplt      0x0000000000000000        0x0 app/libapp.a(main.c.obj)
                [!provide]                        PROVIDE (__rel_iplt_end = .)

.rela.plt       0x0000000000000000        0x0
 *(SORT_BY_ALIGNMENT(.rela.plt))
                [!provide]                        PROVIDE (__rela_iplt_start = .)
 *(SORT_BY_ALIGNMENT(.rela.iplt))
                [!provide]                        PROVIDE (__rela_iplt_end = .)

.rel.dyn
 *(SORT_BY_ALIGNMENT(.rel.*))

.rela.dyn
 *(SORT_BY_ALIGNMENT(.rela.*))

/DISCARD/
 *(SORT_BY_ALIGNMENT(.plt))

/DISCARD/
 *(SORT_BY_ALIGNMENT(.iplt))
                0x0000000000000000                __rom_region_start = 0x0

rom_start       0x0000000000000000       0xdc
                0x0000000000000000                __rom_start_address = .
 FILL mask 0x00
                0x0000000000000000                . = (. + (0x0 - (. - __rom_start_address)))
                0x0000000000000000                . = ALIGN (0x4)
                0x0000000000000000                . = ALIGN (0x80)
                0x0000000000000000                . = ALIGN (0x100)
                0x0000000000000000                _vector_start = .
 *(SORT_BY_ALIGNMENT(.exc_vector_table))
 *(SORT_BY_ALIGNMENT(.exc_vector_table.*))
 .exc_vector_table._vector_table_section
                0x0000000000000000       0x40 zephyr/arch/arch/arm/core/cortex_m/libarch__arm__core__cortex_m.a(vector_table.S.obj)
                0x0000000000000000                _vector_table
 *(SORT_BY_ALIGNMENT(.vectors))
                0x00000000000000dc                _vector_end = .
                0x0000000000000040                . = ALIGN (0x4)
 *(SORT_BY_ALIGNMENT(.gnu.linkonce.irq_vector_table*))
 .gnu.linkonce.irq_vector_table
                0x0000000000000040       0x9c zephyr/arch/common/libisr_tables.a(isr_tables.c.obj)
                0x0000000000000040                _irq_vector_table
                0x00000000000000dc                _vector_end = .

text            0x00000000000000e0    0x12524
                0x00000000000000e0                __text_region_start = .
 *(SORT_BY_ALIGNMENT(.text))
 .text          0x00000000000000e0      0x378 /home/eric/zephyr_install/zephyr-sdk-0.16.5/arm-zephyr-eabi/bin/../lib/gcc/arm-zephyr-eabi/12.2.0/thumb/v7e-m/nofp/libgcc.a(_arm_addsubdf3.o)
                0x00000000000000e0                __aeabi_drsub
                0x00000000000000e8                __aeabi_dsub
                0x00000000000000e8                __subdf3
                0x00000000000000ec                __adddf3
                0x00000000000000ec                __aeabi_dadd
                0x0000000000000364                __aeabi_ui2d
                0x0000000000000364                __floatunsidf
                0x0000000000000384                __floatsidf
                0x0000000000000384                __aeabi_i2d
                0x00000000000003a8                __extendsfdf2
                0x00000000000003a8                __aeabi_f2d
                0x00000000000003ec                __aeabi_ul2d
                0x00000000000003ec                __floatundidf
                0x00000000000003fc                __floatdidf
                0x00000000000003fc                __aeabi_l2d
 .text          0x0000000000000458      0x424 /home/eric/zephyr_install/zephyr-sdk-0.16.5/arm-zephyr-eabi/bin/../lib/gcc/arm-zephyr-eabi/12.2.0/thumb/v7e-m/nofp/libgcc.a(_arm_muldivdf3.o)
                0x0000000000000458                __aeabi_dmul
                0x0000000000000458                __muldf3
                0x00000000000006ac                __aeabi_ddiv
                0x00000000000006ac                __divdf3
 .text          0x000000000000087c       0x50 /home/eric/zephyr_install/zephyr-sdk-0.16.5/arm-zephyr-eabi/bin/../lib/gcc/arm-zephyr-eabi/12.2.0/thumb/v7e-m/nofp/libgcc.a(_arm_fixdfsi.o)
                0x000000000000087c                __fixdfsi
                0x000000000000087c                __aeabi_d2iz
 .text          0x00000000000008cc       0xa0 /home/eric/zephyr_install/zephyr-sdk-0.16.5/arm-zephyr-eabi/bin/../lib/gcc/arm-zephyr-eabi/12.2.0/thumb/v7e-m/nofp/libgcc.a(_aeabi_ldivmod.o)
                0x00000000000008cc                __aeabi_ldivmod
 .text          0x000000000000096c       0x30 /home/eric/zephyr_install/zephyr-sdk-0.16.5/arm-zephyr-eabi/bin/../lib/gcc/arm-zephyr-eabi/12.2.0/thumb/v7e-m/nofp/libgcc.a(_aeabi_uldivmod.o)
                0x000000000000096c                __aeabi_uldivmod
 .text          0x000000000000099c        0x4 /home/eric/zephyr_install/zephyr-sdk-0.16.5/arm-zephyr-eabi/bin/../lib/gcc/arm-zephyr-eabi/12.2.0/thumb/v7e-m/nofp/libgcc.a(_dvmd_tls.o)
                0x000000000000099c                __aeabi_ldiv0
                0x000000000000099c                __aeabi_idiv0
 .text          0x00000000000009a0      0x2a0 /home/eric/zephyr_install/zephyr-sdk-0.16.5/arm-zephyr-eabi/bin/../lib/gcc/arm-zephyr-eabi/12.2.0/thumb/v7e-m/nofp/libgcc.a(_udivmoddi4.o)
                0x00000000000009a0                __udivmoddi4
 .text          0x0000000000000c40       0x10 /home/eric/zephyr_install/zephyr-sdk-0.16.5/arm-zephyr-eabi/bin/../lib/gcc/../../picolibc/arm-zephyr-eabi/lib/thumb/v7e-m/nofp/libc.a(strcpy.S.o)
                0x0000000000000c40                strcpy
 .text          0x0000000000000c50       0x10 /home/eric/zephyr_install/zephyr-sdk-0.16.5/arm-zephyr-eabi/bin/../lib/gcc/../../picolibc/arm-zephyr-eabi/lib/thumb/v7e-m/nofp/libc.a(strlen.S.o)
                0x0000000000000c50                strlen
 *(SORT_BY_ALIGNMENT(.text.*))
 .text.lps22_th.part.0
                0x0000000000000c60       0xe4 app/libapp.a(main.c.obj)
 *fill*         0x0000000000000d44        0x4 
 .text.hts221_th.part.0
                0x0000000000000d48      0x13c app/libapp.a(main.c.obj)
 *fill*         0x0000000000000e84        0x4 
 .text.ll_adv_enable
                0x0000000000000e88      0x164 zephyr/subsys/bluetooth/controller/libsubsys__bluetooth__controller.a(ull_adv.c.obj)
                0x0000000000000e88                ll_adv_enable
 *fill*         0x0000000000000fec        0x4 
 .text.ull_adv_time_update
                0x0000000000000ff0       0xb0 zephyr/subsys/bluetooth/controller/libsubsys__bluetooth__controller.a(ull_adv.c.obj)
                0x0000000000000ff0                ull_adv_time_update
 .text.prepare_cb
                0x00000000000010a0      0x120 zephyr/subsys/bluetooth/controller/ll_sw/nordic/libsubsys__bluetooth__controller__ll_sw__nordic.a(lll_adv.c.obj)
 .text.lis2dh_attr_set
                0x00000000000011c0      0x110 zephyr/drivers/sensor/lis2dh/libdrivers__sensor__lis2dh.a(lis2dh.c.obj)
 .text.bt_ready
                0x00000000000012d0       0x64 app/libapp.a(main.c.obj)
 .text.bluetooth_send_th
                0x0000000000001334       0x8c app/libapp.a(main.c.obj)
                0x0000000000001334                bluetooth_send_th
 .text.lps22_th
                0x00000000000013c0       0x28 app/libapp.a(main.c.obj)
                0x00000000000013c0                lps22_th
 .text.ccs811_th
                0x00000000000013e8       0xe4 app/libapp.a(main.c.obj)
                0x00000000000013e8                ccs811_th
 .text.hts221_th
                0x00000000000014cc       0x28 app/libapp.a(main.c.obj)
                0x00000000000014cc                hts221_th
 .text.cbvprintf_package
                0x00000000000014f4      0x3a4 zephyr/libzephyr.a(cbprintf_packaged.c.obj)
                0x00000000000014f4                cbvprintf_package
 .text.cbprintf_package_convert
                0x0000000000001898      0x3c0 zephyr/libzephyr.a(cbprintf_packaged.c.obj)
                0x0000000000001898                cbprintf_package_convert
 .text.__printk_hook_install
                0x0000000000001c58        0xc zephyr/libzephyr.a(printk.c.obj)
                0x0000000000001c58                __printk_hook_install
 .text.z_thread_entry
                0x0000000000001c64       0x34 zephyr/libzephyr.a(thread_entry.c.obj)
                0x0000000000001c64                z_thread_entry
 .text.process_event
                0x0000000000001c98      0x21c zephyr/libzephyr.a(onoff.c.obj)
 .text.activate_foreach_backend
                0x0000000000001eb4       0x64 zephyr/libzephyr.a(log_core.c.obj)
 .text.enable_logger
                0x0000000000001f18       0x5c zephyr/libzephyr.a(log_core.c.obj)
 .text.log_process_thread_timer_expiry_fn
                0x0000000000001f74        0xc zephyr/libzephyr.a(log_core.c.obj)
 .text.z_log_init
                0x0000000000001f80       0x90 zephyr/libzephyr.a(log_core.c.obj)
 .text.log_format_func_t_get
                0x0000000000002010        0xc zephyr/libzephyr.a(log_core.c.obj)
                0x0000000000002010                log_format_func_t_get
 .text.log_set_timestamp_func
                0x000000000000201c       0x20 zephyr/libzephyr.a(log_core.c.obj)
                0x000000000000201c                log_set_timestamp_func
 .text.z_log_notify_backend_enabled
                0x000000000000203c       0x1c zephyr/libzephyr.a(log_core.c.obj)
                0x000000000000203c                z_log_notify_backend_enabled
 .text.z_log_dropped
                0x0000000000002058       0x30 zephyr/libzephyr.a(log_core.c.obj)
                0x0000000000002058                z_log_dropped
 .text.z_log_dropped_read_and_clear
                0x0000000000002088       0x20 zephyr/libzephyr.a(log_core.c.obj)
                0x0000000000002088                z_log_dropped_read_and_clear
 .text.dropped_notify
                0x00000000000020a8       0x30 zephyr/libzephyr.a(log_core.c.obj)
                0x00000000000020a8                dropped_notify
 .text.z_log_msg_init
                0x00000000000020d8       0x20 zephyr/libzephyr.a(log_core.c.obj)
                0x00000000000020d8                z_log_msg_init
 .text.log_core_init
                0x00000000000020f8       0x34 zephyr/libzephyr.a(log_core.c.obj)
                0x00000000000020f8                log_core_init
 .text.z_log_msg_alloc
                0x000000000000212c       0x10 zephyr/libzephyr.a(log_core.c.obj)
                0x000000000000212c                z_log_msg_alloc
 .text.z_log_msg_local_claim
                0x000000000000213c        0xc zephyr/libzephyr.a(log_core.c.obj)
                0x000000000000213c                z_log_msg_local_claim
 .text.z_log_msg_free
                0x0000000000002148       0x10 zephyr/libzephyr.a(log_core.c.obj)
                0x0000000000002148                z_log_msg_free
 .text.z_log_msg_pending
                0x0000000000002158        0xc zephyr/libzephyr.a(log_core.c.obj)
                0x0000000000002158                z_log_msg_pending
 .text.z_impl_log_process
                0x0000000000002164       0xbc zephyr/libzephyr.a(log_core.c.obj)
                0x0000000000002164                z_impl_log_process
 .text.z_impl_log_panic
                0x0000000000002220       0x44 zephyr/libzephyr.a(log_core.c.obj)
                0x0000000000002220                z_impl_log_panic
 .text.log_process_thread_func
                0x0000000000002264       0xa4 zephyr/libzephyr.a(log_core.c.obj)
 .text.z_log_msg_post_finalize
                0x0000000000002308       0x78 zephyr/libzephyr.a(log_core.c.obj)
 .text.z_log_msg_commit
                0x0000000000002380       0x24 zephyr/libzephyr.a(log_core.c.obj)
                0x0000000000002380                z_log_msg_commit
 .text.log_source_name_get
                0x00000000000023a4       0x1c zephyr/libzephyr.a(log_mgmt.c.obj)
                0x00000000000023a4                log_source_name_get
 .text.log_backend_enable
                0x00000000000023c0       0x28 zephyr/libzephyr.a(log_mgmt.c.obj)
                0x00000000000023c0                log_backend_enable
 .text.z_impl_z_log_msg_static_create
                0x00000000000023e8      0x108 zephyr/libzephyr.a(log_msg.c.obj)
                0x00000000000023e8                z_impl_z_log_msg_static_create
 .text.z_log_msg_runtime_vcreate
                0x00000000000024f0       0x8c zephyr/libzephyr.a(log_msg.c.obj)
                0x00000000000024f0                z_log_msg_runtime_vcreate
 .text.print_formatted
                0x000000000000257c       0x24 zephyr/libzephyr.a(log_output.c.obj)
 .text.newline_print
                0x00000000000025a0       0x1c zephyr/libzephyr.a(log_output.c.obj)
 .text.log_output_process
                0x00000000000025bc      0x2d4 zephyr/libzephyr.a(log_output.c.obj)
                0x00000000000025bc                log_output_process
 .text.log_output_msg_process
                0x0000000000002890       0x70 zephyr/libzephyr.a(log_output.c.obj)
                0x0000000000002890                log_output_msg_process
 .text.log_output_dropped_process
                0x0000000000002900       0x58 zephyr/libzephyr.a(log_output.c.obj)
                0x0000000000002900                log_output_dropped_process
 .text.log_output_timestamp_freq_set
                0x0000000000002958       0x2c zephyr/libzephyr.a(log_output.c.obj)
                0x0000000000002958                log_output_timestamp_freq_set
 .text.log_backend_rtt_init
                0x0000000000002984        0xc zephyr/libzephyr.a(log_backend_rtt.c.obj)
 .text.format_set
                0x0000000000002990        0xc zephyr/libzephyr.a(log_backend_rtt.c.obj)
 .text.panic    0x000000000000299c       0x14 zephyr/libzephyr.a(log_backend_rtt.c.obj)
 .text.dropped  0x00000000000029b0        0xc zephyr/libzephyr.a(log_backend_rtt.c.obj)
 .text.process  0x00000000000029bc       0x24 zephyr/libzephyr.a(log_backend_rtt.c.obj)
 .text.on_failed_write
                0x00000000000029e0       0x28 zephyr/libzephyr.a(log_backend_rtt.c.obj)
 .text.data_out_block_mode
                0x0000000000002a08       0x84 zephyr/libzephyr.a(log_backend_rtt.c.obj)
 .text.char_out
                0x0000000000002a8c       0x24 zephyr/libzephyr.a(log_backend_uart.c.obj)
 .text.mem_attr_get_regions
                0x0000000000002ab0        0xc zephyr/libzephyr.a(mem_attr.c.obj)
                0x0000000000002ab0                mem_attr_get_regions
 .text.z_arm_fatal_error
                0x0000000000002abc       0xa0 zephyr/arch/arch/arm/core/libarch__arm__core.a(fatal.c.obj)
                0x0000000000002abc                z_arm_fatal_error
 .text.z_SysNmiOnReset
                0x0000000000002b5c        0x8 zephyr/arch/arch/arm/core/libarch__arm__core.a(nmi_on_reset.S.obj)
                0x0000000000002b5c                z_SysNmiOnReset
 .text.arch_tls_stack_setup
                0x0000000000002b64       0x40 zephyr/arch/arch/arm/core/libarch__arm__core.a(tls.c.obj)
                0x0000000000002b64                arch_tls_stack_setup
 .text._HandlerModeExit
                0x0000000000002ba4       0x1c zephyr/arch/arch/arm/core/cortex_m/libarch__arm__core__cortex_m.a(exc_exit.S.obj)
                0x0000000000002ba4                z_arm_exc_exit
                0x0000000000002ba4                z_arm_int_exit
 .text.bus_fault.constprop.0
                0x0000000000002bc0       0xd0 zephyr/arch/arch/arm/core/cortex_m/libarch__arm__core__cortex_m.a(fault.c.obj)
 .text.usage_fault.constprop.0
                0x0000000000002c90       0xa8 zephyr/arch/arch/arm/core/cortex_m/libarch__arm__core__cortex_m.a(fault.c.obj)
 .text.mem_manage_fault
                0x0000000000002d38      0x104 zephyr/arch/arch/arm/core/cortex_m/libarch__arm__core__cortex_m.a(fault.c.obj)
 .text.z_arm_fault
                0x0000000000002e3c      0x1d4 zephyr/arch/arch/arm/core/cortex_m/libarch__arm__core__cortex_m.a(fault.c.obj)
                0x0000000000002e3c                z_arm_fault
 .text.z_arm_fault_init
                0x0000000000003010       0x10 zephyr/arch/arch/arm/core/cortex_m/libarch__arm__core__cortex_m.a(fault.c.obj)
                0x0000000000003010                z_arm_fault_init
 .text.__fault  0x0000000000003020       0x14 zephyr/arch/arch/arm/core/cortex_m/libarch__arm__core__cortex_m.a(fault_s.S.obj)
                0x0000000000003020                z_arm_bus_fault
                0x0000000000003020                z_arm_usage_fault
                0x0000000000003020                z_arm_mpu_fault
                0x0000000000003020                z_arm_exc_spurious
                0x0000000000003020                z_arm_debug_monitor
                0x0000000000003020                z_arm_hard_fault
 .text._reset_section
                0x0000000000003034       0x30 zephyr/arch/arch/arm/core/cortex_m/libarch__arm__core__cortex_m.a(reset.S.obj)
                0x0000000000003034                z_arm_reset
                0x0000000000003034                __start
 .text.z_impl_k_thread_abort
                0x0000000000003064       0x2c zephyr/arch/arch/arm/core/cortex_m/libarch__arm__core__cortex_m.a(thread_abort.c.obj)
                0x0000000000003064                z_impl_k_thread_abort
 .text.arch_swap
                0x0000000000003090       0x30 zephyr/arch/arch/arm/core/cortex_m/libarch__arm__core__cortex_m.a(swap.c.obj)
                0x0000000000003090                arch_swap
 .text.z_arm_pendsv
                0x00000000000030c0       0x64 zephyr/arch/arch/arm/core/cortex_m/libarch__arm__core__cortex_m.a(swap_helper.S.obj)
                0x00000000000030c0                z_arm_pendsv
 .text.z_arm_svc
                0x0000000000003124       0x20 zephyr/arch/arch/arm/core/cortex_m/libarch__arm__core__cortex_m.a(swap_helper.S.obj)
                0x0000000000003124                z_arm_svc
 .text.arch_irq_enable
                0x0000000000003144       0x1c zephyr/arch/arch/arm/core/cortex_m/libarch__arm__core__cortex_m.a(irq_manage.c.obj)
                0x0000000000003144                arch_irq_enable
 .text.arch_irq_disable
                0x0000000000003160       0x28 zephyr/arch/arch/arm/core/cortex_m/libarch__arm__core__cortex_m.a(irq_manage.c.obj)
                0x0000000000003160                arch_irq_disable
 .text.arch_irq_is_enabled
                0x0000000000003188       0x1c zephyr/arch/arch/arm/core/cortex_m/libarch__arm__core__cortex_m.a(irq_manage.c.obj)
                0x0000000000003188                arch_irq_is_enabled
 .text.z_arm_irq_priority_set
                0x00000000000031a4       0x30 zephyr/arch/arch/arm/core/cortex_m/libarch__arm__core__cortex_m.a(irq_manage.c.obj)
                0x00000000000031a4                z_arm_irq_priority_set
 .text.z_prep_c
                0x00000000000031d4       0x48 zephyr/arch/arch/arm/core/cortex_m/libarch__arm__core__cortex_m.a(prep_c.c.obj)
                0x00000000000031d4                z_prep_c
 .text.arch_new_thread
                0x000000000000321c       0x38 zephyr/arch/arch/arm/core/cortex_m/libarch__arm__core__cortex_m.a(thread.c.obj)
                0x000000000000321c                arch_new_thread
 .text.z_check_thread_stack_fail
                0x0000000000003254       0x2c zephyr/arch/arch/arm/core/cortex_m/libarch__arm__core__cortex_m.a(thread.c.obj)
                0x0000000000003254                z_check_thread_stack_fail
 .text.arch_switch_to_main_thread
                0x0000000000003280       0x38 zephyr/arch/arch/arm/core/cortex_m/libarch__arm__core__cortex_m.a(thread.c.obj)
                0x0000000000003280                arch_switch_to_main_thread
 .text.z_arm_cpu_idle_init
                0x00000000000032b8        0xc zephyr/arch/arch/arm/core/cortex_m/libarch__arm__core__cortex_m.a(cpu_idle.S.obj)
                0x00000000000032b8                z_arm_cpu_idle_init
 .text.arch_cpu_idle
                0x00000000000032c4       0x1c zephyr/arch/arch/arm/core/cortex_m/libarch__arm__core__cortex_m.a(cpu_idle.S.obj)
                0x00000000000032c4                arch_cpu_idle
 .text.arch_cpu_atomic_idle
                0x00000000000032e0       0x18 zephyr/arch/arch/arm/core/cortex_m/libarch__arm__core__cortex_m.a(cpu_idle.S.obj)
                0x00000000000032e0                arch_cpu_atomic_idle
 .text.z_arm_interrupt_init
                0x00000000000032f8       0x18 zephyr/arch/arch/arm/core/cortex_m/libarch__arm__core__cortex_m.a(irq_init.c.obj)
                0x00000000000032f8                z_arm_interrupt_init
 .text._isr_wrapper
                0x0000000000003310       0x28 zephyr/arch/arch/arm/core/cortex_m/libarch__arm__core__cortex_m.a(isr_wrapper.S.obj)
                0x0000000000003310                _isr_wrapper
 .text.z_arm_configure_static_mpu_regions
                0x0000000000003338       0x18 zephyr/arch/arch/arm/core/mpu/libarch__arm__core__mpu.a(arm_core_mpu.c.obj)
                0x0000000000003338                z_arm_configure_static_mpu_regions
 .text.z_arm_configure_dynamic_mpu_regions
                0x0000000000003350       0x20 zephyr/arch/arch/arm/core/mpu/libarch__arm__core__mpu.a(arm_core_mpu.c.obj)
                0x0000000000003350                z_arm_configure_dynamic_mpu_regions
 .text.region_allocate_and_init
                0x0000000000003370       0x54 zephyr/arch/arch/arm/core/mpu/libarch__arm__core__mpu.a(arm_mpu.c.obj)
 .text.mpu_configure_regions
                0x00000000000033c4       0x68 zephyr/arch/arch/arm/core/mpu/libarch__arm__core__mpu.a(arm_mpu.c.obj)
 .text.arm_core_mpu_enable
                0x000000000000342c       0x18 zephyr/arch/arch/arm/core/mpu/libarch__arm__core__mpu.a(arm_mpu.c.obj)
                0x000000000000342c                arm_core_mpu_enable
 .text.arm_core_mpu_disable
                0x0000000000003444       0x14 zephyr/arch/arch/arm/core/mpu/libarch__arm__core__mpu.a(arm_mpu.c.obj)
                0x0000000000003444                arm_core_mpu_disable
 .text.arm_core_mpu_configure_static_mpu_regions
                0x0000000000003458       0x14 zephyr/arch/arch/arm/core/mpu/libarch__arm__core__mpu.a(arm_mpu.c.obj)
                0x0000000000003458                arm_core_mpu_configure_static_mpu_regions
 .text.arm_core_mpu_configure_dynamic_mpu_regions
                0x000000000000346c       0x38 zephyr/arch/arch/arm/core/mpu/libarch__arm__core__mpu.a(arm_mpu.c.obj)
                0x000000000000346c                arm_core_mpu_configure_dynamic_mpu_regions
 .text.z_arm_mpu_init
                0x00000000000034a4      0x180 zephyr/arch/arch/arm/core/mpu/libarch__arm__core__mpu.a(arm_mpu.c.obj)
                0x00000000000034a4                z_arm_mpu_init
 .text.z_impl_zephyr_fputc
                0x0000000000003624       0x10 zephyr/lib/libc/picolibc/liblib__libc__picolibc.a(libc-hooks.c.obj)
                0x0000000000003624                z_impl_zephyr_fputc
 .text.__stdout_hook_install
                0x0000000000003634       0x18 zephyr/lib/libc/picolibc/liblib__libc__picolibc.a(libc-hooks.c.obj)
                0x0000000000003634                __stdout_hook_install
 .text.cbvprintf
                0x000000000000364c       0x38 zephyr/lib/libc/picolibc/liblib__libc__picolibc.a(libc-hooks.c.obj)
                0x000000000000364c                cbvprintf
 .text.malloc_prepare
                0x0000000000003684       0x24 zephyr/lib/libc/common/liblib__libc__common.a(malloc.c.obj)
 .text.nordicsemi_nrf52_init
                0x00000000000036a8       0x10 zephyr/soc/soc/nrf52832/libsoc__nordic.a(soc.c.obj)
 .text.arch_busy_wait
                0x00000000000036b8       0x14 zephyr/soc/soc/nrf52832/libsoc__nordic.a(soc.c.obj)
                0x00000000000036b8                arch_busy_wait
 .text.z_arm_platform_init
                0x00000000000036cc        0x4 zephyr/soc/soc/nrf52832/libsoc__nordic.a(soc_nrf_common.S.obj)
                0x00000000000036cc                z_arm_platform_init
 .text.pwr_ctrl_init
                0x00000000000036d0       0x40 zephyr/boards/nordic/thingy52/libboards__nordic__thingy52.a(board.c.obj)
 .text.xoshiro128_initialize
                0x0000000000003710       0x18 zephyr/subsys/random/libsubsys__random.a(rand32_xoshiro128.c.obj)
 .text.bt_hex   0x0000000000003728       0x44 zephyr/subsys/bluetooth/common/libsubsys__bluetooth__common.a(bt_str.c.obj)
                0x0000000000003728                bt_hex
 .text.bt_addr_le_str
                0x000000000000376c       0x7c zephyr/subsys/bluetooth/common/libsubsys__bluetooth__common.a(bt_str.c.obj)
                0x000000000000376c                bt_addr_le_str
 .text.bt_buf_get_rx
                0x00000000000037e8       0x20 zephyr/subsys/bluetooth/host/libsubsys__bluetooth__host.a(buf.c.obj)
                0x00000000000037e8                bt_buf_get_rx
 .text.bt_buf_get_evt
                0x0000000000003808       0x30 zephyr/subsys/bluetooth/host/libsubsys__bluetooth__host.a(buf.c.obj)
                0x0000000000003808                bt_buf_get_evt
 .text.hci_hardware_error
                0x0000000000003838       0x24 zephyr/subsys/bluetooth/host/libsubsys__bluetooth__host.a(hci_core.c.obj)
 .text.handle_event.part.0
                0x000000000000385c       0x48 zephyr/subsys/bluetooth/host/libsubsys__bluetooth__host.a(hci_core.c.obj)
 .text.handle_event
                0x00000000000038a4       0x50 zephyr/subsys/bluetooth/host/libsubsys__bluetooth__host.a(hci_core.c.obj)
 .text.hci_le_meta_event
                0x00000000000038f4       0x20 zephyr/subsys/bluetooth/host/libsubsys__bluetooth__host.a(hci_core.c.obj)
 .text.hci_cmd_done.part.0
                0x0000000000003914      0x170 zephyr/subsys/bluetooth/host/libsubsys__bluetooth__host.a(hci_core.c.obj)
 .text.hci_cmd_status
                0x0000000000003a84       0x30 zephyr/subsys/bluetooth/host/libsubsys__bluetooth__host.a(hci_core.c.obj)
 .text.hci_cmd_complete
                0x0000000000003ab4       0x50 zephyr/subsys/bluetooth/host/libsubsys__bluetooth__host.a(hci_core.c.obj)
 .text.bt_hci_cmd_state_set_init
                0x0000000000003b04       0x24 zephyr/subsys/bluetooth/host/libsubsys__bluetooth__host.a(hci_core.c.obj)
                0x0000000000003b04                bt_hci_cmd_state_set_init
 .text.bt_hci_cmd_create
                0x0000000000003b28       0x74 zephyr/subsys/bluetooth/host/libsubsys__bluetooth__host.a(hci_core.c.obj)
                0x0000000000003b28                bt_hci_cmd_create
 .text.bt_hci_cmd_send_sync
                0x0000000000003b9c       0xf0 zephyr/subsys/bluetooth/host/libsubsys__bluetooth__host.a(hci_core.c.obj)
                0x0000000000003b9c                bt_hci_cmd_send_sync
 .text.hci_init
                0x0000000000003c8c      0x3a4 zephyr/subsys/bluetooth/host/libsubsys__bluetooth__host.a(hci_core.c.obj)
 .text.bt_hci_le_rand
                0x0000000000004030       0x58 zephyr/subsys/bluetooth/host/libsubsys__bluetooth__host.a(hci_core.c.obj)
                0x0000000000004030                bt_hci_le_rand
 .text.bt_hci_get_ver_str
                0x0000000000004088       0x3c zephyr/subsys/bluetooth/host/libsubsys__bluetooth__host.a(hci_core.c.obj)
                0x0000000000004088                bt_hci_get_ver_str
 .text.bt_send  0x00000000000040c4       0x10 zephyr/subsys/bluetooth/host/libsubsys__bluetooth__host.a(hci_core.c.obj)
                0x00000000000040c4                bt_send
 .text.hci_tx_thread
                0x00000000000040d4      0x138 zephyr/subsys/bluetooth/host/libsubsys__bluetooth__host.a(hci_core.c.obj)
 .text.hci_event_prio
                0x000000000000420c       0xa8 zephyr/subsys/bluetooth/host/libsubsys__bluetooth__host.a(hci_core.c.obj)
                0x000000000000420c                hci_event_prio
 .text.bt_recv  0x00000000000042b4       0x90 zephyr/subsys/bluetooth/host/libsubsys__bluetooth__host.a(hci_core.c.obj)
                0x00000000000042b4                bt_recv
 .text.bt_recv_prio
                0x0000000000004344       0x3c zephyr/subsys/bluetooth/host/libsubsys__bluetooth__host.a(hci_core.c.obj)
                0x0000000000004344                bt_recv_prio
 .text.bt_hci_driver_register
                0x0000000000004380       0x28 zephyr/subsys/bluetooth/host/libsubsys__bluetooth__host.a(hci_core.c.obj)
                0x0000000000004380                bt_hci_driver_register
 .text.bt_finalize_init
                0x00000000000043a8      0x150 zephyr/subsys/bluetooth/host/libsubsys__bluetooth__host.a(hci_core.c.obj)
                0x00000000000043a8                bt_finalize_init
 .text.init_work
                0x00000000000044f8       0x24 zephyr/subsys/bluetooth/host/libsubsys__bluetooth__host.a(hci_core.c.obj)
 .text.bt_enable
                0x000000000000451c      0x100 zephyr/subsys/bluetooth/host/libsubsys__bluetooth__host.a(hci_core.c.obj)
                0x000000000000451c                bt_enable
 .text.bt_is_ready
                0x000000000000461c       0x18 zephyr/subsys/bluetooth/host/libsubsys__bluetooth__host.a(hci_core.c.obj)
                0x000000000000461c                bt_is_ready
 .text.bt_get_name
                0x0000000000004634        0x8 zephyr/subsys/bluetooth/host/libsubsys__bluetooth__host.a(hci_core.c.obj)
                0x0000000000004634                bt_get_name
 .text.id_find  0x000000000000463c       0x30 zephyr/subsys/bluetooth/host/libsubsys__bluetooth__host.a(id.c.obj)
 .text.set_random_address
                0x000000000000466c       0x58 zephyr/subsys/bluetooth/host/libsubsys__bluetooth__host.a(id.c.obj)
 .text.id_create.constprop.0
                0x00000000000046c4       0x74 zephyr/subsys/bluetooth/host/libsubsys__bluetooth__host.a(id.c.obj)
 .text.bt_id_create
                0x0000000000004738       0x9c zephyr/subsys/bluetooth/host/libsubsys__bluetooth__host.a(id.c.obj)
                0x0000000000004738                bt_id_create
 .text.bt_id_read_public_addr
                0x00000000000047d4       0x88 zephyr/subsys/bluetooth/host/libsubsys__bluetooth__host.a(id.c.obj)
                0x00000000000047d4                bt_id_read_public_addr
 .text.bt_setup_public_id_addr
                0x000000000000485c       0x20 zephyr/subsys/bluetooth/host/libsubsys__bluetooth__host.a(id.c.obj)
                0x000000000000485c                bt_setup_public_id_addr
 .text.bt_read_static_addr
                0x000000000000487c       0x94 zephyr/subsys/bluetooth/host/libsubsys__bluetooth__host.a(id.c.obj)
                0x000000000000487c                bt_read_static_addr
 .text.bt_setup_random_id_addr
                0x0000000000004910       0x60 zephyr/subsys/bluetooth/host/libsubsys__bluetooth__host.a(id.c.obj)
                0x0000000000004910                bt_setup_random_id_addr
 .text.bt_id_set_adv_own_addr
                0x0000000000004970       0xd4 zephyr/subsys/bluetooth/host/libsubsys__bluetooth__host.a(id.c.obj)
                0x0000000000004970                bt_id_set_adv_own_addr
 .text.bt_id_init
                0x0000000000004a44       0x54 zephyr/subsys/bluetooth/host/libsubsys__bluetooth__host.a(id.c.obj)
                0x0000000000004a44                bt_id_init
 .text.hci_set_ad
                0x0000000000004a98       0xd0 zephyr/subsys/bluetooth/host/libsubsys__bluetooth__host.a(adv.c.obj)
 .text.valid_adv_param
                0x0000000000004b68       0x84 zephyr/subsys/bluetooth/host/libsubsys__bluetooth__host.a(adv.c.obj)
 .text.bt_le_adv_start_legacy
                0x0000000000004bec      0x228 zephyr/subsys/bluetooth/host/libsubsys__bluetooth__host.a(adv.c.obj)
                0x0000000000004bec                bt_le_adv_start_legacy
 .text.bt_le_adv_start
                0x0000000000004e14       0x64 zephyr/subsys/bluetooth/host/libsubsys__bluetooth__host.a(adv.c.obj)
                0x0000000000004e14                bt_le_adv_start
 .text.bt_le_adv_stop
                0x0000000000004e78       0x38 zephyr/subsys/bluetooth/host/libsubsys__bluetooth__host.a(adv.c.obj)
                0x0000000000004e78                bt_le_adv_stop
 .text.adv_timeout
                0x0000000000004eb0       0x24 zephyr/subsys/bluetooth/host/libsubsys__bluetooth__host.a(adv.c.obj)
 .text.mayfly_init
                0x0000000000004ed4       0x4c zephyr/subsys/bluetooth/controller/libsubsys__bluetooth__controller.a(mayfly.c.obj)
                0x0000000000004ed4                mayfly_init
 .text.mayfly_enqueue
                0x0000000000004f20       0xa4 zephyr/subsys/bluetooth/controller/libsubsys__bluetooth__controller.a(mayfly.c.obj)
                0x0000000000004f20                mayfly_enqueue
 .text.mayfly_run
                0x0000000000004fc4      0x13c zephyr/subsys/bluetooth/controller/libsubsys__bluetooth__controller.a(mayfly.c.obj)
                0x0000000000004fc4                mayfly_run
 .text.ticker_remainder_inc
                0x0000000000005100       0x30 zephyr/subsys/bluetooth/controller/libsubsys__bluetooth__controller.a(ticker.c.obj)
 .text.start_us.constprop.0
                0x0000000000005130       0x94 zephyr/subsys/bluetooth/controller/libsubsys__bluetooth__controller.a(ticker.c.obj)
 .text.ticker_job
                0x00000000000051c4      0x824 zephyr/subsys/bluetooth/controller/libsubsys__bluetooth__controller.a(ticker.c.obj)
                0x00000000000051c4                ticker_job
 .text.ticker_init
                0x00000000000059e8       0x64 zephyr/subsys/bluetooth/controller/libsubsys__bluetooth__controller.a(ticker.c.obj)
                0x00000000000059e8                ticker_init
 .text.ticker_trigger
                0x0000000000005a4c       0x24 zephyr/subsys/bluetooth/controller/libsubsys__bluetooth__controller.a(ticker.c.obj)
                0x0000000000005a4c                ticker_trigger
 .text.ticker_update_ext
                0x0000000000005a70       0x94 zephyr/subsys/bluetooth/controller/libsubsys__bluetooth__controller.a(ticker.c.obj)
                0x0000000000005a70                ticker_update_ext
 .text.ticker_stop
                0x0000000000005b04       0x74 zephyr/subsys/bluetooth/controller/libsubsys__bluetooth__controller.a(ticker.c.obj)
                0x0000000000005b04                ticker_stop
 .text.ll_addr_set
                0x0000000000005b78       0x38 zephyr/subsys/bluetooth/controller/libsubsys__bluetooth__controller.a(ll_addr.c.obj)
                0x0000000000005b78                ll_addr_set
 .text.ll_addr_get
                0x0000000000005bb0       0x20 zephyr/subsys/bluetooth/controller/libsubsys__bluetooth__controller.a(ll_addr.c.obj)
                0x0000000000005bb0                ll_addr_get
 .text.perform_lll_reset
                0x0000000000005bd0       0x5c zephyr/subsys/bluetooth/controller/libsubsys__bluetooth__controller.a(ull.c.obj)
 .text.ull_ticker_status_give
                0x0000000000005c2c        0xc zephyr/subsys/bluetooth/controller/libsubsys__bluetooth__controller.a(ull.c.obj)
                0x0000000000005c2c                ull_ticker_status_give
 .text.ll_rx_get
                0x0000000000005c38       0x24 zephyr/subsys/bluetooth/controller/libsubsys__bluetooth__controller.a(ull.c.obj)
                0x0000000000005c38                ll_rx_get
 .text.ll_rx_link_release
                0x0000000000005c5c        0xc zephyr/subsys/bluetooth/controller/libsubsys__bluetooth__controller.a(ull.c.obj)
                0x0000000000005c5c                ll_rx_link_release
 .text.ll_rx_dequeue
                0x0000000000005c68       0x7c zephyr/subsys/bluetooth/controller/libsubsys__bluetooth__controller.a(ull.c.obj)
                0x0000000000005c68                ll_rx_dequeue
 .text.rx_replenish.constprop.0
                0x0000000000005ce4       0x74 zephyr/subsys/bluetooth/controller/libsubsys__bluetooth__controller.a(ull.c.obj)
 .text.ll_rx_release
                0x0000000000005d58        0xc zephyr/subsys/bluetooth/controller/libsubsys__bluetooth__controller.a(ull.c.obj)
                0x0000000000005d58                ll_rx_release
 .text.ll_rx_mem_release
                0x0000000000005d64       0xa0 zephyr/subsys/bluetooth/controller/libsubsys__bluetooth__controller.a(ull.c.obj)
                0x0000000000005d64                ll_rx_mem_release
 .text.ull_ticker_status_take
                0x0000000000005e04       0x24 zephyr/subsys/bluetooth/controller/libsubsys__bluetooth__controller.a(ull.c.obj)
                0x0000000000005e04                ull_ticker_status_take
 .text.ull_disable_mark
                0x0000000000005e28       0x10 zephyr/subsys/bluetooth/controller/libsubsys__bluetooth__controller.a(ull.c.obj)
                0x0000000000005e28                ull_disable_mark
 .text.ull_disable_unmark
                0x0000000000005e38       0x1c zephyr/subsys/bluetooth/controller/libsubsys__bluetooth__controller.a(ull.c.obj)
                0x0000000000005e38                ull_disable_unmark
 .text.ull_disable_mark_get
                0x0000000000005e54        0xc zephyr/subsys/bluetooth/controller/libsubsys__bluetooth__controller.a(ull.c.obj)
                0x0000000000005e54                ull_disable_mark_get
 .text.ull_disable
                0x0000000000005e60       0x78 zephyr/subsys/bluetooth/controller/libsubsys__bluetooth__controller.a(ull.c.obj)
                0x0000000000005e60                ull_disable
 .text.ull_pdu_rx_alloc_peek
                0x0000000000005ed8       0x34 zephyr/subsys/bluetooth/controller/libsubsys__bluetooth__controller.a(ull.c.obj)
                0x0000000000005ed8                ull_pdu_rx_alloc_peek
 .text.ull_rx_put
                0x0000000000005f0c        0xc zephyr/subsys/bluetooth/controller/libsubsys__bluetooth__controller.a(ull.c.obj)
                0x0000000000005f0c                ull_rx_put
 .text.ull_rx_sched
                0x0000000000005f18       0x10 zephyr/subsys/bluetooth/controller/libsubsys__bluetooth__controller.a(ull.c.obj)
                0x0000000000005f18                ull_rx_sched
 .text.ull_prepare_enqueue
                0x0000000000005f28       0x68 zephyr/subsys/bluetooth/controller/libsubsys__bluetooth__controller.a(ull.c.obj)
                0x0000000000005f28                ull_prepare_enqueue
 .text.ull_prepare_dequeue_get
                0x0000000000005f90       0x1c zephyr/subsys/bluetooth/controller/libsubsys__bluetooth__controller.a(ull.c.obj)
                0x0000000000005f90                ull_prepare_dequeue_get
 .text.ull_prepare_dequeue_iter
                0x0000000000005fac       0x38 zephyr/subsys/bluetooth/controller/libsubsys__bluetooth__controller.a(ull.c.obj)
                0x0000000000005fac                ull_prepare_dequeue_iter
 .text.ull_prepare_dequeue
                0x0000000000005fe4       0xdc zephyr/subsys/bluetooth/controller/libsubsys__bluetooth__controller.a(ull.c.obj)
                0x0000000000005fe4                ull_prepare_dequeue
 .text.ull_event_done
                0x00000000000060c0       0x40 zephyr/subsys/bluetooth/controller/libsubsys__bluetooth__controller.a(ull.c.obj)
                0x00000000000060c0                ull_event_done
 .text.init_reset
                0x0000000000006100       0xec zephyr/subsys/bluetooth/controller/libsubsys__bluetooth__controller.a(ull.c.obj)
 .text.ll_init  0x00000000000061ec       0xc0 zephyr/subsys/bluetooth/controller/libsubsys__bluetooth__controller.a(ull.c.obj)
                0x00000000000061ec                ll_init
 .text.ll_reset
                0x00000000000062ac       0xe0 zephyr/subsys/bluetooth/controller/libsubsys__bluetooth__controller.a(ull.c.obj)
                0x00000000000062ac                ll_reset
 .text.rx_demux
                0x000000000000638c      0x128 zephyr/subsys/bluetooth/controller/libsubsys__bluetooth__controller.a(ull.c.obj)
 .text.lll_resume
                0x00000000000064b4       0x4c zephyr/subsys/bluetooth/controller/libsubsys__bluetooth__controller.a(lll_common.c.obj)
                0x00000000000064b4                lll_resume
 .text.hci_driver_init
                0x0000000000006500       0x10 zephyr/subsys/bluetooth/controller/libsubsys__bluetooth__controller.a(hci_driver.c.obj)
 .text.hci_driver_send
                0x0000000000006510       0x68 zephyr/subsys/bluetooth/controller/libsubsys__bluetooth__controller.a(hci_driver.c.obj)
 .text.recv_thread
                0x0000000000006578       0xbc zephyr/subsys/bluetooth/controller/libsubsys__bluetooth__controller.a(hci_driver.c.obj)
 .text.prio_recv_thread
                0x0000000000006634       0x4c zephyr/subsys/bluetooth/controller/libsubsys__bluetooth__controller.a(hci_driver.c.obj)
 .text.hci_driver_close
                0x0000000000006680       0x20 zephyr/subsys/bluetooth/controller/libsubsys__bluetooth__controller.a(hci_driver.c.obj)
 .text.hci_driver_open.part.0
                0x00000000000066a0       0x8c zephyr/subsys/bluetooth/controller/libsubsys__bluetooth__controller.a(hci_driver.c.obj)
 .text.hci_driver_open
                0x000000000000672c       0x48 zephyr/subsys/bluetooth/controller/libsubsys__bluetooth__controller.a(hci_driver.c.obj)
 .text.hci_recv_fifo_reset
                0x0000000000006774       0x20 zephyr/subsys/bluetooth/controller/libsubsys__bluetooth__controller.a(hci_driver.c.obj)
                0x0000000000006774                hci_recv_fifo_reset
 .text.cmd_complete_status
                0x0000000000006794       0x24 zephyr/subsys/bluetooth/controller/libsubsys__bluetooth__controller.a(hci.c.obj)
 .text.hci_cmd_complete
                0x00000000000067b8       0x20 zephyr/subsys/bluetooth/controller/libsubsys__bluetooth__controller.a(hci.c.obj)
                0x00000000000067b8                hci_cmd_complete
 .text.hci_vendor_cmd_handle_common
                0x00000000000067d8      0x120 zephyr/subsys/bluetooth/controller/libsubsys__bluetooth__controller.a(hci.c.obj)
                0x00000000000067d8                hci_vendor_cmd_handle_common
 .text.hci_cmd_handle
                0x00000000000068f8      0x330 zephyr/subsys/bluetooth/controller/libsubsys__bluetooth__controller.a(hci.c.obj)
                0x00000000000068f8                hci_cmd_handle
 .text.hci_evt_encode
                0x0000000000006c28       0x30 zephyr/subsys/bluetooth/controller/libsubsys__bluetooth__controller.a(hci.c.obj)
                0x0000000000006c28                hci_evt_encode
 .text.ticker_update_op_cb
                0x0000000000006c58       0x38 zephyr/subsys/bluetooth/controller/libsubsys__bluetooth__controller.a(ull_adv.c.obj)
 .text.init_reset
                0x0000000000006c90       0x50 zephyr/subsys/bluetooth/controller/libsubsys__bluetooth__controller.a(ull_adv.c.obj)
 .text.ticker_cb
                0x0000000000006ce0       0xfc zephyr/subsys/bluetooth/controller/libsubsys__bluetooth__controller.a(ull_adv.c.obj)
 .text.ll_adv_params_set
                0x0000000000006ddc       0xd0 zephyr/subsys/bluetooth/controller/libsubsys__bluetooth__controller.a(ull_adv.c.obj)
                0x0000000000006ddc                ll_adv_params_set
 .text.ull_adv_reset_finalize
                0x0000000000006eac       0x20 zephyr/subsys/bluetooth/controller/libsubsys__bluetooth__controller.a(ull_adv.c.obj)
                0x0000000000006eac                ull_adv_reset_finalize
 .text.ull_adv_lll_handle_get
                0x0000000000006ecc       0x10 zephyr/subsys/bluetooth/controller/libsubsys__bluetooth__controller.a(ull_adv.c.obj)
                0x0000000000006ecc                ull_adv_lll_handle_get
 .text.ull_adv_is_enabled_get
                0x0000000000006edc       0x1c zephyr/subsys/bluetooth/controller/libsubsys__bluetooth__controller.a(ull_adv.c.obj)
                0x0000000000006edc                ull_adv_is_enabled_get
 .text.disable.constprop.0
                0x0000000000006ef8       0xe8 zephyr/subsys/bluetooth/controller/libsubsys__bluetooth__controller.a(ull_adv.c.obj)
 .text.ll_adv_data_set
                0x0000000000006fe0       0x10 zephyr/subsys/bluetooth/controller/libsubsys__bluetooth__controller.a(ull_adv.c.obj)
                0x0000000000006fe0                ll_adv_data_set
 .text.ll_adv_scan_rsp_set
                0x0000000000006ff0       0x10 zephyr/subsys/bluetooth/controller/libsubsys__bluetooth__controller.a(ull_adv.c.obj)
                0x0000000000006ff0                ll_adv_scan_rsp_set
 .text.rtc0_nrf5_isr
                0x0000000000007000       0x2c zephyr/subsys/bluetooth/controller/ll_sw/nordic/libsubsys__bluetooth__controller__ll_sw__nordic.a(lll.c.obj)
 .text.ticker_start_op_cb
                0x000000000000702c       0x9c zephyr/subsys/bluetooth/controller/ll_sw/nordic/libsubsys__bluetooth__controller__ll_sw__nordic.a(lll.c.obj)
 .text.ticker_stop_op_cb
                0x00000000000070c8       0x54 zephyr/subsys/bluetooth/controller/ll_sw/nordic/libsubsys__bluetooth__controller__ll_sw__nordic.a(lll.c.obj)
 .text.preempt_ticker_cb
                0x000000000000711c       0x78 zephyr/subsys/bluetooth/controller/ll_sw/nordic/libsubsys__bluetooth__controller__ll_sw__nordic.a(lll.c.obj)
 .text.preempt_ticker_start
                0x0000000000007194      0x17c zephyr/subsys/bluetooth/controller/ll_sw/nordic/libsubsys__bluetooth__controller__ll_sw__nordic.a(lll.c.obj)
 .text.preempt  0x0000000000007310      0x180 zephyr/subsys/bluetooth/controller/ll_sw/nordic/libsubsys__bluetooth__controller__ll_sw__nordic.a(lll.c.obj)
 .text.lll_init
                0x0000000000007490       0x60 zephyr/subsys/bluetooth/controller/ll_sw/nordic/libsubsys__bluetooth__controller__ll_sw__nordic.a(lll.c.obj)
                0x0000000000007490                lll_init
 .text.lll_csrand_get
                0x00000000000074f0       0x18 zephyr/subsys/bluetooth/controller/ll_sw/nordic/libsubsys__bluetooth__controller__ll_sw__nordic.a(lll.c.obj)
                0x00000000000074f0                lll_csrand_get
 .text.lll_csrand_isr_get
                0x0000000000007508       0x24 zephyr/subsys/bluetooth/controller/ll_sw/nordic/libsubsys__bluetooth__controller__ll_sw__nordic.a(lll.c.obj)
                0x0000000000007508                lll_csrand_isr_get
 .text.lll_disable
                0x000000000000752c       0x80 zephyr/subsys/bluetooth/controller/ll_sw/nordic/libsubsys__bluetooth__controller__ll_sw__nordic.a(lll.c.obj)
                0x000000000000752c                lll_disable
 .text.lll_done
                0x00000000000075ac       0x98 zephyr/subsys/bluetooth/controller/ll_sw/nordic/libsubsys__bluetooth__controller__ll_sw__nordic.a(lll.c.obj)
                0x00000000000075ac                lll_done
 .text.lll_chan_set
                0x0000000000007644       0x64 zephyr/subsys/bluetooth/controller/ll_sw/nordic/libsubsys__bluetooth__controller__ll_sw__nordic.a(lll.c.obj)
                0x0000000000007644                lll_chan_set
 .text.lll_isr_cleanup
                0x00000000000076a8       0x58 zephyr/subsys/bluetooth/controller/ll_sw/nordic/libsubsys__bluetooth__controller__ll_sw__nordic.a(lll.c.obj)
                0x00000000000076a8                lll_isr_cleanup
 .text.lll_prepare_resolve
                0x0000000000007700      0x11c zephyr/subsys/bluetooth/controller/ll_sw/nordic/libsubsys__bluetooth__controller__ll_sw__nordic.a(lll.c.obj)
                0x0000000000007700                lll_prepare_resolve
 .text.lll_clock_init
                0x000000000000781c       0x20 zephyr/subsys/bluetooth/controller/ll_sw/nordic/libsubsys__bluetooth__controller__ll_sw__nordic.a(lll_clock.c.obj)
                0x000000000000781c                lll_clock_init
 .text.lll_hfclock_on
                0x000000000000783c       0x2c zephyr/subsys/bluetooth/controller/ll_sw/nordic/libsubsys__bluetooth__controller__ll_sw__nordic.a(lll_clock.c.obj)
                0x000000000000783c                lll_hfclock_on
 .text.lll_hfclock_off
                0x0000000000007868       0x38 zephyr/subsys/bluetooth/controller/ll_sw/nordic/libsubsys__bluetooth__controller__ll_sw__nordic.a(lll_clock.c.obj)
                0x0000000000007868                lll_hfclock_off
 .text.isr_tx   0x00000000000078a0       0xac zephyr/subsys/bluetooth/controller/ll_sw/nordic/libsubsys__bluetooth__controller__ll_sw__nordic.a(lll_adv.c.obj)
 .text.abort_cb
                0x000000000000794c       0x50 zephyr/subsys/bluetooth/controller/ll_sw/nordic/libsubsys__bluetooth__controller__ll_sw__nordic.a(lll_adv.c.obj)
 .text.init_reset
                0x000000000000799c       0x30 zephyr/subsys/bluetooth/controller/ll_sw/nordic/libsubsys__bluetooth__controller__ll_sw__nordic.a(lll_adv.c.obj)
 .text.lll_adv_data_init
                0x00000000000079cc       0x20 zephyr/subsys/bluetooth/controller/ll_sw/nordic/libsubsys__bluetooth__controller__ll_sw__nordic.a(lll_adv.c.obj)
                0x00000000000079cc                lll_adv_data_init
 .text.lll_adv_pdu_alloc_pdu_adv
                0x00000000000079ec       0xc4 zephyr/subsys/bluetooth/controller/ll_sw/nordic/libsubsys__bluetooth__controller__ll_sw__nordic.a(lll_adv.c.obj)
                0x00000000000079ec                lll_adv_pdu_alloc_pdu_adv
 .text.lll_adv_pdu_latest_get
                0x0000000000007ab0       0x5c zephyr/subsys/bluetooth/controller/ll_sw/nordic/libsubsys__bluetooth__controller__ll_sw__nordic.a(lll_adv.c.obj)
                0x0000000000007ab0                lll_adv_pdu_latest_get
 .text.chan_prepare.isra.0
                0x0000000000007b0c      0x104 zephyr/subsys/bluetooth/controller/ll_sw/nordic/libsubsys__bluetooth__controller__ll_sw__nordic.a(lll_adv.c.obj)
 .text.lll_adv_prepare
                0x0000000000007c10       0x74 zephyr/subsys/bluetooth/controller/ll_sw/nordic/libsubsys__bluetooth__controller__ll_sw__nordic.a(lll_adv.c.obj)
                0x0000000000007c10                lll_adv_prepare
 .text.isr_rx   0x0000000000007c84       0xfc zephyr/subsys/bluetooth/controller/ll_sw/nordic/libsubsys__bluetooth__controller__ll_sw__nordic.a(lll_adv.c.obj)
 .text.cntr_init
                0x0000000000007d80       0x1c zephyr/subsys/bluetooth/controller/ll_sw/nordic/libsubsys__bluetooth__controller__ll_sw__nordic.a(cntr.c.obj)
                0x0000000000007d80                cntr_init
 .text.cntr_start
                0x0000000000007d9c       0x1c zephyr/subsys/bluetooth/controller/ll_sw/nordic/libsubsys__bluetooth__controller__ll_sw__nordic.a(cntr.c.obj)
                0x0000000000007d9c                cntr_start
 .text.cntr_stop
                0x0000000000007db8       0x48 zephyr/subsys/bluetooth/controller/ll_sw/nordic/libsubsys__bluetooth__controller__ll_sw__nordic.a(cntr.c.obj)
                0x0000000000007db8                cntr_stop
 .text.cntr_cnt_get
                0x0000000000007e00        0xc zephyr/subsys/bluetooth/controller/ll_sw/nordic/libsubsys__bluetooth__controller__ll_sw__nordic.a(cntr.c.obj)
                0x0000000000007e00                cntr_cnt_get
 .text.cntr_cmp_set
                0x0000000000007e0c       0x10 zephyr/subsys/bluetooth/controller/ll_sw/nordic/libsubsys__bluetooth__controller__ll_sw__nordic.a(cntr.c.obj)
                0x0000000000007e0c                cntr_cmp_set
 .text.do_ecb   0x0000000000007e1c       0x48 zephyr/subsys/bluetooth/controller/ll_sw/nordic/libsubsys__bluetooth__controller__ll_sw__nordic.a(ecb.c.obj)
 .text.nrf52_errata_106
                0x0000000000007e64       0x3c zephyr/subsys/bluetooth/controller/ll_sw/nordic/libsubsys__bluetooth__controller__ll_sw__nordic.a(radio.c.obj)
 .text.isr_radio
                0x0000000000007ea0       0x20 zephyr/subsys/bluetooth/controller/ll_sw/nordic/libsubsys__bluetooth__controller__ll_sw__nordic.a(radio.c.obj)
                0x0000000000007ea0                isr_radio
 .text.radio_isr_set
                0x0000000000007ec0       0x40 zephyr/subsys/bluetooth/controller/ll_sw/nordic/libsubsys__bluetooth__controller__ll_sw__nordic.a(radio.c.obj)
                0x0000000000007ec0                radio_isr_set
 .text.radio_reset
                0x0000000000007f00       0x84 zephyr/subsys/bluetooth/controller/ll_sw/nordic/libsubsys__bluetooth__controller__ll_sw__nordic.a(radio.c.obj)
                0x0000000000007f00                radio_reset
 .text.radio_phy_set
                0x0000000000007f84       0x1c zephyr/subsys/bluetooth/controller/ll_sw/nordic/libsubsys__bluetooth__controller__ll_sw__nordic.a(radio.c.obj)
                0x0000000000007f84                radio_phy_set
 .text.radio_tx_power_set
                0x0000000000007fa0        0xc zephyr/subsys/bluetooth/controller/ll_sw/nordic/libsubsys__bluetooth__controller__ll_sw__nordic.a(radio.c.obj)
                0x0000000000007fa0                radio_tx_power_set
 .text.radio_freq_chan_set
                0x0000000000007fac        0xc zephyr/subsys/bluetooth/controller/ll_sw/nordic/libsubsys__bluetooth__controller__ll_sw__nordic.a(radio.c.obj)
                0x0000000000007fac                radio_freq_chan_set
 .text.radio_whiten_iv_set
                0x0000000000007fb8       0x24 zephyr/subsys/bluetooth/controller/ll_sw/nordic/libsubsys__bluetooth__controller__ll_sw__nordic.a(radio.c.obj)
                0x0000000000007fb8                radio_whiten_iv_set
 .text.radio_aa_set
                0x0000000000007fdc       0x30 zephyr/subsys/bluetooth/controller/ll_sw/nordic/libsubsys__bluetooth__controller__ll_sw__nordic.a(radio.c.obj)
                0x0000000000007fdc                radio_aa_set
 .text.radio_pkt_configure
                0x000000000000800c       0x54 zephyr/subsys/bluetooth/controller/ll_sw/nordic/libsubsys__bluetooth__controller__ll_sw__nordic.a(radio.c.obj)
                0x000000000000800c                radio_pkt_configure
 .text.radio_pkt_rx_set
                0x0000000000008060        0xc zephyr/subsys/bluetooth/controller/ll_sw/nordic/libsubsys__bluetooth__controller__ll_sw__nordic.a(radio.c.obj)
                0x0000000000008060                radio_pkt_rx_set
 .text.radio_pkt_tx_set
                0x000000000000806c        0xc zephyr/subsys/bluetooth/controller/ll_sw/nordic/libsubsys__bluetooth__controller__ll_sw__nordic.a(radio.c.obj)
                0x000000000000806c                radio_pkt_tx_set
 .text.radio_tx_enable
                0x0000000000008078        0xc zephyr/subsys/bluetooth/controller/ll_sw/nordic/libsubsys__bluetooth__controller__ll_sw__nordic.a(radio.c.obj)
                0x0000000000008078                radio_tx_enable
 .text.radio_disable
                0x0000000000008084       0x24 zephyr/subsys/bluetooth/controller/ll_sw/nordic/libsubsys__bluetooth__controller__ll_sw__nordic.a(radio.c.obj)
                0x0000000000008084                radio_disable
 .text.radio_status_reset
                0x00000000000080a8       0x24 zephyr/subsys/bluetooth/controller/ll_sw/nordic/libsubsys__bluetooth__controller__ll_sw__nordic.a(radio.c.obj)
                0x00000000000080a8                radio_status_reset
 .text.radio_is_ready
                0x00000000000080cc       0x14 zephyr/subsys/bluetooth/controller/ll_sw/nordic/libsubsys__bluetooth__controller__ll_sw__nordic.a(radio.c.obj)
                0x00000000000080cc                radio_is_ready
 .text.radio_is_done
                0x00000000000080e0       0x14 zephyr/subsys/bluetooth/controller/ll_sw/nordic/libsubsys__bluetooth__controller__ll_sw__nordic.a(radio.c.obj)
                0x00000000000080e0                radio_is_done
 .text.radio_is_idle
                0x00000000000080f4       0x14 zephyr/subsys/bluetooth/controller/ll_sw/nordic/libsubsys__bluetooth__controller__ll_sw__nordic.a(radio.c.obj)
                0x00000000000080f4                radio_is_idle
 .text.radio_crc_configure
                0x0000000000008108       0x18 zephyr/subsys/bluetooth/controller/ll_sw/nordic/libsubsys__bluetooth__controller__ll_sw__nordic.a(radio.c.obj)
                0x0000000000008108                radio_crc_configure
 .text.radio_crc_is_valid
                0x0000000000008120       0x14 zephyr/subsys/bluetooth/controller/ll_sw/nordic/libsubsys__bluetooth__controller__ll_sw__nordic.a(radio.c.obj)
                0x0000000000008120                radio_crc_is_valid
 .text.sw_switch
                0x0000000000008134      0x134 zephyr/subsys/bluetooth/controller/ll_sw/nordic/libsubsys__bluetooth__controller__ll_sw__nordic.a(radio.c.obj)
                0x0000000000008134                sw_switch
 .text.radio_switch_complete_and_rx
                0x0000000000008268       0x28 zephyr/subsys/bluetooth/controller/ll_sw/nordic/libsubsys__bluetooth__controller__ll_sw__nordic.a(radio.c.obj)
                0x0000000000008268                radio_switch_complete_and_rx
 .text.radio_switch_complete_and_tx
                0x0000000000008290       0x28 zephyr/subsys/bluetooth/controller/ll_sw/nordic/libsubsys__bluetooth__controller__ll_sw__nordic.a(radio.c.obj)
                0x0000000000008290                radio_switch_complete_and_tx
 .text.radio_switch_complete_and_b2b_tx_disable
                0x00000000000082b8       0x1c zephyr/subsys/bluetooth/controller/ll_sw/nordic/libsubsys__bluetooth__controller__ll_sw__nordic.a(radio.c.obj)
                0x00000000000082b8                radio_switch_complete_and_b2b_tx_disable
 .text.radio_rssi_status_reset
                0x00000000000082d4       0x14 zephyr/subsys/bluetooth/controller/ll_sw/nordic/libsubsys__bluetooth__controller__ll_sw__nordic.a(radio.c.obj)
                0x00000000000082d4                radio_rssi_status_reset
 .text.radio_rssi_is_ready
                0x00000000000082e8       0x14 zephyr/subsys/bluetooth/controller/ll_sw/nordic/libsubsys__bluetooth__controller__ll_sw__nordic.a(radio.c.obj)
                0x00000000000082e8                radio_rssi_is_ready
 .text.radio_filter_disable
                0x00000000000082fc       0x14 zephyr/subsys/bluetooth/controller/ll_sw/nordic/libsubsys__bluetooth__controller__ll_sw__nordic.a(radio.c.obj)
                0x00000000000082fc                radio_filter_disable
 .text.radio_filter_status_reset
                0x0000000000008310       0x14 zephyr/subsys/bluetooth/controller/ll_sw/nordic/libsubsys__bluetooth__controller__ll_sw__nordic.a(radio.c.obj)
                0x0000000000008310                radio_filter_status_reset
 .text.radio_filter_has_match
                0x0000000000008324       0x14 zephyr/subsys/bluetooth/controller/ll_sw/nordic/libsubsys__bluetooth__controller__ll_sw__nordic.a(radio.c.obj)
                0x0000000000008324                radio_filter_has_match
 .text.radio_filter_match_get
                0x0000000000008338        0xc zephyr/subsys/bluetooth/controller/ll_sw/nordic/libsubsys__bluetooth__controller__ll_sw__nordic.a(radio.c.obj)
                0x0000000000008338                radio_filter_match_get
 .text.radio_tmr_status_reset
                0x0000000000008344       0x20 zephyr/subsys/bluetooth/controller/ll_sw/nordic/libsubsys__bluetooth__controller__ll_sw__nordic.a(radio.c.obj)
                0x0000000000008344                radio_tmr_status_reset
 .text.radio_tmr_tifs_set
                0x0000000000008364       0x18 zephyr/subsys/bluetooth/controller/ll_sw/nordic/libsubsys__bluetooth__controller__ll_sw__nordic.a(radio.c.obj)
                0x0000000000008364                radio_tmr_tifs_set
 .text.radio_tmr_start
                0x000000000000837c       0xf0 zephyr/subsys/bluetooth/controller/ll_sw/nordic/libsubsys__bluetooth__controller__ll_sw__nordic.a(radio.c.obj)
                0x000000000000837c                radio_tmr_start
 .text.radio_tmr_stop
                0x000000000000846c       0x18 zephyr/subsys/bluetooth/controller/ll_sw/nordic/libsubsys__bluetooth__controller__ll_sw__nordic.a(radio.c.obj)
                0x000000000000846c                radio_tmr_stop
 .text.radio_tmr_hcto_configure
                0x0000000000008484       0x18 zephyr/subsys/bluetooth/controller/ll_sw/nordic/libsubsys__bluetooth__controller__ll_sw__nordic.a(radio.c.obj)
                0x0000000000008484                radio_tmr_hcto_configure
 .text.radio_tmr_end_capture
                0x000000000000849c       0x10 zephyr/subsys/bluetooth/controller/ll_sw/nordic/libsubsys__bluetooth__controller__ll_sw__nordic.a(radio.c.obj)
                0x000000000000849c                radio_tmr_end_capture
 .text.radio_tmr_tifs_base_get
                0x00000000000084ac        0xc zephyr/subsys/bluetooth/controller/ll_sw/nordic/libsubsys__bluetooth__controller__ll_sw__nordic.a(radio.c.obj)
                0x00000000000084ac                radio_tmr_tifs_base_get
 .text.mayfly_enable_cb
                0x00000000000084b8       0x44 zephyr/subsys/bluetooth/controller/ll_sw/nordic/libsubsys__bluetooth__controller__ll_sw__nordic.a(mayfly.c.obj)
                0x00000000000084b8                mayfly_enable_cb
 .text.mayfly_is_enabled
                0x00000000000084fc       0x40 zephyr/subsys/bluetooth/controller/ll_sw/nordic/libsubsys__bluetooth__controller__ll_sw__nordic.a(mayfly.c.obj)
                0x00000000000084fc                mayfly_is_enabled
 .text.mayfly_pend
                0x000000000000853c       0x4c zephyr/subsys/bluetooth/controller/ll_sw/nordic/libsubsys__bluetooth__controller__ll_sw__nordic.a(mayfly.c.obj)
                0x000000000000853c                mayfly_pend
 .text.hal_ticker_instance0_caller_id_get
                0x0000000000008588       0x58 zephyr/subsys/bluetooth/controller/ll_sw/nordic/libsubsys__bluetooth__controller__ll_sw__nordic.a(ticker.c.obj)
                0x0000000000008588                hal_ticker_instance0_caller_id_get
 .text.hal_ticker_instance0_sched
                0x00000000000085e0       0xc0 zephyr/subsys/bluetooth/controller/ll_sw/nordic/libsubsys__bluetooth__controller__ll_sw__nordic.a(ticker.c.obj)
                0x00000000000085e0                hal_ticker_instance0_sched
 .text.net_buf_destroy
                0x00000000000086a0       0x38 zephyr/subsys/net/libsubsys__net.a(buf.c.obj)
 .text.net_buf_id
                0x00000000000086d8       0x20 zephyr/subsys/net/libsubsys__net.a(buf.c.obj)
                0x00000000000086d8                net_buf_id
 .text.fixed_data_alloc
                0x00000000000086f8       0x24 zephyr/subsys/net/libsubsys__net.a(buf.c.obj)
 .text.net_buf_alloc_len
                0x000000000000871c       0xf4 zephyr/subsys/net/libsubsys__net.a(buf.c.obj)
                0x000000000000871c                net_buf_alloc_len
 .text.net_buf_unref
                0x0000000000008810       0x38 zephyr/subsys/net/libsubsys__net.a(buf.c.obj)
                0x0000000000008810                net_buf_unref
 .text.onoff_stop
                0x0000000000008848       0x30 zephyr/drivers/clock_control/libdrivers__clock_control.a(clock_control_nrf.c.obj)
 .text.onoff_start
                0x0000000000008878       0x44 zephyr/drivers/clock_control/libdrivers__clock_control.a(clock_control_nrf.c.obj)
 .text.generic_hfclk_stop
                0x00000000000088bc       0x34 zephyr/drivers/clock_control/libdrivers__clock_control.a(clock_control_nrf.c.obj)
 .text.clk_init
                0x00000000000088f0       0x58 zephyr/drivers/clock_control/libdrivers__clock_control.a(clock_control_nrf.c.obj)
 .text.clkstarted_handle.constprop.0
                0x0000000000008948       0x34 zephyr/drivers/clock_control/libdrivers__clock_control.a(clock_control_nrf.c.obj)
 .text.clock_event_handler
                0x000000000000897c       0x1c zephyr/drivers/clock_control/libdrivers__clock_control.a(clock_control_nrf.c.obj)
 .text.generic_hfclk_start
                0x0000000000008998       0x64 zephyr/drivers/clock_control/libdrivers__clock_control.a(clock_control_nrf.c.obj)
 .text.api_blocking_start
                0x00000000000089fc       0x3c zephyr/drivers/clock_control/libdrivers__clock_control.a(clock_control_nrf.c.obj)
 .text.lfclk_start
                0x0000000000008a38       0x24 zephyr/drivers/clock_control/libdrivers__clock_control.a(clock_control_nrf.c.obj)
 .text.z_nrf_clock_control_get_onoff
                0x0000000000008a5c       0x10 zephyr/drivers/clock_control/libdrivers__clock_control.a(clock_control_nrf.c.obj)
                0x0000000000008a5c                z_nrf_clock_control_get_onoff
 .text.z_nrf_clock_bt_ctlr_hf_request
                0x0000000000008a6c       0x2c zephyr/drivers/clock_control/libdrivers__clock_control.a(clock_control_nrf.c.obj)
                0x0000000000008a6c                z_nrf_clock_bt_ctlr_hf_request
 .text.z_nrf_clock_bt_ctlr_hf_release
                0x0000000000008a98       0x34 zephyr/drivers/clock_control/libdrivers__clock_control.a(clock_control_nrf.c.obj)
                0x0000000000008a98                z_nrf_clock_bt_ctlr_hf_release
 .text.z_nrf_clock_control_lf_on
                0x0000000000008acc       0xfc zephyr/drivers/clock_control/libdrivers__clock_control.a(clock_control_nrf.c.obj)
                0x0000000000008acc                z_nrf_clock_control_lf_on
 .text.uart_console_init
                0x0000000000008bc8       0x28 zephyr/drivers/console/libdrivers__console.a(uart_console.c.obj)
 .text.console_out
                0x0000000000008bf0       0x28 zephyr/drivers/console/libdrivers__console.a(uart_console.c.obj)
 .text.random_byte_get
                0x0000000000008c18       0x3c zephyr/drivers/entropy/libdrivers__entropy.a(entropy_nrf5.c.obj)
 .text.rng_pool_get
                0x0000000000008c54       0x8c zephyr/drivers/entropy/libdrivers__entropy.a(entropy_nrf5.c.obj)
 .text.entropy_nrf5_get_entropy_isr
                0x0000000000008ce0       0xac zephyr/drivers/entropy/libdrivers__entropy.a(entropy_nrf5.c.obj)
 .text.entropy_nrf5_get_entropy
                0x0000000000008d8c       0x58 zephyr/drivers/entropy/libdrivers__entropy.a(entropy_nrf5.c.obj)
 .text.entropy_nrf5_init
                0x0000000000008de4       0x70 zephyr/drivers/entropy/libdrivers__entropy.a(entropy_nrf5.c.obj)
 .text.isr      0x0000000000008e54       0x74 zephyr/drivers/entropy/libdrivers__entropy.a(entropy_nrf5.c.obj)
 .text.gpio_nrfx_init
                0x0000000000008ec8       0x48 zephyr/drivers/gpio/libdrivers__gpio.a(gpio_nrfx.c.obj)
 .text.nrfx_gpio_handler
                0x0000000000008f10       0x3c zephyr/drivers/gpio/libdrivers__gpio.a(gpio_nrfx.c.obj)
 .text.gpio_nrfx_pin_configure
                0x0000000000008f4c      0x180 zephyr/drivers/gpio/libdrivers__gpio.a(gpio_nrfx.c.obj)
 .text.gpio_nrfx_pin_interrupt_configure
                0x00000000000090cc       0xf4 zephyr/drivers/gpio/libdrivers__gpio.a(gpio_nrfx.c.obj)
 .text.sx1509b_init
                0x00000000000091c0      0x174 zephyr/drivers/gpio/libdrivers__gpio.a(gpio_sx1509b.c.obj)
 .text.i2c_nrfx_twim_configure
                0x0000000000009334       0x44 zephyr/drivers/i2c/libdrivers__i2c.a(i2c_nrfx_twim.c.obj)
 .text.i2c_nrfx_twim_init
                0x0000000000009378       0x7c zephyr/drivers/i2c/libdrivers__i2c.a(i2c_nrfx_twim.c.obj)
 .text.i2c_nrfx_twim_recover_bus
                0x00000000000093f4       0x3c zephyr/drivers/i2c/libdrivers__i2c.a(i2c_nrfx_twim.c.obj)
 .text.event_handler
                0x0000000000009430       0x34 zephyr/drivers/i2c/libdrivers__i2c.a(i2c_nrfx_twim.c.obj)
 .text.i2c_nrfx_twim_transfer
                0x0000000000009464      0x1d8 zephyr/drivers/i2c/libdrivers__i2c.a(i2c_nrfx_twim.c.obj)
 .text.pinctrl_configure_pins
                0x000000000000963c      0x114 zephyr/drivers/pinctrl/libdrivers__pinctrl.a(pinctrl_nrf.c.obj)
                0x000000000000963c                pinctrl_configure_pins
 .text.regulator_delay
                0x0000000000009750       0x2c zephyr/drivers/regulator/libdrivers__regulator.a(regulator_common.c.obj)
 .text.regulator_fixed_init
                0x000000000000977c       0x94 zephyr/drivers/regulator/libdrivers__regulator.a(regulator_fixed.c.obj)
 .text.ccs811_channel_get
                0x0000000000009810       0x4c zephyr/drivers/sensor/ccs811/libdrivers__sensor__ccs811.a(ccs811.c.obj)
 .text.fetch_status.isra.0
                0x000000000000985c       0x58 zephyr/drivers/sensor/ccs811/libdrivers__sensor__ccs811.a(ccs811.c.obj)
 .text.ccs811_init
                0x00000000000098b4      0x1f4 zephyr/drivers/sensor/ccs811/libdrivers__sensor__ccs811.a(ccs811.c.obj)
 .text.ccs811_configver_fetch
                0x0000000000009aa8       0xc0 zephyr/drivers/sensor/ccs811/libdrivers__sensor__ccs811.a(ccs811.c.obj)
                0x0000000000009aa8                ccs811_configver_fetch
 .text.hts221_channel_get
                0x0000000000009b68       0x90 zephyr/drivers/sensor/hts221/libdrivers__sensor__hts221.a(hts221.c.obj)
 .text.hts221_sample_fetch
                0x0000000000009bf8       0x3c zephyr/drivers/sensor/hts221/libdrivers__sensor__hts221.a(hts221.c.obj)
 .text.hts221_init
                0x0000000000009c34      0x100 zephyr/drivers/sensor/hts221/libdrivers__sensor__hts221.a(hts221.c.obj)
                0x0000000000009c34                hts221_init
 .text.hts221_init_interrupt
                0x0000000000009d34      0x138 zephyr/drivers/sensor/hts221/libdrivers__sensor__hts221.a(hts221_trigger.c.obj)
                0x0000000000009d34                hts221_init_interrupt
 .text.lis2dh_channel_get
                0x0000000000009e6c       0x54 zephyr/drivers/sensor/lis2dh/libdrivers__sensor__lis2dh.a(lis2dh.c.obj)
 .text.lis2dh_fetch_xyz.constprop.0
                0x0000000000009ec0       0x38 zephyr/drivers/sensor/lis2dh/libdrivers__sensor__lis2dh.a(lis2dh.c.obj)
 .text.lis2dh_sample_fetch
                0x0000000000009ef8       0x34 zephyr/drivers/sensor/lis2dh/libdrivers__sensor__lis2dh.a(lis2dh.c.obj)
 .text.lis2dh_attr_set.part.0
                0x0000000000009f2c       0x1c zephyr/drivers/sensor/lis2dh/libdrivers__sensor__lis2dh.a(lis2dh.c.obj)
 .text.lis2dh_init
                0x0000000000009f48      0x130 zephyr/drivers/sensor/lis2dh/libdrivers__sensor__lis2dh.a(lis2dh.c.obj)
                0x0000000000009f48                lis2dh_init
 .text.lis2dh_i2c_init
                0x000000000000a078       0x34 zephyr/drivers/sensor/lis2dh/libdrivers__sensor__lis2dh.a(lis2dh_i2c.c.obj)
                0x000000000000a078                lis2dh_i2c_init
 .text.lps22hb_channel_get
                0x000000000000a0ac       0x54 zephyr/drivers/sensor/lps22hb/libdrivers__sensor__lps22hb.a(lps22hb.c.obj)
 .text.lps22hb_init.part.0
                0x000000000000a100       0x1c zephyr/drivers/sensor/lps22hb/libdrivers__sensor__lps22hb.a(lps22hb.c.obj)
 .text.hfclk_on_callback
                0x000000000000a11c        0xc zephyr/drivers/sensor/nrf5/libdrivers__sensor__nrf5.a(temp_nrf5.c.obj)
 .text.temp_nrf5_channel_get
                0x000000000000a128       0x2c zephyr/drivers/sensor/nrf5/libdrivers__sensor__nrf5.a(temp_nrf5.c.obj)
 .text.temp_nrf5_isr
                0x000000000000a154       0x18 zephyr/drivers/sensor/nrf5/libdrivers__sensor__nrf5.a(temp_nrf5.c.obj)
 .text.temp_nrf5_sample_fetch
                0x000000000000a16c       0x78 zephyr/drivers/sensor/nrf5/libdrivers__sensor__nrf5.a(temp_nrf5.c.obj)
 .text.temp_nrf5_init
                0x000000000000a1e4       0x40 zephyr/drivers/sensor/nrf5/libdrivers__sensor__nrf5.a(temp_nrf5.c.obj)
 .text.uarte_0_init
                0x000000000000a224      0x240 zephyr/drivers/serial/libdrivers__serial.a(uart_nrfx_uarte.c.obj)
 .text.uarte_nrfx_poll_out
                0x000000000000a464       0xcc zephyr/drivers/serial/libdrivers__serial.a(uart_nrfx_uarte.c.obj)
 .text.compare_int_lock
                0x000000000000a530       0x48 zephyr/drivers/timer/libdrivers__timer.a(nrf_rtc_timer.c.obj)
 .text.sys_clock_timeout_handler
                0x000000000000a578       0x48 zephyr/drivers/timer/libdrivers__timer.a(nrf_rtc_timer.c.obj)
 .text.compare_int_unlock
                0x000000000000a5c0       0x5c zephyr/drivers/timer/libdrivers__timer.a(nrf_rtc_timer.c.obj)
 .text.z_nrf_rtc_timer_read
                0x000000000000a61c       0x44 zephyr/drivers/timer/libdrivers__timer.a(nrf_rtc_timer.c.obj)
                0x000000000000a61c                z_nrf_rtc_timer_read
 .text.compare_set
                0x000000000000a660      0x130 zephyr/drivers/timer/libdrivers__timer.a(nrf_rtc_timer.c.obj)
 .text.sys_clock_driver_init
                0x000000000000a790       0x90 zephyr/drivers/timer/libdrivers__timer.a(nrf_rtc_timer.c.obj)
 .text.rtc_nrf_isr
                0x000000000000a820       0xd4 zephyr/drivers/timer/libdrivers__timer.a(nrf_rtc_timer.c.obj)
                0x000000000000a820                rtc_nrf_isr
 .text.sys_clock_set_timeout
                0x000000000000a8f4       0x5c zephyr/drivers/timer/libdrivers__timer.a(nrf_rtc_timer.c.obj)
                0x000000000000a8f4                sys_clock_set_timeout
 .text.sys_clock_elapsed
                0x000000000000a950       0x14 zephyr/drivers/timer/libdrivers__timer.a(nrf_rtc_timer.c.obj)
                0x000000000000a950                sys_clock_elapsed
 .text.nrf52_errata_16
                0x000000000000a964       0x28 modules/hal_nordic/nrfx/libmodules__hal_nordic__nrfx.a(system_nrf52.c.obj)
 .text.SystemInit
                0x000000000000a98c      0x218 modules/hal_nordic/nrfx/libmodules__hal_nordic__nrfx.a(system_nrf52.c.obj)
                0x000000000000a98c                SystemInit
 .text.nrfx_flag32_alloc
                0x000000000000aba4       0x48 modules/hal_nordic/nrfx/libmodules__hal_nordic__nrfx.a(nrfx_flag32_allocator.c.obj)
                0x000000000000aba4                nrfx_flag32_alloc
 .text.nrfx_flag32_free
                0x000000000000abec       0x40 modules/hal_nordic/nrfx/libmodules__hal_nordic__nrfx.a(nrfx_flag32_allocator.c.obj)
                0x000000000000abec                nrfx_flag32_free
 .text.nrfx_gppi_channels_enable
                0x000000000000ac2c        0xc modules/hal_nordic/nrfx/libmodules__hal_nordic__nrfx.a(nrfx_gppi_ppi.c.obj)
                0x000000000000ac2c                nrfx_gppi_channels_enable
 .text.clock_stop
                0x000000000000ac38       0xc4 modules/hal_nordic/nrfx/libmodules__hal_nordic__nrfx.a(nrfx_clock.c.obj)
 .text.nrfx_clock_init
                0x000000000000acfc       0x20 modules/hal_nordic/nrfx/libmodules__hal_nordic__nrfx.a(nrfx_clock.c.obj)
                0x000000000000acfc                nrfx_clock_init
 .text.nrfx_clock_enable
                0x000000000000ad1c       0x24 modules/hal_nordic/nrfx/libmodules__hal_nordic__nrfx.a(nrfx_clock.c.obj)
                0x000000000000ad1c                nrfx_clock_enable
 .text.nrfx_clock_start
                0x000000000000ad40       0xec modules/hal_nordic/nrfx/libmodules__hal_nordic__nrfx.a(nrfx_clock.c.obj)
                0x000000000000ad40                nrfx_clock_start
 .text.nrfx_power_clock_irq_handler
                0x000000000000ae2c       0x68 modules/hal_nordic/nrfx/libmodules__hal_nordic__nrfx.a(nrfx_clock.c.obj)
                0x000000000000ae2c                nrfx_power_clock_irq_handler
 .text.call_handler.constprop.0
                0x000000000000ae94       0x3c modules/hal_nordic/nrfx/libmodules__hal_nordic__nrfx.a(nrfx_gpiote.c.obj)
 .text.release_handler.isra.0
                0x000000000000aed0       0x54 modules/hal_nordic/nrfx/libmodules__hal_nordic__nrfx.a(nrfx_gpiote.c.obj)
 .text.__nrfy_internal_gpiote_events_process.constprop.0
                0x000000000000af24       0x5c modules/hal_nordic/nrfx/libmodules__hal_nordic__nrfx.a(nrfx_gpiote.c.obj)
 .text.pin_trigger_disable
                0x000000000000af80       0x40 modules/hal_nordic/nrfx/libmodules__hal_nordic__nrfx.a(nrfx_gpiote.c.obj)
 .text.pin_uninit
                0x000000000000afc0       0x74 modules/hal_nordic/nrfx/libmodules__hal_nordic__nrfx.a(nrfx_gpiote.c.obj)
 .text.nrfx_gpiote_input_configure
                0x000000000000b034      0x160 modules/hal_nordic/nrfx/libmodules__hal_nordic__nrfx.a(nrfx_gpiote.c.obj)
                0x000000000000b034                nrfx_gpiote_input_configure
 .text.nrfx_gpiote_output_configure
                0x000000000000b194       0xec modules/hal_nordic/nrfx/libmodules__hal_nordic__nrfx.a(nrfx_gpiote.c.obj)
                0x000000000000b194                nrfx_gpiote_output_configure
 .text.nrfx_gpiote_global_callback_set
                0x000000000000b280        0xc modules/hal_nordic/nrfx/libmodules__hal_nordic__nrfx.a(nrfx_gpiote.c.obj)
                0x000000000000b280                nrfx_gpiote_global_callback_set
 .text.nrfx_gpiote_channel_get
                0x000000000000b28c       0x24 modules/hal_nordic/nrfx/libmodules__hal_nordic__nrfx.a(nrfx_gpiote.c.obj)
                0x000000000000b28c                nrfx_gpiote_channel_get
 .text.nrfx_gpiote_init
                0x000000000000b2b0       0x70 modules/hal_nordic/nrfx/libmodules__hal_nordic__nrfx.a(nrfx_gpiote.c.obj)
                0x000000000000b2b0                nrfx_gpiote_init
 .text.nrfx_gpiote_init_check
                0x000000000000b320       0x14 modules/hal_nordic/nrfx/libmodules__hal_nordic__nrfx.a(nrfx_gpiote.c.obj)
                0x000000000000b320                nrfx_gpiote_init_check
 .text.nrfx_gpiote_channel_free
                0x000000000000b334        0xc modules/hal_nordic/nrfx/libmodules__hal_nordic__nrfx.a(nrfx_gpiote.c.obj)
                0x000000000000b334                nrfx_gpiote_channel_free
 .text.nrfx_gpiote_channel_alloc
                0x000000000000b340        0xc modules/hal_nordic/nrfx/libmodules__hal_nordic__nrfx.a(nrfx_gpiote.c.obj)
                0x000000000000b340                nrfx_gpiote_channel_alloc
 .text.nrfx_gpiote_trigger_enable
                0x000000000000b34c       0x84 modules/hal_nordic/nrfx/libmodules__hal_nordic__nrfx.a(nrfx_gpiote.c.obj)
                0x000000000000b34c                nrfx_gpiote_trigger_enable
 .text.nrfx_gpiote_0_irq_handler
                0x000000000000b3d0      0x160 modules/hal_nordic/nrfx/libmodules__hal_nordic__nrfx.a(nrfx_gpiote.c.obj)
                0x000000000000b3d0                nrfx_gpiote_0_irq_handler
 .text.nrfx_ppi_channel_alloc
                0x000000000000b530        0xc modules/hal_nordic/nrfx/libmodules__hal_nordic__nrfx.a(nrfx_ppi.c.obj)
                0x000000000000b530                nrfx_ppi_channel_alloc
 .text.twim_configure
                0x000000000000b53c       0x3c modules/hal_nordic/nrfx/libmodules__hal_nordic__nrfx.a(nrfx_twim.c.obj)
 .text.irq_handler
                0x000000000000b578      0x1dc modules/hal_nordic/nrfx/libmodules__hal_nordic__nrfx.a(nrfx_twim.c.obj)
 .text.nrfx_twim_init
                0x000000000000b754       0xc4 modules/hal_nordic/nrfx/libmodules__hal_nordic__nrfx.a(nrfx_twim.c.obj)
                0x000000000000b754                nrfx_twim_init
 .text.nrfx_twim_enable
                0x000000000000b818       0x20 modules/hal_nordic/nrfx/libmodules__hal_nordic__nrfx.a(nrfx_twim.c.obj)
                0x000000000000b818                nrfx_twim_enable
 .text.nrfx_twim_disable
                0x000000000000b838       0x3c modules/hal_nordic/nrfx/libmodules__hal_nordic__nrfx.a(nrfx_twim.c.obj)
                0x000000000000b838                nrfx_twim_disable
 .text.nrfx_twim_xfer
                0x000000000000b874      0x388 modules/hal_nordic/nrfx/libmodules__hal_nordic__nrfx.a(nrfx_twim.c.obj)
                0x000000000000b874                nrfx_twim_xfer
 .text.nrfx_twim_0_irq_handler
                0x000000000000bbfc       0x10 modules/hal_nordic/nrfx/libmodules__hal_nordic__nrfx.a(nrfx_twim.c.obj)
                0x000000000000bbfc                nrfx_twim_0_irq_handler
 .text.nrfx_twim_1_irq_handler
                0x000000000000bc0c       0x10 modules/hal_nordic/nrfx/libmodules__hal_nordic__nrfx.a(nrfx_twim.c.obj)
                0x000000000000bc0c                nrfx_twim_1_irq_handler
 .text.nrfx_twi_twim_bus_recover
                0x000000000000bc1c       0xdc modules/hal_nordic/nrfx/libmodules__hal_nordic__nrfx.a(nrfx_twi_twim.c.obj)
                0x000000000000bc1c                nrfx_twi_twim_bus_recover
 .text._DoInit  0x000000000000bcf8       0x60 modules/segger/libmodules__segger.a(SEGGER_RTT.c.obj)
 .text.SEGGER_RTT_WriteSkipNoLock
                0x000000000000bd58       0x88 modules/segger/libmodules__segger.a(SEGGER_RTT.c.obj)
                0x000000000000bd58                SEGGER_RTT_WriteSkipNoLock
 .text.SEGGER_RTT_HasDataUp
                0x000000000000bde0       0x14 modules/segger/libmodules__segger.a(SEGGER_RTT.c.obj)
                0x000000000000bde0                SEGGER_RTT_HasDataUp
 .text.zephyr_rtt_mutex_lock
                0x000000000000bdf4       0x14 modules/segger/libmodules__segger.a(SEGGER_RTT_zephyr.c.obj)
                0x000000000000bdf4                zephyr_rtt_mutex_lock
 .text.zephyr_rtt_mutex_unlock
                0x000000000000be08        0xc modules/segger/libmodules__segger.a(SEGGER_RTT_zephyr.c.obj)
                0x000000000000be08                zephyr_rtt_mutex_unlock
 .text.k_sys_fatal_error_handler
                0x000000000000be14       0x20 zephyr/kernel/libkernel.a(fatal.c.obj)
                0x000000000000be14                k_sys_fatal_error_handler
 .text.z_fatal_error
                0x000000000000be34       0xe8 zephyr/kernel/libkernel.a(fatal.c.obj)
                0x000000000000be34                z_fatal_error
 .text.z_sys_init_run_level
                0x000000000000bf1c       0x48 zephyr/kernel/libkernel.a(init.c.obj)
 .text.bg_thread_main
                0x000000000000bf64       0xc0 zephyr/kernel/libkernel.a(init.c.obj)
 .text.z_bss_zero
                0x000000000000c024       0x18 zephyr/kernel/libkernel.a(init.c.obj)
                0x000000000000c024                z_bss_zero
 .text.z_init_cpu
                0x000000000000c03c       0x8c zephyr/kernel/libkernel.a(init.c.obj)
                0x000000000000c03c                z_init_cpu
 .text.z_cstart
                0x000000000000c0c8       0xe0 zephyr/kernel/libkernel.a(init.c.obj)
                0x000000000000c0c8                z_cstart
 .text.statics_init
                0x000000000000c1a8       0x24 zephyr/kernel/libkernel.a(kheap.c.obj)
 .text.z_setup_new_thread
                0x000000000000c1cc       0x90 zephyr/kernel/libkernel.a(thread.c.obj)
                0x000000000000c1cc                z_setup_new_thread
 .text.z_impl_k_thread_create
                0x000000000000c25c       0x58 zephyr/kernel/libkernel.a(thread.c.obj)
                0x000000000000c25c                z_impl_k_thread_create
 .text.sliceable
                0x000000000000c2b4       0x3c zephyr/kernel/libkernel.a(sched.c.obj)
 .text.slice_timeout
                0x000000000000c2f0       0x20 zephyr/kernel/libkernel.a(sched.c.obj)
 .text.z_reset_time_slice
                0x000000000000c310       0x50 zephyr/kernel/libkernel.a(sched.c.obj)
                0x000000000000c310                z_reset_time_slice
 .text.update_cache
                0x000000000000c360       0x40 zephyr/kernel/libkernel.a(sched.c.obj)
 .text.move_thread_to_end_of_prio_q
                0x000000000000c3a0       0x7c zephyr/kernel/libkernel.a(sched.c.obj)
 .text.ready_thread
                0x000000000000c41c       0x68 zephyr/kernel/libkernel.a(sched.c.obj)
 .text.z_thread_halt
                0x000000000000c484       0xa8 zephyr/kernel/libkernel.a(sched.c.obj)
 .text.unready_thread
                0x000000000000c52c       0x38 zephyr/kernel/libkernel.a(sched.c.obj)
 .text.z_time_slice
                0x000000000000c564       0x60 zephyr/kernel/libkernel.a(sched.c.obj)
                0x000000000000c564                z_time_slice
 .text.z_pend_curr
                0x000000000000c5c4       0x5c zephyr/kernel/libkernel.a(sched.c.obj)
                0x000000000000c5c4                z_pend_curr
 .text.z_thread_prio_set
                0x000000000000c620       0x94 zephyr/kernel/libkernel.a(sched.c.obj)
                0x000000000000c620                z_thread_prio_set
 .text.z_reschedule
                0x000000000000c6b4       0x24 zephyr/kernel/libkernel.a(sched.c.obj)
                0x000000000000c6b4                z_reschedule
 .text.z_sched_start
                0x000000000000c6d8       0x3c zephyr/kernel/libkernel.a(sched.c.obj)
                0x000000000000c6d8                z_sched_start
 .text.z_reschedule_irqlock
                0x000000000000c714       0x28 zephyr/kernel/libkernel.a(sched.c.obj)
                0x000000000000c714                z_reschedule_irqlock
 .text.k_sched_lock
                0x000000000000c73c       0x28 zephyr/kernel/libkernel.a(sched.c.obj)
                0x000000000000c73c                k_sched_lock
 .text.k_sched_unlock
                0x000000000000c764       0x38 zephyr/kernel/libkernel.a(sched.c.obj)
                0x000000000000c764                k_sched_unlock
 .text.z_sched_init
                0x000000000000c79c       0x10 zephyr/kernel/libkernel.a(sched.c.obj)
                0x000000000000c79c                z_sched_init
 .text.z_impl_k_yield
                0x000000000000c7ac       0x80 zephyr/kernel/libkernel.a(sched.c.obj)
                0x000000000000c7ac                z_impl_k_yield
 .text.z_tick_sleep
                0x000000000000c82c       0x88 zephyr/kernel/libkernel.a(sched.c.obj)
 .text.z_impl_k_sleep
                0x000000000000c8b4       0x3c zephyr/kernel/libkernel.a(sched.c.obj)
                0x000000000000c8b4                z_impl_k_sleep
 .text.z_impl_k_sched_current_thread_query
                0x000000000000c8f0        0xc zephyr/kernel/libkernel.a(sched.c.obj)
                0x000000000000c8f0                z_impl_k_sched_current_thread_query
 .text.z_sched_wait
                0x000000000000c8fc       0x24 zephyr/kernel/libkernel.a(sched.c.obj)
                0x000000000000c8fc                z_sched_wait
 .text.z_impl_k_mutex_unlock
                0x000000000000c920       0x78 zephyr/kernel/libkernel.a(mutex.c.obj)
                0x000000000000c920                z_impl_k_mutex_unlock
 .text.z_impl_k_mutex_lock
                0x000000000000c998       0xf4 zephyr/kernel/libkernel.a(mutex.c.obj)
                0x000000000000c998                z_impl_k_mutex_lock
 .text.z_impl_k_queue_get
                0x000000000000ca8c       0x68 zephyr/kernel/libkernel.a(queue.c.obj)
                0x000000000000ca8c                z_impl_k_queue_get
 .text.z_impl_k_sem_give
                0x000000000000caf4       0x4c zephyr/kernel/libkernel.a(sem.c.obj)
                0x000000000000caf4                z_impl_k_sem_give
 .text.z_impl_k_sem_take
                0x000000000000cb40       0x50 zephyr/kernel/libkernel.a(sem.c.obj)
                0x000000000000cb40                z_impl_k_sem_take
 .text.z_impl_k_sem_reset
                0x000000000000cb90       0x44 zephyr/kernel/libkernel.a(sem.c.obj)
                0x000000000000cb90                z_impl_k_sem_reset
 .text.work_queue_main
                0x000000000000cbd4      0x148 zephyr/kernel/libkernel.a(work.c.obj)
 .text.submit_to_queue_locked
                0x000000000000cd1c       0xb4 zephyr/kernel/libkernel.a(work.c.obj)
 .text.k_work_submit
                0x000000000000cdd0        0xc zephyr/kernel/libkernel.a(work.c.obj)
                0x000000000000cdd0                k_work_submit
 .text.k_work_queue_start
                0x000000000000cddc       0x70 zephyr/kernel/libkernel.a(work.c.obj)
                0x000000000000cddc                k_work_queue_start
 .text.k_work_reschedule_for_queue
                0x000000000000ce4c       0x5c zephyr/kernel/libkernel.a(work.c.obj)
                0x000000000000ce4c                k_work_reschedule_for_queue
 .text.k_work_reschedule
                0x000000000000cea8        0xc zephyr/kernel/libkernel.a(work.c.obj)
                0x000000000000cea8                k_work_reschedule
 .text.z_data_copy
                0x000000000000ceb4       0x34 zephyr/kernel/libkernel.a(xip.c.obj)
                0x000000000000ceb4                z_data_copy
 .text.elapsed  0x000000000000cee8       0x14 zephyr/kernel/libkernel.a(timeout.c.obj)
 .text.remove_timeout
                0x000000000000cefc       0x38 zephyr/kernel/libkernel.a(timeout.c.obj)
 .text.next_timeout
                0x000000000000cf34       0x40 zephyr/kernel/libkernel.a(timeout.c.obj)
 .text.z_add_timeout
                0x000000000000cf74       0xec zephyr/kernel/libkernel.a(timeout.c.obj)
                0x000000000000cf74                z_add_timeout
 .text.sys_clock_announce
                0x000000000000d060       0xd4 zephyr/kernel/libkernel.a(timeout.c.obj)
                0x000000000000d060                sys_clock_announce
 .text.sys_clock_tick_get
                0x000000000000d134       0x34 zephyr/kernel/libkernel.a(timeout.c.obj)
                0x000000000000d134                sys_clock_tick_get
 .text.z_timer_expiration_handler
                0x000000000000d168       0xe4 zephyr/kernel/libkernel.a(timer.c.obj)
                0x000000000000d168                z_timer_expiration_handler
 .text.z_impl_k_timer_start
                0x000000000000d24c       0x74 zephyr/kernel/libkernel.a(timer.c.obj)
                0x000000000000d24c                z_impl_k_timer_start
 .text.z_impl_k_poll
                0x000000000000d2c0       0xb8 zephyr/kernel/libkernel.a(poll.c.obj)
                0x000000000000d2c0                z_impl_k_poll
 .text.z_impl_k_poll_signal_raise
                0x000000000000d378       0x50 zephyr/kernel/libkernel.a(poll.c.obj)
                0x000000000000d378                z_impl_k_poll_signal_raise
 .text.z_thread_aligned_alloc
                0x000000000000d3c8       0x40 zephyr/kernel/libkernel.a(mempool.c.obj)
                0x000000000000d3c8                z_thread_aligned_alloc
 .text.boot_banner
                0x000000000000d408        0xc zephyr/kernel/libkernel.a(banner.c.obj)
                0x000000000000d408                boot_banner
 .text.k_sys_work_q_init
                0x000000000000d414       0x34 zephyr/kernel/libkernel.a(system_work_q.c.obj)
 .text.printf   0x000000000000d448       0x24 /home/eric/zephyr_install/zephyr-sdk-0.16.5/arm-zephyr-eabi/bin/../lib/gcc/../../picolibc/arm-zephyr-eabi/lib/thumb/v7e-m/nofp/libc.a(libc_tinystdio_printf.c.o)
                0x000000000000d448                printf
 .text.puts     0x000000000000d46c       0x40 /home/eric/zephyr_install/zephyr-sdk-0.16.5/arm-zephyr-eabi/bin/../lib/gcc/../../picolibc/arm-zephyr-eabi/lib/thumb/v7e-m/nofp/libc.a(libc_tinystdio_puts.c.o)
                0x000000000000d46c                puts
 .text.snprintf
                0x000000000000d4ac       0x58 /home/eric/zephyr_install/zephyr-sdk-0.16.5/arm-zephyr-eabi/bin/../lib/gcc/../../picolibc/arm-zephyr-eabi/lib/thumb/v7e-m/nofp/libc.a(libc_tinystdio_snprintf.c.o)
                0x000000000000d4ac                snprintf
 .text.skip_to_arg
                0x000000000000d504      0x138 /home/eric/zephyr_install/zephyr-sdk-0.16.5/arm-zephyr-eabi/bin/../lib/gcc/../../picolibc/arm-zephyr-eabi/lib/thumb/v7e-m/nofp/libc.a(libc_tinystdio_vfprintf.c.o)
 .text.vfprintf
                0x000000000000d63c      0x9f8 /home/eric/zephyr_install/zephyr-sdk-0.16.5/arm-zephyr-eabi/bin/../lib/gcc/../../picolibc/arm-zephyr-eabi/lib/thumb/v7e-m/nofp/libc.a(libc_tinystdio_vfprintf.c.o)
                0x000000000000d63c                __d_vfprintf
 .text.div10    0x000000000000e034       0x28 /home/eric/zephyr_install/zephyr-sdk-0.16.5/arm-zephyr-eabi/bin/../lib/gcc/../../picolibc/arm-zephyr-eabi/lib/thumb/v7e-m/nofp/libc.a(libc_tinystdio_dtoa_ryu.c.o)
 .text.__dtoa_engine
                0x000000000000e05c      0x49c /home/eric/zephyr_install/zephyr-sdk-0.16.5/arm-zephyr-eabi/bin/../lib/gcc/../../picolibc/arm-zephyr-eabi/lib/thumb/v7e-m/nofp/libc.a(libc_tinystdio_dtoa_ryu.c.o)
                0x000000000000e05c                __dtoa_engine
 .text.__log10Pow2