Archive member included to satisfy reference by file (symbol)

app/libapp.a(main.c.obj)      (--whole-archive)
zephyr/libzephyr.a(heap.c.obj)
                              (--whole-archive)
zephyr/libzephyr.a(cbprintf_packaged.c.obj)
                              (--whole-archive)
zephyr/libzephyr.a(printk.c.obj)
                              (--whole-archive)
zephyr/libzephyr.a(sem.c.obj)
                              (--whole-archive)
zephyr/libzephyr.a(thread_entry.c.obj)
                              (--whole-archive)
zephyr/libzephyr.a(cbprintf_complete.c.obj)
                              (--whole-archive)
zephyr/libzephyr.a(assert.c.obj)
                              (--whole-archive)
zephyr/libzephyr.a(mpsc_pbuf.c.obj)
                              (--whole-archive)
zephyr/libzephyr.a(dec.c.obj)
                              (--whole-archive)
zephyr/libzephyr.a(hex.c.obj)
                              (--whole-archive)
zephyr/libzephyr.a(rb.c.obj)  (--whole-archive)
zephyr/libzephyr.a(timeutil.c.obj)
                              (--whole-archive)
zephyr/libzephyr.a(bitarray.c.obj)
                              (--whole-archive)
zephyr/libzephyr.a(onoff.c.obj)
                              (--whole-archive)
zephyr/libzephyr.a(notify.c.obj)
                              (--whole-archive)
zephyr/libzephyr.a(configs.c.obj)
                              (--whole-archive)
zephyr/libzephyr.a(log_core.c.obj)
                              (--whole-archive)
zephyr/libzephyr.a(log_mgmt.c.obj)
                              (--whole-archive)
zephyr/libzephyr.a(log_cache.c.obj)
                              (--whole-archive)
zephyr/libzephyr.a(log_msg.c.obj)
                              (--whole-archive)
zephyr/libzephyr.a(log_output.c.obj)
                              (--whole-archive)
zephyr/libzephyr.a(log_backend_rtt.c.obj)
                              (--whole-archive)
zephyr/libzephyr.a(log_backend_uart.c.obj)
                              (--whole-archive)
zephyr/libzephyr.a(mem_attr.c.obj)
                              (--whole-archive)
zephyr/libzephyr.a(tracing_none.c.obj)
                              (--whole-archive)
zephyr/libzephyr.a(addr_utils.c.obj)
                              (--whole-archive)
zephyr/libzephyr.a(hts221_reg.c.obj)
                              (--whole-archive)
zephyr/arch/common/libarch__common.a(sw_isr_common.c.obj)
                              (--whole-archive)
zephyr/arch/arch/arm/core/libarch__arm__core.a(fatal.c.obj)
                              (--whole-archive)
zephyr/arch/arch/arm/core/libarch__arm__core.a(nmi.c.obj)
                              (--whole-archive)
zephyr/arch/arch/arm/core/libarch__arm__core.a(nmi_on_reset.S.obj)
                              (--whole-archive)
zephyr/arch/arch/arm/core/libarch__arm__core.a(tls.c.obj)
                              (--whole-archive)
zephyr/arch/arch/arm/core/cortex_m/libarch__arm__core__cortex_m.a(exc_exit.S.obj)
                              (--whole-archive)
zephyr/arch/arch/arm/core/cortex_m/libarch__arm__core__cortex_m.a(fault.c.obj)
                              (--whole-archive)
zephyr/arch/arch/arm/core/cortex_m/libarch__arm__core__cortex_m.a(fault_s.S.obj)
                              (--whole-archive)
zephyr/arch/arch/arm/core/cortex_m/libarch__arm__core__cortex_m.a(fpu.c.obj)
                              (--whole-archive)
zephyr/arch/arch/arm/core/cortex_m/libarch__arm__core__cortex_m.a(reset.S.obj)
                              (--whole-archive)
zephyr/arch/arch/arm/core/cortex_m/libarch__arm__core__cortex_m.a(scb.c.obj)
                              (--whole-archive)
zephyr/arch/arch/arm/core/cortex_m/libarch__arm__core__cortex_m.a(thread_abort.c.obj)
                              (--whole-archive)
zephyr/arch/arch/arm/core/cortex_m/libarch__arm__core__cortex_m.a(vector_table.S.obj)
                              (--whole-archive)
zephyr/arch/arch/arm/core/cortex_m/libarch__arm__core__cortex_m.a(swap.c.obj)
                              (--whole-archive)
zephyr/arch/arch/arm/core/cortex_m/libarch__arm__core__cortex_m.a(swap_helper.S.obj)
                              (--whole-archive)
zephyr/arch/arch/arm/core/cortex_m/libarch__arm__core__cortex_m.a(irq_manage.c.obj)
                              (--whole-archive)
zephyr/arch/arch/arm/core/cortex_m/libarch__arm__core__cortex_m.a(prep_c.c.obj)
                              (--whole-archive)
zephyr/arch/arch/arm/core/cortex_m/libarch__arm__core__cortex_m.a(thread.c.obj)
                              (--whole-archive)
zephyr/arch/arch/arm/core/cortex_m/libarch__arm__core__cortex_m.a(cpu_idle.S.obj)
                              (--whole-archive)
zephyr/arch/arch/arm/core/cortex_m/libarch__arm__core__cortex_m.a(irq_init.c.obj)
                              (--whole-archive)
zephyr/arch/arch/arm/core/cortex_m/libarch__arm__core__cortex_m.a(isr_wrapper.S.obj)
                              (--whole-archive)
[...]
Memory Configuration

Name             Origin             Length             Attributes
FLASH            0x0000000000000000 0x0000000000080000 xr
RAM              0x0000000020000000 0x0000000000010000 xw
IDT_LIST         0x00000000ffff7fff 0x0000000000008000 xw
*default*        0x0000000000000000 0xffffffffffffffff

Linker script and memory map

                0x000000000000d808                vfprintf = __d_vfprintf
                0x0000000000000000                vfscanf = __d_vfscanf
LOAD zephyr/CMakeFiles/zephyr_pre0.dir/misc/empty_file.c.obj
LOAD zephyr/CMakeFiles/offsets.dir/./arch/arm/core/offsets/offsets.c.obj
LOAD app/libapp.a
LOAD zephyr/libzephyr.a
LOAD zephyr/arch/common/libarch__common.a
LOAD zephyr/arch/arch/arm/core/libarch__arm__core.a
LOAD zephyr/arch/arch/arm/core/cortex_m/libarch__arm__core__cortex_m.a
LOAD zephyr/arch/arch/arm/core/mpu/libarch__arm__core__mpu.a
LOAD zephyr/lib/libc/picolibc/liblib__libc__picolibc.a
LOAD zephyr/lib/libc/common/liblib__libc__common.a
LOAD zephyr/soc/soc/nrf52832/libsoc__nordic.a
LOAD zephyr/boards/nordic/thingy52/libboards__nordic__thingy52.a
LOAD zephyr/subsys/random/libsubsys__random.a
LOAD zephyr/subsys/bluetooth/common/libsubsys__bluetooth__common.a
LOAD zephyr/subsys/bluetooth/host/libsubsys__bluetooth__host.a
LOAD zephyr/subsys/bluetooth/controller/libsubsys__bluetooth__controller.a
LOAD zephyr/subsys/bluetooth/controller/ll_sw/nordic/libsubsys__bluetooth__controller__ll_sw__nordic.a
LOAD zephyr/subsys/net/libsubsys__net.a
LOAD zephyr/drivers/clock_control/libdrivers__clock_control.a
LOAD zephyr/drivers/console/libdrivers__console.a
LOAD zephyr/drivers/entropy/libdrivers__entropy.a
LOAD zephyr/drivers/gpio/libdrivers__gpio.a
LOAD zephyr/drivers/i2c/libdrivers__i2c.a
LOAD zephyr/drivers/pinctrl/libdrivers__pinctrl.a
LOAD zephyr/drivers/regulator/libdrivers__regulator.a
LOAD zephyr/drivers/sensor/ccs811/libdrivers__sensor__ccs811.a
LOAD zephyr/drivers/sensor/stmemsc/libdrivers__sensor__stmemsc.a
LOAD zephyr/drivers/sensor/hts221/libdrivers__sensor__hts221.a
LOAD zephyr/drivers/sensor/lis2dh/libdrivers__sensor__lis2dh.a
LOAD zephyr/drivers/sensor/lps22hb/libdrivers__sensor__lps22hb.a
LOAD zephyr/drivers/sensor/nrf5/libdrivers__sensor__nrf5.a
LOAD zephyr/drivers/serial/libdrivers__serial.a
LOAD zephyr/drivers/timer/libdrivers__timer.a
LOAD modules/hal_nordic/nrfx/libmodules__hal_nordic__nrfx.a
LOAD modules/segger/libmodules__segger.a
LOAD zephyr/kernel/libkernel.a
LOAD /home/eric/zephyr_install/zephyr-sdk-0.16.5/arm-zephyr-eabi/bin/../lib/gcc/arm-zephyr-eabi/12.2.0/thumb/v7e-m/nofp/libgcc.a
LOAD zephyr/arch/common/libisr_tables.a
LOAD /home/eric/zephyr_install/zephyr-sdk-0.16.5/arm-zephyr-eabi/bin/../lib/gcc/../../picolibc/arm-zephyr-eabi/lib/thumb/v7e-m/nofp/libc.a
LOAD /home/eric/zephyr_install/zephyr-sdk-0.16.5/arm-zephyr-eabi/bin/../lib/gcc/arm-zephyr-eabi/12.2.0/thumb/v7e-m/nofp/libgcc.a
                0x0000000000000020                _region_min_align = 0x20

.rel.plt        0x0000000000000000        0x0
 *(SORT_BY_ALIGNMENT(.rel.plt))
                [!provide]                        PROVIDE (__rel_iplt_start = .)
 *(SORT_BY_ALIGNMENT(.rel.iplt))
 .rel.iplt      0x0000000000000000        0x0 app/libapp.a(main.c.obj)
                [!provide]                        PROVIDE (__rel_iplt_end = .)

.rela.plt       0x0000000000000000        0x0
 *(SORT_BY_ALIGNMENT(.rela.plt))
                [!provide]                        PROVIDE (__rela_iplt_start = .)
 *(SORT_BY_ALIGNMENT(.rela.iplt))
                [!provide]                        PROVIDE (__rela_iplt_end = .)

.rel.dyn
 *(SORT_BY_ALIGNMENT(.rel.*))

.rela.dyn
 *(SORT_BY_ALIGNMENT(.rela.*))

/DISCARD/
 *(SORT_BY_ALIGNMENT(.plt))

/DISCARD/
 *(SORT_BY_ALIGNMENT(.iplt))
                0x0000000000000000                __rom_region_start = 0x0

rom_start       0x0000000000000000       0xdc
                0x0000000000000000                __rom_start_address = .
 FILL mask 0x00
                0x0000000000000000                . = (. + (0x0 - (. - __rom_start_address)))
                0x0000000000000000                . = ALIGN (0x4)
                0x0000000000000000                . = ALIGN (0x80)
                0x0000000000000000                . = ALIGN (0x100)
                0x0000000000000000                _vector_start = .
 *(SORT_BY_ALIGNMENT(.exc_vector_table))
 *(SORT_BY_ALIGNMENT(.exc_vector_table.*))
 .exc_vector_table._vector_table_section
                0x0000000000000000       0x40 zephyr/arch/arch/arm/core/cortex_m/libarch__arm__core__cortex_m.a(vector_table.S.obj)
                0x0000000000000000                _vector_table
 *(SORT_BY_ALIGNMENT(.vectors))
                0x00000000000000dc                _vector_end = .
                0x0000000000000040                . = ALIGN (0x4)
 *(SORT_BY_ALIGNMENT(.gnu.linkonce.irq_vector_table*))
 .gnu.linkonce.irq_vector_table
                0x0000000000000040       0x9c zephyr/arch/common/libisr_tables.a(isr_tables.c.obj)
                0x0000000000000040                _irq_vector_table
                0x00000000000000dc                _vector_end = .

text            0x00000000000000e0    0x126f0
                0x00000000000000e0                __text_region_start = .
 *(SORT_BY_ALIGNMENT(.text))
 .text          0x00000000000000e0      0x378 /home/eric/zephyr_install/zephyr-sdk-0.16.5/arm-zephyr-eabi/bin/../lib/gcc/arm-zephyr-eabi/12.2.0/thumb/v7e-m/nofp/libgcc.a(_arm_addsubdf3.o)
                0x00000000000000e0                __aeabi_drsub
                0x00000000000000e8                __aeabi_dsub
                0x00000000000000e8                __subdf3
                0x00000000000000ec                __adddf3
                0x00000000000000ec                __aeabi_dadd
                0x0000000000000364                __aeabi_ui2d
                0x0000000000000364                __floatunsidf
                0x0000000000000384                __floatsidf
                0x0000000000000384                __aeabi_i2d
                0x00000000000003a8                __extendsfdf2
                0x00000000000003a8                __aeabi_f2d
                0x00000000000003ec                __aeabi_ul2d
                0x00000000000003ec                __floatundidf
                0x00000000000003fc                __floatdidf
                0x00000000000003fc                __aeabi_l2d
 .text          0x0000000000000458      0x424 /home/eric/zephyr_install/zephyr-sdk-0.16.5/arm-zephyr-eabi/bin/../lib/gcc/arm-zephyr-eabi/12.2.0/thumb/v7e-m/nofp/libgcc.a(_arm_muldivdf3.o)
                0x0000000000000458                __aeabi_dmul
                0x0000000000000458                __muldf3
                0x00000000000006ac                __aeabi_ddiv
                0x00000000000006ac                __divdf3
 .text          0x000000000000087c       0x50 /home/eric/zephyr_install/zephyr-sdk-0.16.5/arm-zephyr-eabi/bin/../lib/gcc/arm-zephyr-eabi/12.2.0/thumb/v7e-m/nofp/libgcc.a(_arm_fixdfsi.o)
                0x000000000000087c                __fixdfsi
                0x000000000000087c                __aeabi_d2iz
 .text          0x00000000000008cc       0xa0 /home/eric/zephyr_install/zephyr-sdk-0.16.5/arm-zephyr-eabi/bin/../lib/gcc/arm-zephyr-eabi/12.2.0/thumb/v7e-m/nofp/libgcc.a(_aeabi_ldivmod.o)
                0x00000000000008cc                __aeabi_ldivmod
 .text          0x000000000000096c       0x30 /home/eric/zephyr_install/zephyr-sdk-0.16.5/arm-zephyr-eabi/bin/../lib/gcc/arm-zephyr-eabi/12.2.0/thumb/v7e-m/nofp/libgcc.a(_aeabi_uldivmod.o)
                0x000000000000096c                __aeabi_uldivmod
 .text          0x000000000000099c        0x4 /home/eric/zephyr_install/zephyr-sdk-0.16.5/arm-zephyr-eabi/bin/../lib/gcc/arm-zephyr-eabi/12.2.0/thumb/v7e-m/nofp/libgcc.a(_dvmd_tls.o)
                0x000000000000099c                __aeabi_ldiv0
                0x000000000000099c                __aeabi_idiv0
 .text          0x00000000000009a0      0x2a0 /home/eric/zephyr_install/zephyr-sdk-0.16.5/arm-zephyr-eabi/bin/../lib/gcc/arm-zephyr-eabi/12.2.0/thumb/v7e-m/nofp/libgcc.a(_udivmoddi4.o)
                0x00000000000009a0                __udivmoddi4
 .text          0x0000000000000c40       0x10 /home/eric/zephyr_install/zephyr-sdk-0.16.5/arm-zephyr-eabi/bin/../lib/gcc/../../picolibc/arm-zephyr-eabi/lib/thumb/v7e-m/nofp/libc.a(strcpy.S.o)
                0x0000000000000c40                strcpy
 .text          0x0000000000000c50       0x10 /home/eric/zephyr_install/zephyr-sdk-0.16.5/arm-zephyr-eabi/bin/../lib/gcc/../../picolibc/arm-zephyr-eabi/lib/thumb/v7e-m/nofp/libc.a(strlen.S.o)
                0x0000000000000c50                strlen
 *(SORT_BY_ALIGNMENT(.text.*))
 .text.lps22_th.part.0
                0x0000000000000c60      0x104 app/libapp.a(main.c.obj)
 *fill*         0x0000000000000d64        0x4 
 .text.hts221_process_sample
                0x0000000000000d68       0xf0 app/libapp.a(main.c.obj)
                0x0000000000000d68                hts221_process_sample
 .text.ll_adv_enable
                0x0000000000000e58      0x164 zephyr/subsys/bluetooth/controller/libsubsys__bluetooth__controller.a(ull_adv.c.obj)
                0x0000000000000e58                ll_adv_enable
 *fill*         0x0000000000000fbc        0x4 
 .text.ull_adv_time_update
                0x0000000000000fc0       0xb0 zephyr/subsys/bluetooth/controller/libsubsys__bluetooth__controller.a(ull_adv.c.obj)
                0x0000000000000fc0                ull_adv_time_update
 .text.prepare_cb
                0x0000000000001070      0x120 zephyr/subsys/bluetooth/controller/ll_sw/nordic/libsubsys__bluetooth__controller__ll_sw__nordic.a(lll_adv.c.obj)
 .text.lis2dh_attr_set
                0x0000000000001190      0x110 zephyr/drivers/sensor/lis2dh/libdrivers__sensor__lis2dh.a(lis2dh.c.obj)
 .text.bt_ready
                0x00000000000012a0       0x64 app/libapp.a(main.c.obj)
 .text.bluetooth_send_th
                0x0000000000001304       0xbc app/libapp.a(main.c.obj)
                0x0000000000001304                bluetooth_send_th
 .text.lps22_th
                0x00000000000013c0       0x28 app/libapp.a(main.c.obj)
                0x00000000000013c0                lps22_th
 .text.ccs811_th
                0x00000000000013e8       0xe4 app/libapp.a(main.c.obj)
                0x00000000000013e8                ccs811_th
 .text.hts221_th.part.0
                0x00000000000014cc       0x6c app/libapp.a(main.c.obj)
 .text.hts221_th
                0x0000000000001538       0x28 app/libapp.a(main.c.obj)
                0x0000000000001538                hts221_th
 .text.cbvprintf_package
                0x0000000000001560      0x3a4 zephyr/libzephyr.a(cbprintf_packaged.c.obj)
                0x0000000000001560                cbvprintf_package
 .text.cbprintf_package_convert
                0x0000000000001904      0x3c0 zephyr/libzephyr.a(cbprintf_packaged.c.obj)
                0x0000000000001904                cbprintf_package_convert
 .text.__printk_hook_install
                0x0000000000001cc4        0xc zephyr/libzephyr.a(printk.c.obj)
                0x0000000000001cc4                __printk_hook_install
 .text.z_thread_entry
                0x0000000000001cd0       0x34 zephyr/libzephyr.a(thread_entry.c.obj)
                0x0000000000001cd0                z_thread_entry
 .text.process_event
                0x0000000000001d04      0x21c zephyr/libzephyr.a(onoff.c.obj)
 .text.activate_foreach_backend
                0x0000000000001f20       0x64 zephyr/libzephyr.a(log_core.c.obj)
 .text.enable_logger
                0x0000000000001f84       0x5c zephyr/libzephyr.a(log_core.c.obj)
 .text.log_process_thread_timer_expiry_fn
                0x0000000000001fe0        0xc zephyr/libzephyr.a(log_core.c.obj)
 .text.z_log_init
                0x0000000000001fec       0x90 zephyr/libzephyr.a(log_core.c.obj)
 .text.log_format_func_t_get
                0x000000000000207c        0xc zephyr/libzephyr.a(log_core.c.obj)
                0x000000000000207c                log_format_func_t_get
 .text.log_set_timestamp_func
                0x0000000000002088       0x20 zephyr/libzephyr.a(log_core.c.obj)
                0x0000000000002088                log_set_timestamp_func
 .text.z_log_notify_backend_enabled
                0x00000000000020a8       0x1c zephyr/libzephyr.a(log_core.c.obj)
                0x00000000000020a8                z_log_notify_backend_enabled
 .text.z_log_dropped
                0x00000000000020c4       0x30 zephyr/libzephyr.a(log_core.c.obj)
                0x00000000000020c4                z_log_dropped
 .text.z_log_dropped_read_and_clear
                0x00000000000020f4       0x20 zephyr/libzephyr.a(log_core.c.obj)
                0x00000000000020f4                z_log_dropped_read_and_clear
 .text.dropped_notify
                0x0000000000002114       0x30 zephyr/libzephyr.a(log_core.c.obj)
                0x0000000000002114                dropped_notify
 .text.z_log_msg_init
                0x0000000000002144       0x20 zephyr/libzephyr.a(log_core.c.obj)
                0x0000000000002144                z_log_msg_init
 .text.log_core_init
                0x0000000000002164       0x34 zephyr/libzephyr.a(log_core.c.obj)
                0x0000000000002164                log_core_init
 .text.z_log_msg_alloc
                0x0000000000002198       0x10 zephyr/libzephyr.a(log_core.c.obj)
                0x0000000000002198                z_log_msg_alloc
 .text.z_log_msg_local_claim
                0x00000000000021a8        0xc zephyr/libzephyr.a(log_core.c.obj)
                0x00000000000021a8                z_log_msg_local_claim
 .text.z_log_msg_free
                0x00000000000021b4       0x10 zephyr/libzephyr.a(log_core.c.obj)
                0x00000000000021b4                z_log_msg_free
 .text.z_log_msg_pending
                0x00000000000021c4        0xc zephyr/libzephyr.a(log_core.c.obj)
                0x00000000000021c4                z_log_msg_pending
 .text.z_impl_log_process
                0x00000000000021d0       0xbc zephyr/libzephyr.a(log_core.c.obj)
                0x00000000000021d0                z_impl_log_process
 .text.z_impl_log_panic
                0x000000000000228c       0x44 zephyr/libzephyr.a(log_core.c.obj)
                0x000000000000228c                z_impl_log_panic
 .text.log_process_thread_func
                0x00000000000022d0       0xa4 zephyr/libzephyr.a(log_core.c.obj)
 .text.z_log_msg_post_finalize
                0x0000000000002374       0x78 zephyr/libzephyr.a(log_core.c.obj)
 .text.z_log_msg_commit
                0x00000000000023ec       0x24 zephyr/libzephyr.a(log_core.c.obj)
                0x00000000000023ec                z_log_msg_commit
 .text.log_source_name_get
                0x0000000000002410       0x1c zephyr/libzephyr.a(log_mgmt.c.obj)
                0x0000000000002410                log_source_name_get
 .text.log_backend_enable
                0x000000000000242c       0x28 zephyr/libzephyr.a(log_mgmt.c.obj)
                0x000000000000242c                log_backend_enable
 .text.z_impl_z_log_msg_static_create
                0x0000000000002454      0x108 zephyr/libzephyr.a(log_msg.c.obj)
                0x0000000000002454                z_impl_z_log_msg_static_create
 .text.z_log_msg_runtime_vcreate
                0x000000000000255c       0x8c zephyr/libzephyr.a(log_msg.c.obj)
                0x000000000000255c                z_log_msg_runtime_vcreate
 .text.print_formatted
                0x00000000000025e8       0x24 zephyr/libzephyr.a(log_output.c.obj)
 .text.newline_print
                0x000000000000260c       0x1c zephyr/libzephyr.a(log_output.c.obj)
 .text.log_output_process
                0x0000000000002628      0x2d4 zephyr/libzephyr.a(log_output.c.obj)
                0x0000000000002628                log_output_process
 .text.log_output_msg_process
                0x00000000000028fc       0x70 zephyr/libzephyr.a(log_output.c.obj)
                0x00000000000028fc                log_output_msg_process
 .text.log_output_dropped_process
                0x000000000000296c       0x58 zephyr/libzephyr.a(log_output.c.obj)
                0x000000000000296c                log_output_dropped_process
 .text.log_output_timestamp_freq_set
                0x00000000000029c4       0x2c zephyr/libzephyr.a(log_output.c.obj)
                0x00000000000029c4                log_output_timestamp_freq_set
 .text.log_backend_rtt_init
                0x00000000000029f0        0xc zephyr/libzephyr.a(log_backend_rtt.c.obj)
 .text.format_set
                0x00000000000029fc        0xc zephyr/libzephyr.a(log_backend_rtt.c.obj)
 .text.panic    0x0000000000002a08       0x14 zephyr/libzephyr.a(log_backend_rtt.c.obj)
 .text.dropped  0x0000000000002a1c        0xc zephyr/libzephyr.a(log_backend_rtt.c.obj)
 .text.process  0x0000000000002a28       0x24 zephyr/libzephyr.a(log_backend_rtt.c.obj)
 .text.on_failed_write
                0x0000000000002a4c       0x28 zephyr/libzephyr.a(log_backend_rtt.c.obj)
 .text.data_out_block_mode
                0x0000000000002a74       0x84 zephyr/libzephyr.a(log_backend_rtt.c.obj)
 .text.char_out
                0x0000000000002af8       0x24 zephyr/libzephyr.a(log_backend_uart.c.obj)
 .text.mem_attr_get_regions
                0x0000000000002b1c        0xc zephyr/libzephyr.a(mem_attr.c.obj)
                0x0000000000002b1c                mem_attr_get_regions
 .text.z_arm_fatal_error
                0x0000000000002b28       0xa0 zephyr/arch/arch/arm/core/libarch__arm__core.a(fatal.c.obj)
                0x0000000000002b28                z_arm_fatal_error
 .text.z_SysNmiOnReset
                0x0000000000002bc8        0x8 zephyr/arch/arch/arm/core/libarch__arm__core.a(nmi_on_reset.S.obj)
                0x0000000000002bc8                z_SysNmiOnReset
 .text.arch_tls_stack_setup
                0x0000000000002bd0       0x40 zephyr/arch/arch/arm/core/libarch__arm__core.a(tls.c.obj)
                0x0000000000002bd0                arch_tls_stack_setup
 .text._HandlerModeExit
                0x0000000000002c10       0x1c zephyr/arch/arch/arm/core/cortex_m/libarch__arm__core__cortex_m.a(exc_exit.S.obj)
                0x0000000000002c10                z_arm_exc_exit
                0x0000000000002c10                z_arm_int_exit
 .text.bus_fault.constprop.0
                0x0000000000002c2c       0xd0 zephyr/arch/arch/arm/core/cortex_m/libarch__arm__core__cortex_m.a(fault.c.obj)
 .text.usage_fault.constprop.0
                0x0000000000002cfc       0xa8 zephyr/arch/arch/arm/core/cortex_m/libarch__arm__core__cortex_m.a(fault.c.obj)
 .text.mem_manage_fault
                0x0000000000002da4      0x104 zephyr/arch/arch/arm/core/cortex_m/libarch__arm__core__cortex_m.a(fault.c.obj)
 .text.z_arm_fault
                0x0000000000002ea8      0x1d4 zephyr/arch/arch/arm/core/cortex_m/libarch__arm__core__cortex_m.a(fault.c.obj)
                0x0000000000002ea8                z_arm_fault
 .text.z_arm_fault_init
                0x000000000000307c       0x10 zephyr/arch/arch/arm/core/cortex_m/libarch__arm__core__cortex_m.a(fault.c.obj)
                0x000000000000307c                z_arm_fault_init
 .text.__fault  0x000000000000308c       0x14 zephyr/arch/arch/arm/core/cortex_m/libarch__arm__core__cortex_m.a(fault_s.S.obj)
                0x000000000000308c                z_arm_bus_fault
                0x000000000000308c                z_arm_usage_fault
                0x000000000000308c                z_arm_mpu_fault
                0x000000000000308c                z_arm_exc_spurious
                0x000000000000308c                z_arm_debug_monitor
                0x000000000000308c                z_arm_hard_fault
 .text._reset_section
                0x00000000000030a0       0x30 zephyr/arch/arch/arm/core/cortex_m/libarch__arm__core__cortex_m.a(reset.S.obj)
                0x00000000000030a0                z_arm_reset
                0x00000000000030a0                __start
 .text.z_impl_k_thread_abort
                0x00000000000030d0       0x2c zephyr/arch/arch/arm/core/cortex_m/libarch__arm__core__cortex_m.a(thread_abort.c.obj)
                0x00000000000030d0                z_impl_k_thread_abort
 .text.arch_swap
                0x00000000000030fc       0x30 zephyr/arch/arch/arm/core/cortex_m/libarch__arm__core__cortex_m.a(swap.c.obj)
                0x00000000000030fc                arch_swap
 .text.z_arm_pendsv
                0x000000000000312c       0x64 zephyr/arch/arch/arm/core/cortex_m/libarch__arm__core__cortex_m.a(swap_helper.S.obj)
                0x000000000000312c                z_arm_pendsv
 .text.z_arm_svc
                0x0000000000003190       0x20 zephyr/arch/arch/arm/core/cortex_m/libarch__arm__core__cortex_m.a(swap_helper.S.obj)
                0x0000000000003190                z_arm_svc
 .text.arch_irq_enable
                0x00000000000031b0       0x1c zephyr/arch/arch/arm/core/cortex_m/libarch__arm__core__cortex_m.a(irq_manage.c.obj)
                0x00000000000031b0                arch_irq_enable
 .text.arch_irq_disable
                0x00000000000031cc       0x28 zephyr/arch/arch/arm/core/cortex_m/libarch__arm__core__cortex_m.a(irq_manage.c.obj)
                0x00000000000031cc                arch_irq_disable
 .text.arch_irq_is_enabled
                0x00000000000031f4       0x1c zephyr/arch/arch/arm/core/cortex_m/libarch__arm__core__cortex_m.a(irq_manage.c.obj)
                0x00000000000031f4                arch_irq_is_enabled
 .text.z_arm_irq_priority_set
                0x0000000000003210       0x30 zephyr/arch/arch/arm/core/cortex_m/libarch__arm__core__cortex_m.a(irq_manage.c.obj)
                0x0000000000003210                z_arm_irq_priority_set
 .text.z_prep_c
                0x0000000000003240       0x48 zephyr/arch/arch/arm/core/cortex_m/libarch__arm__core__cortex_m.a(prep_c.c.obj)
                0x0000000000003240                z_prep_c
 .text.arch_new_thread
                0x0000000000003288       0x38 zephyr/arch/arch/arm/core/cortex_m/libarch__arm__core__cortex_m.a(thread.c.obj)
                0x0000000000003288                arch_new_thread
 .text.z_check_thread_stack_fail
                0x00000000000032c0       0x2c zephyr/arch/arch/arm/core/cortex_m/libarch__arm__core__cortex_m.a(thread.c.obj)
                0x00000000000032c0                z_check_thread_stack_fail
 .text.arch_switch_to_main_thread
                0x00000000000032ec       0x38 zephyr/arch/arch/arm/core/cortex_m/libarch__arm__core__cortex_m.a(thread.c.obj)
                0x00000000000032ec                arch_switch_to_main_thread
 .text.z_arm_cpu_idle_init
                0x0000000000003324        0xc zephyr/arch/arch/arm/core/cortex_m/libarch__arm__core__cortex_m.a(cpu_idle.S.obj)
                0x0000000000003324                z_arm_cpu_idle_init
 .text.arch_cpu_idle
                0x0000000000003330       0x1c zephyr/arch/arch/arm/core/cortex_m/libarch__arm__core__cortex_m.a(cpu_idle.S.obj)
                0x0000000000003330                arch_cpu_idle
 .text.arch_cpu_atomic_idle
                0x000000000000334c       0x18 zephyr/arch/arch/arm/core/cortex_m/libarch__arm__core__cortex_m.a(cpu_idle.S.obj)
                0x000000000000334c                arch_cpu_atomic_idle
 .text.z_arm_interrupt_init
                0x0000000000003364       0x18 zephyr/arch/arch/arm/core/cortex_m/libarch__arm__core__cortex_m.a(irq_init.c.obj)
                0x0000000000003364                z_arm_interrupt_init
 .text._isr_wrapper
                0x000000000000337c       0x28 zephyr/arch/arch/arm/core/cortex_m/libarch__arm__core__cortex_m.a(isr_wrapper.S.obj)
                0x000000000000337c                _isr_wrapper
 .text.z_arm_configure_static_mpu_regions
                0x00000000000033a4       0x18 zephyr/arch/arch/arm/core/mpu/libarch__arm__core__mpu.a(arm_core_mpu.c.obj)
                0x00000000000033a4                z_arm_configure_static_mpu_regions
 .text.z_arm_configure_dynamic_mpu_regions
                0x00000000000033bc       0x20 zephyr/arch/arch/arm/core/mpu/libarch__arm__core__mpu.a(arm_core_mpu.c.obj)
                0x00000000000033bc                z_arm_configure_dynamic_mpu_regions
 .text.region_allocate_and_init
                0x00000000000033dc       0x54 zephyr/arch/arch/arm/core/mpu/libarch__arm__core__mpu.a(arm_mpu.c.obj)
 .text.mpu_configure_regions
                0x0000000000003430       0x68 zephyr/arch/arch/arm/core/mpu/libarch__arm__core__mpu.a(arm_mpu.c.obj)
 .text.arm_core_mpu_enable
                0x0000000000003498       0x18 zephyr/arch/arch/arm/core/mpu/libarch__arm__core__mpu.a(arm_mpu.c.obj)
                0x0000000000003498                arm_core_mpu_enable
 .text.arm_core_mpu_disable
                0x00000000000034b0       0x14 zephyr/arch/arch/arm/core/mpu/libarch__arm__core__mpu.a(arm_mpu.c.obj)
                0x00000000000034b0                arm_core_mpu_disable
 .text.arm_core_mpu_configure_static_mpu_regions
                0x00000000000034c4       0x14 zephyr/arch/arch/arm/core/mpu/libarch__arm__core__mpu.a(arm_mpu.c.obj)
                0x00000000000034c4                arm_core_mpu_configure_static_mpu_regions
 .text.arm_core_mpu_configure_dynamic_mpu_regions
                0x00000000000034d8       0x38 zephyr/arch/arch/arm/core/mpu/libarch__arm__core__mpu.a(arm_mpu.c.obj)
                0x00000000000034d8                arm_core_mpu_configure_dynamic_mpu_regions
 .text.z_arm_mpu_init
                0x0000000000003510      0x180 zephyr/arch/arch/arm/core/mpu/libarch__arm__core__mpu.a(arm_mpu.c.obj)
                0x0000000000003510                z_arm_mpu_init
 .text.z_impl_zephyr_fputc
                0x0000000000003690       0x10 zephyr/lib/libc/picolibc/liblib__libc__picolibc.a(libc-hooks.c.obj)
                0x0000000000003690                z_impl_zephyr_fputc
 .text.__stdout_hook_install
                0x00000000000036a0       0x18 zephyr/lib/libc/picolibc/liblib__libc__picolibc.a(libc-hooks.c.obj)
                0x00000000000036a0                __stdout_hook_install
 .text.cbvprintf
                0x00000000000036b8       0x38 zephyr/lib/libc/picolibc/liblib__libc__picolibc.a(libc-hooks.c.obj)
                0x00000000000036b8                cbvprintf
 .text.malloc_prepare
                0x00000000000036f0       0x24 zephyr/lib/libc/common/liblib__libc__common.a(malloc.c.obj)
 .text.nordicsemi_nrf52_init
                0x0000000000003714       0x10 zephyr/soc/soc/nrf52832/libsoc__nordic.a(soc.c.obj)
 .text.arch_busy_wait
                0x0000000000003724       0x14 zephyr/soc/soc/nrf52832/libsoc__nordic.a(soc.c.obj)
                0x0000000000003724                arch_busy_wait
 .text.z_arm_platform_init
                0x0000000000003738        0x4 zephyr/soc/soc/nrf52832/libsoc__nordic.a(soc_nrf_common.S.obj)
                0x0000000000003738                z_arm_platform_init
 .text.pwr_ctrl_init
                0x000000000000373c       0x40 zephyr/boards/nordic/thingy52/libboards__nordic__thingy52.a(board.c.obj)
 .text.xoshiro128_initialize
                0x000000000000377c       0x18 zephyr/subsys/random/libsubsys__random.a(rand32_xoshiro128.c.obj)
 .text.bt_hex   0x0000000000003794       0x44 zephyr/subsys/bluetooth/common/libsubsys__bluetooth__common.a(bt_str.c.obj)
                0x0000000000003794                bt_hex
 .text.bt_addr_le_str
                0x00000000000037d8       0x7c zephyr/subsys/bluetooth/common/libsubsys__bluetooth__common.a(bt_str.c.obj)
                0x00000000000037d8                bt_addr_le_str
 .text.bt_buf_get_rx
                0x0000000000003854       0x20 zephyr/subsys/bluetooth/host/libsubsys__bluetooth__host.a(buf.c.obj)
                0x0000000000003854                bt_buf_get_rx
 .text.bt_buf_get_evt
                0x0000000000003874       0x30 zephyr/subsys/bluetooth/host/libsubsys__bluetooth__host.a(buf.c.obj)
                0x0000000000003874                bt_buf_get_evt
 .text.hci_hardware_error
                0x00000000000038a4       0x24 zephyr/subsys/bluetooth/host/libsubsys__bluetooth__host.a(hci_core.c.obj)
 .text.handle_event.part.0
                0x00000000000038c8       0x48 zephyr/subsys/bluetooth/host/libsubsys__bluetooth__host.a(hci_core.c.obj)
 .text.handle_event
                0x0000000000003910       0x50 zephyr/subsys/bluetooth/host/libsubsys__bluetooth__host.a(hci_core.c.obj)
 .text.hci_le_meta_event
                0x0000000000003960       0x20 zephyr/subsys/bluetooth/host/libsubsys__bluetooth__host.a(hci_core.c.obj)
 .text.hci_cmd_done.part.0
                0x0000000000003980      0x170 zephyr/subsys/bluetooth/host/libsubsys__bluetooth__host.a(hci_core.c.obj)
 .text.hci_cmd_status
                0x0000000000003af0       0x30 zephyr/subsys/bluetooth/host/libsubsys__bluetooth__host.a(hci_core.c.obj)
 .text.hci_cmd_complete
                0x0000000000003b20       0x50 zephyr/subsys/bluetooth/host/libsubsys__bluetooth__host.a(hci_core.c.obj)
 .text.bt_hci_cmd_state_set_init
                0x0000000000003b70       0x24 zephyr/subsys/bluetooth/host/libsubsys__bluetooth__host.a(hci_core.c.obj)
                0x0000000000003b70                bt_hci_cmd_state_set_init
 .text.bt_hci_cmd_create
                0x0000000000003b94       0x74 zephyr/subsys/bluetooth/host/libsubsys__bluetooth__host.a(hci_core.c.obj)
                0x0000000000003b94                bt_hci_cmd_create
 .text.bt_hci_cmd_send_sync
                0x0000000000003c08       0xf0 zephyr/subsys/bluetooth/host/libsubsys__bluetooth__host.a(hci_core.c.obj)
                0x0000000000003c08                bt_hci_cmd_send_sync
 .text.hci_init
                0x0000000000003cf8      0x3a4 zephyr/subsys/bluetooth/host/libsubsys__bluetooth__host.a(hci_core.c.obj)
 .text.bt_hci_le_rand
                0x000000000000409c       0x58 zephyr/subsys/bluetooth/host/libsubsys__bluetooth__host.a(hci_core.c.obj)
                0x000000000000409c                bt_hci_le_rand
 .text.bt_hci_get_ver_str
                0x00000000000040f4       0x3c zephyr/subsys/bluetooth/host/libsubsys__bluetooth__host.a(hci_core.c.obj)
                0x00000000000040f4                bt_hci_get_ver_str
 .text.bt_send  0x0000000000004130       0x10 zephyr/subsys/bluetooth/host/libsubsys__bluetooth__host.a(hci_core.c.obj)
                0x0000000000004130                bt_send
 .text.hci_tx_thread
                0x0000000000004140      0x138 zephyr/subsys/bluetooth/host/libsubsys__bluetooth__host.a(hci_core.c.obj)
 .text.hci_event_prio
                0x0000000000004278       0xa8 zephyr/subsys/bluetooth/host/libsubsys__bluetooth__host.a(hci_core.c.obj)
                0x0000000000004278                hci_event_prio
 .text.bt_recv  0x0000000000004320       0x90 zephyr/subsys/bluetooth/host/libsubsys__bluetooth__host.a(hci_core.c.obj)
                0x0000000000004320                bt_recv
 .text.bt_recv_prio
                0x00000000000043b0       0x3c zephyr/subsys/bluetooth/host/libsubsys__bluetooth__host.a(hci_core.c.obj)
                0x00000000000043b0                bt_recv_prio
 .text.bt_hci_driver_register
                0x00000000000043ec       0x28 zephyr/subsys/bluetooth/host/libsubsys__bluetooth__host.a(hci_core.c.obj)
                0x00000000000043ec                bt_hci_driver_register
 .text.bt_finalize_init
                0x0000000000004414      0x150 zephyr/subsys/bluetooth/host/libsubsys__bluetooth__host.a(hci_core.c.obj)
                0x0000000000004414                bt_finalize_init
 .text.init_work
                0x0000000000004564       0x24 zephyr/subsys/bluetooth/host/libsubsys__bluetooth__host.a(hci_core.c.obj)
 .text.bt_enable
                0x0000000000004588      0x100 zephyr/subsys/bluetooth/host/libsubsys__bluetooth__host.a(hci_core.c.obj)
                0x0000000000004588                bt_enable
 .text.bt_is_ready
                0x0000000000004688       0x18 zephyr/subsys/bluetooth/host/libsubsys__bluetooth__host.a(hci_core.c.obj)
                0x0000000000004688                bt_is_ready
 .text.bt_get_name
                0x00000000000046a0        0x8 zephyr/subsys/bluetooth/host/libsubsys__bluetooth__host.a(hci_core.c.obj)
                0x00000000000046a0                bt_get_name
 .text.id_find  0x00000000000046a8       0x30 zephyr/subsys/bluetooth/host/libsubsys__bluetooth__host.a(id.c.obj)
 .text.set_random_address
                0x00000000000046d8       0x58 zephyr/subsys/bluetooth/host/libsubsys__bluetooth__host.a(id.c.obj)
 .text.id_create.constprop.0
                0x0000000000004730       0x74 zephyr/subsys/bluetooth/host/libsubsys__bluetooth__host.a(id.c.obj)
 .text.bt_id_create
                0x00000000000047a4       0x9c zephyr/subsys/bluetooth/host/libsubsys__bluetooth__host.a(id.c.obj)
                0x00000000000047a4                bt_id_create
 .text.bt_id_read_public_addr
                0x0000000000004840       0x88 zephyr/subsys/bluetooth/host/libsubsys__bluetooth__host.a(id.c.obj)
                0x0000000000004840                bt_id_read_public_addr
 .text.bt_setup_public_id_addr
                0x00000000000048c8       0x20 zephyr/subsys/bluetooth/host/libsubsys__bluetooth__host.a(id.c.obj)
                0x00000000000048c8                bt_setup_public_id_addr
 .text.bt_read_static_addr
                0x00000000000048e8       0x94 zephyr/subsys/bluetooth/host/libsubsys__bluetooth__host.a(id.c.obj)
                0x00000000000048e8                bt_read_static_addr
 .text.bt_setup_random_id_addr
                0x000000000000497c       0x60 zephyr/subsys/bluetooth/host/libsubsys__bluetooth__host.a(id.c.obj)
                0x000000000000497c                bt_setup_random_id_addr
 .text.bt_id_set_adv_own_addr
                0x00000000000049dc       0xd4 zephyr/subsys/bluetooth/host/libsubsys__bluetooth__host.a(id.c.obj)
                0x00000000000049dc                bt_id_set_adv_own_addr
 .text.bt_id_init
                0x0000000000004ab0       0x54 zephyr/subsys/bluetooth/host/libsubsys__bluetooth__host.a(id.c.obj)
                0x0000000000004ab0                bt_id_init
 .text.hci_set_ad
                0x0000000000004b04       0xd0 zephyr/subsys/bluetooth/host/libsubsys__bluetooth__host.a(adv.c.obj)
 .text.valid_adv_param
                0x0000000000004bd4       0x84 zephyr/subsys/bluetooth/host/libsubsys__bluetooth__host.a(adv.c.obj)
 .text.bt_le_adv_start_legacy
                0x0000000000004c58      0x228 zephyr/subsys/bluetooth/host/libsubsys__bluetooth__host.a(adv.c.obj)
                0x0000000000004c58                bt_le_adv_start_legacy
 .text.bt_le_adv_start
                0x0000000000004e80       0x64 zephyr/subsys/bluetooth/host/libsubsys__bluetooth__host.a(adv.c.obj)
                0x0000000000004e80                bt_le_adv_start
 .text.bt_le_adv_stop
                0x0000000000004ee4       0x38 zephyr/subsys/bluetooth/host/libsubsys__bluetooth__host.a(adv.c.obj)
                0x0000000000004ee4                bt_le_adv_stop
 .text.adv_timeout
                0x0000000000004f1c       0x24 zephyr/subsys/bluetooth/host/libsubsys__bluetooth__host.a(adv.c.obj)
 .text.mayfly_init
                0x0000000000004f40       0x4c zephyr/subsys/bluetooth/controller/libsubsys__bluetooth__controller.a(mayfly.c.obj)
                0x0000000000004f40                mayfly_init
 .text.mayfly_enqueue
                0x0000000000004f8c       0xa4 zephyr/subsys/bluetooth/controller/libsubsys__bluetooth__controller.a(mayfly.c.obj)
                0x0000000000004f8c                mayfly_enqueue
 .text.mayfly_run
                0x0000000000005030      0x13c zephyr/subsys/bluetooth/controller/libsubsys__bluetooth__controller.a(mayfly.c.obj)
                0x0000000000005030                mayfly_run
 .text.ticker_remainder_inc
                0x000000000000516c       0x30 zephyr/subsys/bluetooth/controller/libsubsys__bluetooth__controller.a(ticker.c.obj)
 .text.start_us.constprop.0
                0x000000000000519c       0x94 zephyr/subsys/bluetooth/controller/libsubsys__bluetooth__controller.a(ticker.c.obj)
 .text.ticker_job
                0x0000000000005230      0x824 zephyr/subsys/bluetooth/controller/libsubsys__bluetooth__controller.a(ticker.c.obj)
                0x0000000000005230                ticker_job
 .text.ticker_init
                0x0000000000005a54       0x64 zephyr/subsys/bluetooth/controller/libsubsys__bluetooth__controller.a(ticker.c.obj)
                0x0000000000005a54                ticker_init
 .text.ticker_trigger
                0x0000000000005ab8       0x24 zephyr/subsys/bluetooth/controller/libsubsys__bluetooth__controller.a(ticker.c.obj)
                0x0000000000005ab8                ticker_trigger
 .text.ticker_update_ext
                0x0000000000005adc       0x94 zephyr/subsys/bluetooth/controller/libsubsys__bluetooth__controller.a(ticker.c.obj)
                0x0000000000005adc                ticker_update_ext
 .text.ticker_stop
                0x0000000000005b70       0x74 zephyr/subsys/bluetooth/controller/libsubsys__bluetooth__controller.a(ticker.c.obj)
                0x0000000000005b70                ticker_stop
 .text.ll_addr_set
                0x0000000000005be4       0x38 zephyr/subsys/bluetooth/controller/libsubsys__bluetooth__controller.a(ll_addr.c.obj)
                0x0000000000005be4                ll_addr_set
 .text.ll_addr_get
                0x0000000000005c1c       0x20 zephyr/subsys/bluetooth/controller/libsubsys__bluetooth__controller.a(ll_addr.c.obj)
                0x0000000000005c1c                ll_addr_get
 .text.perform_lll_reset
                0x0000000000005c3c       0x5c zephyr/subsys/bluetooth/controller/libsubsys__bluetooth__controller.a(ull.c.obj)
 .text.ull_ticker_status_give
                0x0000000000005c98        0xc zephyr/subsys/bluetooth/controller/libsubsys__bluetooth__controller.a(ull.c.obj)
                0x0000000000005c98                ull_ticker_status_give
 .text.ll_rx_get
                0x0000000000005ca4       0x24 zephyr/subsys/bluetooth/controller/libsubsys__bluetooth__controller.a(ull.c.obj)
                0x0000000000005ca4                ll_rx_get
 .text.ll_rx_link_release
                0x0000000000005cc8        0xc zephyr/subsys/bluetooth/controller/libsubsys__bluetooth__controller.a(ull.c.obj)
                0x0000000000005cc8                ll_rx_link_release
 .text.ll_rx_dequeue
                0x0000000000005cd4       0x7c zephyr/subsys/bluetooth/controller/libsubsys__bluetooth__controller.a(ull.c.obj)
                0x0000000000005cd4                ll_rx_dequeue
 .text.rx_replenish.constprop.0
                0x0000000000005d50       0x74 zephyr/subsys/bluetooth/controller/libsubsys__bluetooth__controller.a(ull.c.obj)
 .text.ll_rx_release
                0x0000000000005dc4        0xc zephyr/subsys/bluetooth/controller/libsubsys__bluetooth__controller.a(ull.c.obj)
                0x0000000000005dc4                ll_rx_release
 .text.ll_rx_mem_release
                0x0000000000005dd0       0xa0 zephyr/subsys/bluetooth/controller/libsubsys__bluetooth__controller.a(ull.c.obj)
                0x0000000000005dd0                ll_rx_mem_release
 .text.ull_ticker_status_take
                0x0000000000005e70       0x24 zephyr/subsys/bluetooth/controller/libsubsys__bluetooth__controller.a(ull.c.obj)
                0x0000000000005e70                ull_ticker_status_take
 .text.ull_disable_mark
                0x0000000000005e94       0x10 zephyr/subsys/bluetooth/controller/libsubsys__bluetooth__controller.a(ull.c.obj)
                0x0000000000005e94                ull_disable_mark
 .text.ull_disable_unmark
                0x0000000000005ea4       0x1c zephyr/subsys/bluetooth/controller/libsubsys__bluetooth__controller.a(ull.c.obj)
                0x0000000000005ea4                ull_disable_unmark
 .text.ull_disable_mark_get
                0x0000000000005ec0        0xc zephyr/subsys/bluetooth/controller/libsubsys__bluetooth__controller.a(ull.c.obj)
                0x0000000000005ec0                ull_disable_mark_get
 .text.ull_disable
                0x0000000000005ecc       0x78 zephyr/subsys/bluetooth/controller/libsubsys__bluetooth__controller.a(ull.c.obj)
                0x0000000000005ecc                ull_disable
 .text.ull_pdu_rx_alloc_peek
                0x0000000000005f44       0x34 zephyr/subsys/bluetooth/controller/libsubsys__bluetooth__controller.a(ull.c.obj)
                0x0000000000005f44                ull_pdu_rx_alloc_peek
 .text.ull_rx_put
                0x0000000000005f78        0xc zephyr/subsys/bluetooth/controller/libsubsys__bluetooth__controller.a(ull.c.obj)
                0x0000000000005f78                ull_rx_put
 .text.ull_rx_sched
                0x0000000000005f84       0x10 zephyr/subsys/bluetooth/controller/libsubsys__bluetooth__controller.a(ull.c.obj)
                0x0000000000005f84                ull_rx_sched
 .text.ull_prepare_enqueue
                0x0000000000005f94       0x68 zephyr/subsys/bluetooth/controller/libsubsys__bluetooth__controller.a(ull.c.obj)
                0x0000000000005f94                ull_prepare_enqueue
 .text.ull_prepare_dequeue_get
                0x0000000000005ffc       0x1c zephyr/subsys/bluetooth/controller/libsubsys__bluetooth__controller.a(ull.c.obj)
                0x0000000000005ffc                ull_prepare_dequeue_get
 .text.ull_prepare_dequeue_iter
                0x0000000000006018       0x38 zephyr/subsys/bluetooth/controller/libsubsys__bluetooth__controller.a(ull.c.obj)
                0x0000000000006018                ull_prepare_dequeue_iter
 .text.ull_prepare_dequeue
                0x0000000000006050       0xdc zephyr/subsys/bluetooth/controller/libsubsys__bluetooth__controller.a(ull.c.obj)
                0x0000000000006050                ull_prepare_dequeue
 .text.ull_event_done
                0x000000000000612c       0x40 zephyr/subsys/bluetooth/controller/libsubsys__bluetooth__controller.a(ull.c.obj)
                0x000000000000612c                ull_event_done
 .text.init_reset
                0x000000000000616c       0xec zephyr/subsys/bluetooth/controller/libsubsys__bluetooth__controller.a(ull.c.obj)
 .text.ll_init  0x0000000000006258       0xc0 zephyr/subsys/bluetooth/controller/libsubsys__bluetooth__controller.a(ull.c.obj)
                0x0000000000006258                ll_init
 .text.ll_reset
                0x0000000000006318       0xe0 zephyr/subsys/bluetooth/controller/libsubsys__bluetooth__controller.a(ull.c.obj)
                0x0000000000006318                ll_reset
 .text.rx_demux
                0x00000000000063f8      0x128 zephyr/subsys/bluetooth/controller/libsubsys__bluetooth__controller.a(ull.c.obj)
 .text.lll_resume
                0x0000000000006520       0x4c zephyr/subsys/bluetooth/controller/libsubsys__bluetooth__controller.a(lll_common.c.obj)
                0x0000000000006520                lll_resume
 .text.hci_driver_init
                0x000000000000656c       0x10 zephyr/subsys/bluetooth/controller/libsubsys__bluetooth__controller.a(hci_driver.c.obj)
 .text.hci_driver_send
                0x000000000000657c       0x68 zephyr/subsys/bluetooth/controller/libsubsys__bluetooth__controller.a(hci_driver.c.obj)
 .text.recv_thread
                0x00000000000065e4       0xbc zephyr/subsys/bluetooth/controller/libsubsys__bluetooth__controller.a(hci_driver.c.obj)
 .text.prio_recv_thread
                0x00000000000066a0       0x4c zephyr/subsys/bluetooth/controller/libsubsys__bluetooth__controller.a(hci_driver.c.obj)
 .text.hci_driver_close
                0x00000000000066ec       0x20 zephyr/subsys/bluetooth/controller/libsubsys__bluetooth__controller.a(hci_driver.c.obj)
 .text.hci_driver_open.part.0
                0x000000000000670c       0x8c zephyr/subsys/bluetooth/controller/libsubsys__bluetooth__controller.a(hci_driver.c.obj)
 .text.hci_driver_open
                0x0000000000006798       0x48 zephyr/subsys/bluetooth/controller/libsubsys__bluetooth__controller.a(hci_driver.c.obj)
 .text.hci_recv_fifo_reset
                0x00000000000067e0       0x20 zephyr/subsys/bluetooth/controller/libsubsys__bluetooth__controller.a(hci_driver.c.obj)
                0x00000000000067e0                hci_recv_fifo_reset
 .text.cmd_complete_status
                0x0000000000006800       0x24 zephyr/subsys/bluetooth/controller/libsubsys__bluetooth__controller.a(hci.c.obj)
 .text.hci_cmd_complete
                0x0000000000006824       0x20 zephyr/subsys/bluetooth/controller/libsubsys__bluetooth__controller.a(hci.c.obj)
                0x0000000000006824                hci_cmd_complete
 .text.hci_vendor_cmd_handle_common
                0x0000000000006844      0x120 zephyr/subsys/bluetooth/controller/libsubsys__bluetooth__controller.a(hci.c.obj)
                0x0000000000006844                hci_vendor_cmd_handle_common
 .text.hci_cmd_handle
                0x0000000000006964      0x330 zephyr/subsys/bluetooth/controller/libsubsys__bluetooth__controller.a(hci.c.obj)
                0x0000000000006964                hci_cmd_handle
 .text.hci_evt_encode
                0x0000000000006c94       0x30 zephyr/subsys/bluetooth/controller/libsubsys__bluetooth__controller.a(hci.c.obj)
                0x0000000000006c94                hci_evt_encode
 .text.ticker_update_op_cb
                0x0000000000006cc4       0x38 zephyr/subsys/bluetooth/controller/libsubsys__bluetooth__controller.a(ull_adv.c.obj)
 .text.init_reset
                0x0000000000006cfc       0x50 zephyr/subsys/bluetooth/controller/libsubsys__bluetooth__controller.a(ull_adv.c.obj)
 .text.ticker_cb
                0x0000000000006d4c       0xfc zephyr/subsys/bluetooth/controller/libsubsys__bluetooth__controller.a(ull_adv.c.obj)
 .text.ll_adv_params_set
                0x0000000000006e48       0xd0 zephyr/subsys/bluetooth/controller/libsubsys__bluetooth__controller.a(ull_adv.c.obj)
                0x0000000000006e48                ll_adv_params_set
 .text.ull_adv_reset_finalize
                0x0000000000006f18       0x20 zephyr/subsys/bluetooth/controller/libsubsys__bluetooth__controller.a(ull_adv.c.obj)
                0x0000000000006f18                ull_adv_reset_finalize
 .text.ull_adv_lll_handle_get
                0x0000000000006f38       0x10 zephyr/subsys/bluetooth/controller/libsubsys__bluetooth__controller.a(ull_adv.c.obj)
                0x0000000000006f38                ull_adv_lll_handle_get
 .text.ull_adv_is_enabled_get
                0x0000000000006f48       0x1c zephyr/subsys/bluetooth/controller/libsubsys__bluetooth__controller.a(ull_adv.c.obj)
                0x0000000000006f48                ull_adv_is_enabled_get
 .text.disable.constprop.0
                0x0000000000006f64       0xe8 zephyr/subsys/bluetooth/controller/libsubsys__bluetooth__controller.a(ull_adv.c.obj)
 .text.ll_adv_data_set
                0x000000000000704c       0x10 zephyr/subsys/bluetooth/controller/libsubsys__bluetooth__controller.a(ull_adv.c.obj)
                0x000000000000704c                ll_adv_data_set
 .text.ll_adv_scan_rsp_set
                0x000000000000705c       0x10 zephyr/subsys/bluetooth/controller/libsubsys__bluetooth__controller.a(ull_adv.c.obj)
                0x000000000000705c                ll_adv_scan_rsp_set
 .text.rtc0_nrf5_isr
                0x000000000000706c       0x2c zephyr/subsys/bluetooth/controller/ll_sw/nordic/libsubsys__bluetooth__controller__ll_sw__nordic.a(lll.c.obj)
 .text.ticker_start_op_cb
                0x0000000000007098       0x9c zephyr/subsys/bluetooth/controller/ll_sw/nordic/libsubsys__bluetooth__controller__ll_sw__nordic.a(lll.c.obj)
 .text.ticker_stop_op_cb
                0x0000000000007134       0x54 zephyr/subsys/bluetooth/controller/ll_sw/nordic/libsubsys__bluetooth__controller__ll_sw__nordic.a(lll.c.obj)
 .text.preempt_ticker_cb
                0x0000000000007188       0x78 zephyr/subsys/bluetooth/controller/ll_sw/nordic/libsubsys__bluetooth__controller__ll_sw__nordic.a(lll.c.obj)
 .text.preempt_ticker_start
                0x0000000000007200      0x17c zephyr/subsys/bluetooth/controller/ll_sw/nordic/libsubsys__bluetooth__controller__ll_sw__nordic.a(lll.c.obj)
 .text.preempt  0x000000000000737c      0x180 zephyr/subsys/bluetooth/controller/ll_sw/nordic/libsubsys__bluetooth__controller__ll_sw__nordic.a(lll.c.obj)
 .text.lll_init
                0x00000000000074fc       0x60 zephyr/subsys/bluetooth/controller/ll_sw/nordic/libsubsys__bluetooth__controller__ll_sw__nordic.a(lll.c.obj)
                0x00000000000074fc                lll_init
 .text.lll_csrand_get
                0x000000000000755c       0x18 zephyr/subsys/bluetooth/controller/ll_sw/nordic/libsubsys__bluetooth__controller__ll_sw__nordic.a(lll.c.obj)
                0x000000000000755c                lll_csrand_get
 .text.lll_csrand_isr_get
                0x0000000000007574       0x24 zephyr/subsys/bluetooth/controller/ll_sw/nordic/libsubsys__bluetooth__controller__ll_sw__nordic.a(lll.c.obj)
                0x0000000000007574                lll_csrand_isr_get
 .text.lll_disable
                0x0000000000007598       0x80 zephyr/subsys/bluetooth/controller/ll_sw/nordic/libsubsys__bluetooth__controller__ll_sw__nordic.a(lll.c.obj)
                0x0000000000007598                lll_disable
 .text.lll_done
                0x0000000000007618       0x98 zephyr/subsys/bluetooth/controller/ll_sw/nordic/libsubsys__bluetooth__controller__ll_sw__nordic.a(lll.c.obj)
                0x0000000000007618                lll_done
 .text.lll_chan_set
                0x00000000000076b0       0x64 zephyr/subsys/bluetooth/controller/ll_sw/nordic/libsubsys__bluetooth__controller__ll_sw__nordic.a(lll.c.obj)
                0x00000000000076b0                lll_chan_set
 .text.lll_isr_cleanup
                0x0000000000007714       0x58 zephyr/subsys/bluetooth/controller/ll_sw/nordic/libsubsys__bluetooth__controller__ll_sw__nordic.a(lll.c.obj)
                0x0000000000007714                lll_isr_cleanup
 .text.lll_prepare_resolve
                0x000000000000776c      0x11c zephyr/subsys/bluetooth/controller/ll_sw/nordic/libsubsys__bluetooth__controller__ll_sw__nordic.a(lll.c.obj)
                0x000000000000776c                lll_prepare_resolve
 .text.lll_clock_init
                0x0000000000007888       0x20 zephyr/subsys/bluetooth/controller/ll_sw/nordic/libsubsys__bluetooth__controller__ll_sw__nordic.a(lll_clock.c.obj)
                0x0000000000007888                lll_clock_init
 .text.lll_hfclock_on
                0x00000000000078a8       0x2c zephyr/subsys/bluetooth/controller/ll_sw/nordic/libsubsys__bluetooth__controller__ll_sw__nordic.a(lll_clock.c.obj)
                0x00000000000078a8                lll_hfclock_on
 .text.lll_hfclock_off
                0x00000000000078d4       0x38 zephyr/subsys/bluetooth/controller/ll_sw/nordic/libsubsys__bluetooth__controller__ll_sw__nordic.a(lll_clock.c.obj)
                0x00000000000078d4                lll_hfclock_off
 .text.isr_tx   0x000000000000790c       0xac zephyr/subsys/bluetooth/controller/ll_sw/nordic/libsubsys__bluetooth__controller__ll_sw__nordic.a(lll_adv.c.obj)
 .text.abort_cb
                0x00000000000079b8       0x50 zephyr/subsys/bluetooth/controller/ll_sw/nordic/libsubsys__bluetooth__controller__ll_sw__nordic.a(lll_adv.c.obj)
 .text.init_reset
                0x0000000000007a08       0x30 zephyr/subsys/bluetooth/controller/ll_sw/nordic/libsubsys__bluetooth__controller__ll_sw__nordic.a(lll_adv.c.obj)
 .text.lll_adv_data_init
                0x0000000000007a38       0x20 zephyr/subsys/bluetooth/controller/ll_sw/nordic/libsubsys__bluetooth__controller__ll_sw__nordic.a(lll_adv.c.obj)
                0x0000000000007a38                lll_adv_data_init
 .text.lll_adv_pdu_alloc_pdu_adv
                0x0000000000007a58       0xc4 zephyr/subsys/bluetooth/controller/ll_sw/nordic/libsubsys__bluetooth__controller__ll_sw__nordic.a(lll_adv.c.obj)
                0x0000000000007a58                lll_adv_pdu_alloc_pdu_adv
 .text.lll_adv_pdu_latest_get
                0x0000000000007b1c       0x5c zephyr/subsys/bluetooth/controller/ll_sw/nordic/libsubsys__bluetooth__controller__ll_sw__nordic.a(lll_adv.c.obj)
                0x0000000000007b1c                lll_adv_pdu_latest_get
 .text.chan_prepare.isra.0
                0x0000000000007b78      0x104 zephyr/subsys/bluetooth/controller/ll_sw/nordic/libsubsys__bluetooth__controller__ll_sw__nordic.a(lll_adv.c.obj)
 .text.lll_adv_prepare
                0x0000000000007c7c       0x74 zephyr/subsys/bluetooth/controller/ll_sw/nordic/libsubsys__bluetooth__controller__ll_sw__nordic.a(lll_adv.c.obj)
                0x0000000000007c7c                lll_adv_prepare
 .text.isr_rx   0x0000000000007cf0       0xfc zephyr/subsys/bluetooth/controller/ll_sw/nordic/libsubsys__bluetooth__controller__ll_sw__nordic.a(lll_adv.c.obj)
 .text.cntr_init
                0x0000000000007dec       0x1c zephyr/subsys/bluetooth/controller/ll_sw/nordic/libsubsys__bluetooth__controller__ll_sw__nordic.a(cntr.c.obj)
                0x0000000000007dec                cntr_init
 .text.cntr_start
                0x0000000000007e08       0x1c zephyr/subsys/bluetooth/controller/ll_sw/nordic/libsubsys__bluetooth__controller__ll_sw__nordic.a(cntr.c.obj)
                0x0000000000007e08                cntr_start
 .text.cntr_stop
                0x0000000000007e24       0x48 zephyr/subsys/bluetooth/controller/ll_sw/nordic/libsubsys__bluetooth__controller__ll_sw__nordic.a(cntr.c.obj)
                0x0000000000007e24                cntr_stop
 .text.cntr_cnt_get
                0x0000000000007e6c        0xc zephyr/subsys/bluetooth/controller/ll_sw/nordic/libsubsys__bluetooth__controller__ll_sw__nordic.a(cntr.c.obj)
                0x0000000000007e6c                cntr_cnt_get
 .text.cntr_cmp_set
                0x0000000000007e78       0x10 zephyr/subsys/bluetooth/controller/ll_sw/nordic/libsubsys__bluetooth__controller__ll_sw__nordic.a(cntr.c.obj)
                0x0000000000007e78                cntr_cmp_set
 .text.do_ecb   0x0000000000007e88       0x48 zephyr/subsys/bluetooth/controller/ll_sw/nordic/libsubsys__bluetooth__controller__ll_sw__nordic.a(ecb.c.obj)
 .text.nrf52_errata_106
                0x0000000000007ed0       0x3c zephyr/subsys/bluetooth/controller/ll_sw/nordic/libsubsys__bluetooth__controller__ll_sw__nordic.a(radio.c.obj)
 .text.isr_radio
                0x0000000000007f0c       0x20 zephyr/subsys/bluetooth/controller/ll_sw/nordic/libsubsys__bluetooth__controller__ll_sw__nordic.a(radio.c.obj)
                0x0000000000007f0c                isr_radio
 .text.radio_isr_set
                0x0000000000007f2c       0x40 zephyr/subsys/bluetooth/controller/ll_sw/nordic/libsubsys__bluetooth__controller__ll_sw__nordic.a(radio.c.obj)
                0x0000000000007f2c                radio_isr_set
 .text.radio_reset
                0x0000000000007f6c       0x84 zephyr/subsys/bluetooth/controller/ll_sw/nordic/libsubsys__bluetooth__controller__ll_sw__nordic.a(radio.c.obj)
                0x0000000000007f6c                radio_reset
 .text.radio_phy_set
                0x0000000000007ff0       0x1c zephyr/subsys/bluetooth/controller/ll_sw/nordic/libsubsys__bluetooth__controller__ll_sw__nordic.a(radio.c.obj)
                0x0000000000007ff0                radio_phy_set
 .text.radio_tx_power_set
                0x000000000000800c        0xc zephyr/subsys/bluetooth/controller/ll_sw/nordic/libsubsys__bluetooth__controller__ll_sw__nordic.a(radio.c.obj)
                0x000000000000800c                radio_tx_power_set
 .text.radio_freq_chan_set
                0x0000000000008018        0xc zephyr/subsys/bluetooth/controller/ll_sw/nordic/libsubsys__bluetooth__controller__ll_sw__nordic.a(radio.c.obj)
                0x0000000000008018                radio_freq_chan_set
 .text.radio_whiten_iv_set
                0x0000000000008024       0x24 zephyr/subsys/bluetooth/controller/ll_sw/nordic/libsubsys__bluetooth__controller__ll_sw__nordic.a(radio.c.obj)
                0x0000000000008024                radio_whiten_iv_set
 .text.radio_aa_set
                0x0000000000008048       0x30 zephyr/subsys/bluetooth/controller/ll_sw/nordic/libsubsys__bluetooth__controller__ll_sw__nordic.a(radio.c.obj)
                0x0000000000008048                radio_aa_set
 .text.radio_pkt_configure
                0x0000000000008078       0x54 zephyr/subsys/bluetooth/controller/ll_sw/nordic/libsubsys__bluetooth__controller__ll_sw__nordic.a(radio.c.obj)
                0x0000000000008078                radio_pkt_configure
 .text.radio_pkt_rx_set
                0x00000000000080cc        0xc zephyr/subsys/bluetooth/controller/ll_sw/nordic/libsubsys__bluetooth__controller__ll_sw__nordic.a(radio.c.obj)
                0x00000000000080cc                radio_pkt_rx_set
 .text.radio_pkt_tx_set
                0x00000000000080d8        0xc zephyr/subsys/bluetooth/controller/ll_sw/nordic/libsubsys__bluetooth__controller__ll_sw__nordic.a(radio.c.obj)
                0x00000000000080d8                radio_pkt_tx_set
 .text.radio_tx_enable
                0x00000000000080e4        0xc zephyr/subsys/bluetooth/controller/ll_sw/nordic/libsubsys__bluetooth__controller__ll_sw__nordic.a(radio.c.obj)
                0x00000000000080e4                radio_tx_enable
 .text.radio_disable
                0x00000000000080f0       0x24 zephyr/subsys/bluetooth/controller/ll_sw/nordic/libsubsys__bluetooth__controller__ll_sw__nordic.a(radio.c.obj)
                0x00000000000080f0                radio_disable
 .text.radio_status_reset
                0x0000000000008114       0x24 zephyr/subsys/bluetooth/controller/ll_sw/nordic/libsubsys__bluetooth__controller__ll_sw__nordic.a(radio.c.obj)
                0x0000000000008114                radio_status_reset
 .text.radio_is_ready
                0x0000000000008138       0x14 zephyr/subsys/bluetooth/controller/ll_sw/nordic/libsubsys__bluetooth__controller__ll_sw__nordic.a(radio.c.obj)
                0x0000000000008138                radio_is_ready
 .text.radio_is_done
                0x000000000000814c       0x14 zephyr/subsys/bluetooth/controller/ll_sw/nordic/libsubsys__bluetooth__controller__ll_sw__nordic.a(radio.c.obj)
                0x000000000000814c                radio_is_done
 .text.radio_is_idle
                0x0000000000008160       0x14 zephyr/subsys/bluetooth/controller/ll_sw/nordic/libsubsys__bluetooth__controller__ll_sw__nordic.a(radio.c.obj)
                0x0000000000008160                radio_is_idle
 .text.radio_crc_configure
                0x0000000000008174       0x18 zephyr/subsys/bluetooth/controller/ll_sw/nordic/libsubsys__bluetooth__controller__ll_sw__nordic.a(radio.c.obj)
                0x0000000000008174                radio_crc_configure
 .text.radio_crc_is_valid
                0x000000000000818c       0x14 zephyr/subsys/bluetooth/controller/ll_sw/nordic/libsubsys__bluetooth__controller__ll_sw__nordic.a(radio.c.obj)
                0x000000000000818c                radio_crc_is_valid
 .text.sw_switch
                0x00000000000081a0      0x134 zephyr/subsys/bluetooth/controller/ll_sw/nordic/libsubsys__bluetooth__controller__ll_sw__nordic.a(radio.c.obj)
                0x00000000000081a0                sw_switch
 .text.radio_switch_complete_and_rx
                0x00000000000082d4       0x28 zephyr/subsys/bluetooth/controller/ll_sw/nordic/libsubsys__bluetooth__controller__ll_sw__nordic.a(radio.c.obj)
                0x00000000000082d4                radio_switch_complete_and_rx
 .text.radio_switch_complete_and_tx
                0x00000000000082fc       0x28 zephyr/subsys/bluetooth/controller/ll_sw/nordic/libsubsys__bluetooth__controller__ll_sw__nordic.a(radio.c.obj)
                0x00000000000082fc                radio_switch_complete_and_tx
 .text.radio_switch_complete_and_b2b_tx_disable
                0x0000000000008324       0x1c zephyr/subsys/bluetooth/controller/ll_sw/nordic/libsubsys__bluetooth__controller__ll_sw__nordic.a(radio.c.obj)
                0x0000000000008324                radio_switch_complete_and_b2b_tx_disable
 .text.radio_rssi_status_reset
                0x0000000000008340       0x14 zephyr/subsys/bluetooth/controller/ll_sw/nordic/libsubsys__bluetooth__controller__ll_sw__nordic.a(radio.c.obj)
                0x0000000000008340                radio_rssi_status_reset
 .text.radio_rssi_is_ready
                0x0000000000008354       0x14 zephyr/subsys/bluetooth/controller/ll_sw/nordic/libsubsys__bluetooth__controller__ll_sw__nordic.a(radio.c.obj)
                0x0000000000008354                radio_rssi_is_ready
 .text.radio_filter_disable
                0x0000000000008368       0x14 zephyr/subsys/bluetooth/controller/ll_sw/nordic/libsubsys__bluetooth__controller__ll_sw__nordic.a(radio.c.obj)
                0x0000000000008368                radio_filter_disable
 .text.radio_filter_status_reset
                0x000000000000837c       0x14 zephyr/subsys/bluetooth/controller/ll_sw/nordic/libsubsys__bluetooth__controller__ll_sw__nordic.a(radio.c.obj)
                0x000000000000837c                radio_filter_status_reset
 .text.radio_filter_has_match
                0x0000000000008390       0x14 zephyr/subsys/bluetooth/controller/ll_sw/nordic/libsubsys__bluetooth__controller__ll_sw__nordic.a(radio.c.obj)
                0x0000000000008390                radio_filter_has_match
 .text.radio_filter_match_get
                0x00000000000083a4        0xc zephyr/subsys/bluetooth/controller/ll_sw/nordic/libsubsys__bluetooth__controller__ll_sw__nordic.a(radio.c.obj)
                0x00000000000083a4                radio_filter_match_get
 .text.radio_tmr_status_reset
                0x00000000000083b0       0x20 zephyr/subsys/bluetooth/controller/ll_sw/nordic/libsubsys__bluetooth__controller__ll_sw__nordic.a(radio.c.obj)
                0x00000000000083b0                radio_tmr_status_reset
 .text.radio_tmr_tifs_set
                0x00000000000083d0       0x18 zephyr/subsys/bluetooth/controller/ll_sw/nordic/libsubsys__bluetooth__controller__ll_sw__nordic.a(radio.c.obj)
                0x00000000000083d0                radio_tmr_tifs_set
 .text.radio_tmr_start
                0x00000000000083e8       0xf0 zephyr/subsys/bluetooth/controller/ll_sw/nordic/libsubsys__bluetooth__controller__ll_sw__nordic.a(radio.c.obj)
                0x00000000000083e8                radio_tmr_start
 .text.radio_tmr_stop
                0x00000000000084d8       0x18 zephyr/subsys/bluetooth/controller/ll_sw/nordic/libsubsys__bluetooth__controller__ll_sw__nordic.a(radio.c.obj)
                0x00000000000084d8                radio_tmr_stop
 .text.radio_tmr_hcto_configure
                0x00000000000084f0       0x18 zephyr/subsys/bluetooth/controller/ll_sw/nordic/libsubsys__bluetooth__controller__ll_sw__nordic.a(radio.c.obj)
                0x00000000000084f0                radio_tmr_hcto_configure
 .text.radio_tmr_end_capture
                0x0000000000008508       0x10 zephyr/subsys/bluetooth/controller/ll_sw/nordic/libsubsys__bluetooth__controller__ll_sw__nordic.a(radio.c.obj)
                0x0000000000008508                radio_tmr_end_capture
 .text.radio_tmr_tifs_base_get
                0x0000000000008518        0xc zephyr/subsys/bluetooth/controller/ll_sw/nordic/libsubsys__bluetooth__controller__ll_sw__nordic.a(radio.c.obj)
                0x0000000000008518                radio_tmr_tifs_base_get
 .text.mayfly_enable_cb
                0x0000000000008524       0x44 zephyr/subsys/bluetooth/controller/ll_sw/nordic/libsubsys__bluetooth__controller__ll_sw__nordic.a(mayfly.c.obj)
                0x0000000000008524                mayfly_enable_cb
 .text.mayfly_is_enabled
                0x0000000000008568       0x40 zephyr/subsys/bluetooth/controller/ll_sw/nordic/libsubsys__bluetooth__controller__ll_sw__nordic.a(mayfly.c.obj)
                0x0000000000008568                mayfly_is_enabled
 .text.mayfly_pend
                0x00000000000085a8       0x4c zephyr/subsys/bluetooth/controller/ll_sw/nordic/libsubsys__bluetooth__controller__ll_sw__nordic.a(mayfly.c.obj)
                0x00000000000085a8                mayfly_pend
 .text.hal_ticker_instance0_caller_id_get
                0x00000000000085f4       0x58 zephyr/subsys/bluetooth/controller/ll_sw/nordic/libsubsys__bluetooth__controller__ll_sw__nordic.a(ticker.c.obj)
                0x00000000000085f4                hal_ticker_instance0_caller_id_get
 .text.hal_ticker_instance0_sched
                0x000000000000864c       0xc0 zephyr/subsys/bluetooth/controller/ll_sw/nordic/libsubsys__bluetooth__controller__ll_sw__nordic.a(ticker.c.obj)
                0x000000000000864c                hal_ticker_instance0_sched
 .text.net_buf_destroy
                0x000000000000870c       0x38 zephyr/subsys/net/libsubsys__net.a(buf.c.obj)
 .text.net_buf_id
                0x0000000000008744       0x20 zephyr/subsys/net/libsubsys__net.a(buf.c.obj)
                0x0000000000008744                net_buf_id
 .text.fixed_data_alloc
                0x0000000000008764       0x24 zephyr/subsys/net/libsubsys__net.a(buf.c.obj)
 .text.net_buf_alloc_len
                0x0000000000008788       0xf4 zephyr/subsys/net/libsubsys__net.a(buf.c.obj)
                0x0000000000008788                net_buf_alloc_len
 .text.net_buf_unref
                0x000000000000887c       0x38 zephyr/subsys/net/libsubsys__net.a(buf.c.obj)
                0x000000000000887c                net_buf_unref
 .text.onoff_stop
                0x00000000000088b4       0x30 zephyr/drivers/clock_control/libdrivers__clock_control.a(clock_control_nrf.c.obj)
 .text.onoff_start
                0x00000000000088e4       0x44 zephyr/drivers/clock_control/libdrivers__clock_control.a(clock_control_nrf.c.obj)
 .text.generic_hfclk_stop
                0x0000000000008928       0x34 zephyr/drivers/clock_control/libdrivers__clock_control.a(clock_control_nrf.c.obj)
 .text.clk_init
                0x000000000000895c       0x58 zephyr/drivers/clock_control/libdrivers__clock_control.a(clock_control_nrf.c.obj)
 .text.clkstarted_handle.constprop.0
                0x00000000000089b4       0x34 zephyr/drivers/clock_control/libdrivers__clock_control.a(clock_control_nrf.c.obj)
 .text.clock_event_handler
                0x00000000000089e8       0x1c zephyr/drivers/clock_control/libdrivers__clock_control.a(clock_control_nrf.c.obj)
 .text.generic_hfclk_start
                0x0000000000008a04       0x64 zephyr/drivers/clock_control/libdrivers__clock_control.a(clock_control_nrf.c.obj)
 .text.api_blocking_start
                0x0000000000008a68       0x3c zephyr/drivers/clock_control/libdrivers__clock_control.a(clock_control_nrf.c.obj)
 .text.lfclk_start
                0x0000000000008aa4       0x24 zephyr/drivers/clock_control/libdrivers__clock_control.a(clock_control_nrf.c.obj)
 .text.z_nrf_clock_control_get_onoff
                0x0000000000008ac8       0x10 zephyr/drivers/clock_control/libdrivers__clock_control.a(clock_control_nrf.c.obj)
                0x0000000000008ac8                z_nrf_clock_control_get_onoff
 .text.z_nrf_clock_bt_ctlr_hf_request
                0x0000000000008ad8       0x2c zephyr/drivers/clock_control/libdrivers__clock_control.a(clock_control_nrf.c.obj)
                0x0000000000008ad8                z_nrf_clock_bt_ctlr_hf_request
 .text.z_nrf_clock_bt_ctlr_hf_release
                0x0000000000008b04       0x34 zephyr/drivers/clock_control/libdrivers__clock_control.a(clock_control_nrf.c.obj)
                0x0000000000008b04                z_nrf_clock_bt_ctlr_hf_release
 .text.z_nrf_clock_control_lf_on
                0x0000000000008b38       0xfc zephyr/drivers/clock_control/libdrivers__clock_control.a(clock_control_nrf.c.obj)
                0x0000000000008b38                z_nrf_clock_control_lf_on
 .text.uart_console_init
                0x0000000000008c34       0x28 zephyr/drivers/console/libdrivers__console.a(uart_console.c.obj)
 .text.console_out
                0x0000000000008c5c       0x28 zephyr/drivers/console/libdrivers__console.a(uart_console.c.obj)
 .text.random_byte_get
                0x0000000000008c84       0x3c zephyr/drivers/entropy/libdrivers__entropy.a(entropy_nrf5.c.obj)
 .text.rng_pool_get
                0x0000000000008cc0       0x8c zephyr/drivers/entropy/libdrivers__entropy.a(entropy_nrf5.c.obj)
 .text.entropy_nrf5_get_entropy_isr
                0x0000000000008d4c       0xac zephyr/drivers/entropy/libdrivers__entropy.a(entropy_nrf5.c.obj)
 .text.entropy_nrf5_get_entropy
                0x0000000000008df8       0x58 zephyr/drivers/entropy/libdrivers__entropy.a(entropy_nrf5.c.obj)
 .text.entropy_nrf5_init
                0x0000000000008e50       0x70 zephyr/drivers/entropy/libdrivers__entropy.a(entropy_nrf5.c.obj)
 .text.isr      0x0000000000008ec0       0x74 zephyr/drivers/entropy/libdrivers__entropy.a(entropy_nrf5.c.obj)
 .text.gpio_nrfx_init
                0x0000000000008f34       0x48 zephyr/drivers/gpio/libdrivers__gpio.a(gpio_nrfx.c.obj)
 .text.nrfx_gpio_handler
                0x0000000000008f7c       0x3c zephyr/drivers/gpio/libdrivers__gpio.a(gpio_nrfx.c.obj)
 .text.gpio_nrfx_pin_configure
                0x0000000000008fb8      0x180 zephyr/drivers/gpio/libdrivers__gpio.a(gpio_nrfx.c.obj)
 .text.gpio_nrfx_pin_interrupt_configure
                0x0000000000009138       0xf4 zephyr/drivers/gpio/libdrivers__gpio.a(gpio_nrfx.c.obj)
 .text.sx1509b_init
                0x000000000000922c      0x174 zephyr/drivers/gpio/libdrivers__gpio.a(gpio_sx1509b.c.obj)
 .text.i2c_nrfx_twim_configure
                0x00000000000093a0       0x44 zephyr/drivers/i2c/libdrivers__i2c.a(i2c_nrfx_twim.c.obj)
 .text.i2c_nrfx_twim_init
                0x00000000000093e4       0x7c zephyr/drivers/i2c/libdrivers__i2c.a(i2c_nrfx_twim.c.obj)
 .text.i2c_nrfx_twim_recover_bus
                0x0000000000009460       0x3c zephyr/drivers/i2c/libdrivers__i2c.a(i2c_nrfx_twim.c.obj)
 .text.event_handler
                0x000000000000949c       0x34 zephyr/drivers/i2c/libdrivers__i2c.a(i2c_nrfx_twim.c.obj)
 .text.i2c_nrfx_twim_transfer
                0x00000000000094d0      0x1d8 zephyr/drivers/i2c/libdrivers__i2c.a(i2c_nrfx_twim.c.obj)
 .text.pinctrl_configure_pins
                0x00000000000096a8      0x114 zephyr/drivers/pinctrl/libdrivers__pinctrl.a(pinctrl_nrf.c.obj)
                0x00000000000096a8                pinctrl_configure_pins
 .text.regulator_delay
                0x00000000000097bc       0x2c zephyr/drivers/regulator/libdrivers__regulator.a(regulator_common.c.obj)
 .text.regulator_fixed_init
                0x00000000000097e8       0x94 zephyr/drivers/regulator/libdrivers__regulator.a(regulator_fixed.c.obj)
 .text.ccs811_channel_get
                0x000000000000987c       0x4c zephyr/drivers/sensor/ccs811/libdrivers__sensor__ccs811.a(ccs811.c.obj)
 .text.fetch_status.isra.0
                0x00000000000098c8       0x58 zephyr/drivers/sensor/ccs811/libdrivers__sensor__ccs811.a(ccs811.c.obj)
 .text.ccs811_init
                0x0000000000009920      0x1f4 zephyr/drivers/sensor/ccs811/libdrivers__sensor__ccs811.a(ccs811.c.obj)
 .text.ccs811_configver_fetch
                0x0000000000009b14       0xc0 zephyr/drivers/sensor/ccs811/libdrivers__sensor__ccs811.a(ccs811.c.obj)
                0x0000000000009b14                ccs811_configver_fetch
 .text.hts221_channel_get
                0x0000000000009bd4       0x90 zephyr/drivers/sensor/hts221/libdrivers__sensor__hts221.a(hts221.c.obj)
 .text.hts221_sample_fetch
                0x0000000000009c64       0x3c zephyr/drivers/sensor/hts221/libdrivers__sensor__hts221.a(hts221.c.obj)
 .text.hts221_init
                0x0000000000009ca0      0x100 zephyr/drivers/sensor/hts221/libdrivers__sensor__hts221.a(hts221.c.obj)
                0x0000000000009ca0                hts221_init
 .text.hts221_init_interrupt
                0x0000000000009da0      0x138 zephyr/drivers/sensor/hts221/libdrivers__sensor__hts221.a(hts221_trigger.c.obj)
                0x0000000000009da0                hts221_init_interrupt
 .text.lis2dh_channel_get
                0x0000000000009ed8       0x54 zephyr/drivers/sensor/lis2dh/libdrivers__sensor__lis2dh.a(lis2dh.c.obj)
 .text.lis2dh_fetch_xyz.constprop.0
                0x0000000000009f2c       0x38 zephyr/drivers/sensor/lis2dh/libdrivers__sensor__lis2dh.a(lis2dh.c.obj)
 .text.lis2dh_sample_fetch
                0x0000000000009f64       0x34 zephyr/drivers/sensor/lis2dh/libdrivers__sensor__lis2dh.a(lis2dh.c.obj)
 .text.lis2dh_attr_set.part.0
                0x0000000000009f98       0x1c zephyr/drivers/sensor/lis2dh/libdrivers__sensor__lis2dh.a(lis2dh.c.obj)
 .text.lis2dh_init
                0x0000000000009fb4      0x130 zephyr/drivers/sensor/lis2dh/libdrivers__sensor__lis2dh.a(lis2dh.c.obj)
                0x0000000000009fb4                lis2dh_init
 .text.lis2dh_i2c_init
                0x000000000000a0e4       0x34 zephyr/drivers/sensor/lis2dh/libdrivers__sensor__lis2dh.a(lis2dh_i2c.c.obj)
                0x000000000000a0e4                lis2dh_i2c_init
 .text.lps22hb_channel_get
                0x000000000000a118       0x54 zephyr/drivers/sensor/lps22hb/libdrivers__sensor__lps22hb.a(lps22hb.c.obj)
 .text.lps22hb_init.part.0
                0x000000000000a16c       0x1c zephyr/drivers/sensor/lps22hb/libdrivers__sensor__lps22hb.a(lps22hb.c.obj)
 .text.hfclk_on_callback
                0x000000000000a188        0xc zephyr/drivers/sensor/nrf5/libdrivers__sensor__nrf5.a(temp_nrf5.c.obj)
 .text.temp_nrf5_channel_get
                0x000000000000a194       0x2c zephyr/drivers/sensor/nrf5/libdrivers__sensor__nrf5.a(temp_nrf5.c.obj)
 .text.temp_nrf5_isr
                0x000000000000a1c0       0x18 zephyr/drivers/sensor/nrf5/libdrivers__sensor__nrf5.a(temp_nrf5.c.obj)
 .text.temp_nrf5_sample_fetch
                0x000000000000a1d8       0x78 zephyr/drivers/sensor/nrf5/libdrivers__sensor__nrf5.a(temp_nrf5.c.obj)
 .text.temp_nrf5_init
                0x000000000000a250       0x40 zephyr/drivers/sensor/nrf5/libdrivers__sensor__nrf5.a(temp_nrf5.c.obj)
 .text.uarte_0_init
                0x000000000000a290      0x240 zephyr/drivers/serial/libdrivers__serial.a(uart_nrfx_uarte.c.obj)
 .text.uarte_nrfx_poll_out
                0x000000000000a4d0       0xcc zephyr/drivers/serial/libdrivers__serial.a(uart_nrfx_uarte.c.obj)
 .text.compare_int_lock
                0x000000000000a59c       0x48 zephyr/drivers/timer/libdrivers__timer.a(nrf_rtc_timer.c.obj)
 .text.sys_clock_timeout_handler
                0x000000000000a5e4       0x48 zephyr/drivers/timer/libdrivers__timer.a(nrf_rtc_timer.c.obj)
 .text.compare_int_unlock
                0x000000000000a62c       0x5c zephyr/drivers/timer/libdrivers__timer.a(nrf_rtc_timer.c.obj)
 .text.z_nrf_rtc_timer_read
                0x000000000000a688       0x44 zephyr/drivers/timer/libdrivers__timer.a(nrf_rtc_timer.c.obj)
                0x000000000000a688                z_nrf_rtc_timer_read
 .text.compare_set
                0x000000000000a6cc      0x130 zephyr/drivers/timer/libdrivers__timer.a(nrf_rtc_timer.c.obj)
 .text.sys_clock_driver_init
                0x000000000000a7fc       0x90 zephyr/drivers/timer/libdrivers__timer.a(nrf_rtc_timer.c.obj)
 .text.rtc_nrf_isr
                0x000000000000a88c       0xd4 zephyr/drivers/timer/libdrivers__timer.a(nrf_rtc_timer.c.obj)
                0x000000000000a88c                rtc_nrf_isr
 .text.sys_clock_set_timeout
                0x000000000000a960       0x5c zephyr/drivers/timer/libdrivers__timer.a(nrf_rtc_timer.c.obj)
                0x000000000000a960                sys_clock_set_timeout
 .text.sys_clock_elapsed
                0x000000000000a9bc       0x14 zephyr/drivers/timer/libdrivers__timer.a(nrf_rtc_timer.c.obj)
                0x000000000000a9bc                sys_clock_elapsed
 .text.nrf52_errata_16
                0x000000000000a9d0       0x28 modules/hal_nordic/nrfx/libmodules__hal_nordic__nrfx.a(system_nrf52.c.obj)
 .text.SystemInit
                0x000000000000a9f8      0x218 modules/hal_nordic/nrfx/libmodules__hal_nordic__nrfx.a(system_nrf52.c.obj)
                0x000000000000a9f8                SystemInit
 .text.nrfx_flag32_alloc
                0x000000000000ac10       0x48 modules/hal_nordic/nrfx/libmodules__hal_nordic__nrfx.a(nrfx_flag32_allocator.c.obj)
                0x000000000000ac10                nrfx_flag32_alloc
 .text.nrfx_flag32_free
                0x000000000000ac58       0x40 modules/hal_nordic/nrfx/libmodules__hal_nordic__nrfx.a(nrfx_flag32_allocator.c.obj)
                0x000000000000ac58                nrfx_flag32_free
 .text.nrfx_gppi_channels_enable
                0x000000000000ac98        0xc modules/hal_nordic/nrfx/libmodules__hal_nordic__nrfx.a(nrfx_gppi_ppi.c.obj)
                0x000000000000ac98                nrfx_gppi_channels_enable
 .text.clock_stop
                0x000000000000aca4       0xc4 modules/hal_nordic/nrfx/libmodules__hal_nordic__nrfx.a(nrfx_clock.c.obj)
 .text.nrfx_clock_init
                0x000000000000ad68       0x20 modules/hal_nordic/nrfx/libmodules__hal_nordic__nrfx.a(nrfx_clock.c.obj)
                0x000000000000ad68                nrfx_clock_init
 .text.nrfx_clock_enable
                0x000000000000ad88       0x24 modules/hal_nordic/nrfx/libmodules__hal_nordic__nrfx.a(nrfx_clock.c.obj)
                0x000000000000ad88                nrfx_clock_enable
 .text.nrfx_clock_start
                0x000000000000adac       0xec modules/hal_nordic/nrfx/libmodules__hal_nordic__nrfx.a(nrfx_clock.c.obj)
                0x000000000000adac                nrfx_clock_start
 .text.nrfx_power_clock_irq_handler
                0x000000000000ae98       0x68 modules/hal_nordic/nrfx/libmodules__hal_nordic__nrfx.a(nrfx_clock.c.obj)
                0x000000000000ae98                nrfx_power_clock_irq_handler
 .text.call_handler.constprop.0
                0x000000000000af00       0x3c modules/hal_nordic/nrfx/libmodules__hal_nordic__nrfx.a(nrfx_gpiote.c.obj)
 .text.release_handler.isra.0
                0x000000000000af3c       0x54 modules/hal_nordic/nrfx/libmodules__hal_nordic__nrfx.a(nrfx_gpiote.c.obj)
 .text.__nrfy_internal_gpiote_events_process.constprop.0
                0x000000000000af90       0x5c modules/hal_nordic/nrfx/libmodules__hal_nordic__nrfx.a(nrfx_gpiote.c.obj)
 .text.pin_trigger_disable
                0x000000000000afec       0x40 modules/hal_nordic/nrfx/libmodules__hal_nordic__nrfx.a(nrfx_gpiote.c.obj)
 .text.pin_uninit
                0x000000000000b02c       0x74 modules/hal_nordic/nrfx/libmodules__hal_nordic__nrfx.a(nrfx_gpiote.c.obj)
 .text.nrfx_gpiote_input_configure
                0x000000000000b0a0      0x160 modules/hal_nordic/nrfx/libmodules__hal_nordic__nrfx.a(nrfx_gpiote.c.obj)
                0x000000000000b0a0                nrfx_gpiote_input_configure
 .text.nrfx_gpiote_output_configure
                0x000000000000b200       0xec modules/hal_nordic/nrfx/libmodules__hal_nordic__nrfx.a(nrfx_gpiote.c.obj)
                0x000000000000b200                nrfx_gpiote_output_configure
 .text.nrfx_gpiote_global_callback_set
                0x000000000000b2ec        0xc modules/hal_nordic/nrfx/libmodules__hal_nordic__nrfx.a(nrfx_gpiote.c.obj)
                0x000000000000b2ec                nrfx_gpiote_global_callback_set
 .text.nrfx_gpiote_channel_get
                0x000000000000b2f8       0x24 modules/hal_nordic/nrfx/libmodules__hal_nordic__nrfx.a(nrfx_gpiote.c.obj)
                0x000000000000b2f8                nrfx_gpiote_channel_get
 .text.nrfx_gpiote_init
                0x000000000000b31c       0x70 modules/hal_nordic/nrfx/libmodules__hal_nordic__nrfx.a(nrfx_gpiote.c.obj)
                0x000000000000b31c                nrfx_gpiote_init
 .text.nrfx_gpiote_init_check
                0x000000000000b38c       0x14 modules/hal_nordic/nrfx/libmodules__hal_nordic__nrfx.a(nrfx_gpiote.c.obj)
                0x000000000000b38c                nrfx_gpiote_init_check
 .text.nrfx_gpiote_channel_free
                0x000000000000b3a0        0xc modules/hal_nordic/nrfx/libmodules__hal_nordic__nrfx.a(nrfx_gpiote.c.obj)
                0x000000000000b3a0                nrfx_gpiote_channel_free
 .text.nrfx_gpiote_channel_alloc
                0x000000000000b3ac        0xc modules/hal_nordic/nrfx/libmodules__hal_nordic__nrfx.a(nrfx_gpiote.c.obj)
                0x000000000000b3ac                nrfx_gpiote_channel_alloc
 .text.nrfx_gpiote_trigger_enable
                0x000000000000b3b8       0x84 modules/hal_nordic/nrfx/libmodules__hal_nordic__nrfx.a(nrfx_gpiote.c.obj)
                0x000000000000b3b8                nrfx_gpiote_trigger_enable
 .text.nrfx_gpiote_0_irq_handler
                0x000000000000b43c      0x160 modules/hal_nordic/nrfx/libmodules__hal_nordic__nrfx.a(nrfx_gpiote.c.obj)
                0x000000000000b43c                nrfx_gpiote_0_irq_handler
 .text.nrfx_ppi_channel_alloc
                0x000000000000b59c        0xc modules/hal_nordic/nrfx/libmodules__hal_nordic__nrfx.a(nrfx_ppi.c.obj)
                0x000000000000b59c                nrfx_ppi_channel_alloc
 .text.twim_configure
                0x000000000000b5a8       0x3c modules/hal_nordic/nrfx/libmodules__hal_nordic__nrfx.a(nrfx_twim.c.obj)
 .text.irq_handler
                0x000000000000b5e4      0x1dc modules/hal_nordic/nrfx/libmodules__hal_nordic__nrfx.a(nrfx_twim.c.obj)
 .text.nrfx_twim_init
                0x000000000000b7c0       0xc4 modules/hal_nordic/nrfx/libmodules__hal_nordic__nrfx.a(nrfx_twim.c.obj)
                0x000000000000b7c0                nrfx_twim_init
 .text.nrfx_twim_enable
                0x000000000000b884       0x20 modules/hal_nordic/nrfx/libmodules__hal_nordic__nrfx.a(nrfx_twim.c.obj)
                0x000000000000b884                nrfx_twim_enable
 .text.nrfx_twim_disable
                0x000000000000b8a4       0x3c modules/hal_nordic/nrfx/libmodules__hal_nordic__nrfx.a(nrfx_twim.c.obj)
                0x000000000000b8a4                nrfx_twim_disable
 .text.nrfx_twim_xfer
                0x000000000000b8e0      0x388 modules/hal_nordic/nrfx/libmodules__hal_nordic__nrfx.a(nrfx_twim.c.obj)
                0x000000000000b8e0                nrfx_twim_xfer
 .text.nrfx_twim_0_irq_handler
                0x000000000000bc68       0x10 modules/hal_nordic/nrfx/libmodules__hal_nordic__nrfx.a(nrfx_twim.c.obj)
                0x000000000000bc68                nrfx_twim_0_irq_handler
 .text.nrfx_twim_1_irq_handler
                0x000000000000bc78       0x10 modules/hal_nordic/nrfx/libmodules__hal_nordic__nrfx.a(nrfx_twim.c.obj)
                0x000000000000bc78                nrfx_twim_1_irq_handler
 .text.nrfx_twi_twim_bus_recover
                0x000000000000bc88       0xdc modules/hal_nordic/nrfx/libmodules__hal_nordic__nrfx.a(nrfx_twi_twim.c.obj)
                0x000000000000bc88                nrfx_twi_twim_bus_recover
 .text._DoInit  0x000000000000bd64       0x60 modules/segger/libmodules__segger.a(SEGGER_RTT.c.obj)
 .text.SEGGER_RTT_WriteSkipNoLock
                0x000000000000bdc4       0x88 modules/segger/libmodules__segger.a(SEGGER_RTT.c.obj)
                0x000000000000bdc4                SEGGER_RTT_WriteSkipNoLock
 .text.SEGGER_RTT_HasDataUp
                0x000000000000be4c       0x14 modules/segger/libmodules__segger.a(SEGGER_RTT.c.obj)
                0x000000000000be4c                SEGGER_RTT_HasDataUp
 .text.zephyr_rtt_mutex_lock
                0x000000000000be60       0x14 modules/segger/libmodules__segger.a(SEGGER_RTT_zephyr.c.obj)
                0x000000000000be60                zephyr_rtt_mutex_lock
 .text.zephyr_rtt_mutex_unlock
                0x000000000000be74        0xc modules/segger/libmodules__segger.a(SEGGER_RTT_zephyr.c.obj)
                0x000000000000be74                zephyr_rtt_mutex_unlock
 .text.k_sys_fatal_error_handler
                0x000000000000be80       0x20 zephyr/kernel/libkernel.a(fatal.c.obj)
                0x000000000000be80                k_sys_fatal_error_handler
 .text.z_fatal_error
                0x000000000000bea0       0xe8 zephyr/kernel/libkernel.a(fatal.c.obj)
                0x000000000000bea0                z_fatal_error
 .text.z_sys_init_run_level
                0x000000000000bf88       0x48 zephyr/kernel/libkernel.a(init.c.obj)
 .text.bg_thread_main
                0x000000000000bfd0       0xc0 zephyr/kernel/libkernel.a(init.c.obj)
 .text.z_bss_zero
                0x000000000000c090       0x18 zephyr/kernel/libkernel.a(init.c.obj)
                0x000000000000c090                z_bss_zero
 .text.z_init_cpu
                0x000000000000c0a8       0x8c zephyr/kernel/libkernel.a(init.c.obj)
                0x000000000000c0a8                z_init_cpu
 .text.z_cstart
                0x000000000000c134       0xe0 zephyr/kernel/libkernel.a(init.c.obj)
                0x000000000000c134                z_cstart
 .text.statics_init
                0x000000000000c214       0x24 zephyr/kernel/libkernel.a(kheap.c.obj)
 .text.z_setup_new_thread
                0x000000000000c238       0x90 zephyr/kernel/libkernel.a(thread.c.obj)
                0x000000000000c238                z_setup_new_thread
 .text.z_impl_k_thread_create
                0x000000000000c2c8       0x58 zephyr/kernel/libkernel.a(thread.c.obj)
                0x000000000000c2c8                z_impl_k_thread_create
 .text.sliceable
                0x000000000000c320       0x3c zephyr/kernel/libkernel.a(sched.c.obj)
 .text.slice_timeout
                0x000000000000c35c       0x20 zephyr/kernel/libkernel.a(sched.c.obj)
 .text.z_reset_time_slice
                0x000000000000c37c       0x50 zephyr/kernel/libkernel.a(sched.c.obj)
                0x000000000000c37c                z_reset_time_slice
 .text.update_cache
                0x000000000000c3cc       0x40 zephyr/kernel/libkernel.a(sched.c.obj)
 .text.move_thread_to_end_of_prio_q
                0x000000000000c40c       0x7c zephyr/kernel/libkernel.a(sched.c.obj)
 .text.ready_thread
                0x000000000000c488       0x68 zephyr/kernel/libkernel.a(sched.c.obj)
 .text.z_thread_halt
                0x000000000000c4f0       0xa8 zephyr/kernel/libkernel.a(sched.c.obj)
 .text.unready_thread
                0x000000000000c598       0x38 zephyr/kernel/libkernel.a(sched.c.obj)
 .text.z_time_slice
                0x000000000000c5d0       0x60 zephyr/kernel/libkernel.a(sched.c.obj)
                0x000000000000c5d0                z_time_slice
 .text.z_pend_curr
                0x000000000000c630       0x5c zephyr/kernel/libkernel.a(sched.c.obj)
                0x000000000000c630                z_pend_curr
 .text.z_thread_prio_set
                0x000000000000c68c       0x94 zephyr/kernel/libkernel.a(sched.c.obj)
                0x000000000000c68c                z_thread_prio_set
 .text.z_reschedule
                0x000000000000c720       0x24 zephyr/kernel/libkernel.a(sched.c.obj)
                0x000000000000c720                z_reschedule
 .text.z_sched_start
                0x000000000000c744       0x3c zephyr/kernel/libkernel.a(sched.c.obj)
                0x000000000000c744                z_sched_start
 .text.z_reschedule_irqlock
                0x000000000000c780       0x28 zephyr/kernel/libkernel.a(sched.c.obj)
                0x000000000000c780                z_reschedule_irqlock
 .text.k_sched_lock
                0x000000000000c7a8       0x28 zephyr/kernel/libkernel.a(sched.c.obj)
                0x000000000000c7a8                k_sched_lock
 .text.k_sched_unlock
                0x000000000000c7d0       0x38 zephyr/kernel/libkernel.a(sched.c.obj)
                0x000000000000c7d0                k_sched_unlock
 .text.z_sched_init
                0x000000000000c808       0x10 zephyr/kernel/libkernel.a(sched.c.obj)
                0x000000000000c808                z_sched_init
 .text.z_impl_k_yield
                0x000000000000c818       0x80 zephyr/kernel/libkernel.a(sched.c.obj)
                0x000000000000c818                z_impl_k_yield
 .text.z_tick_sleep
                0x000000000000c898       0x88 zephyr/kernel/libkernel.a(sched.c.obj)
 .text.z_impl_k_sleep
                0x000000000000c920       0x3c zephyr/kernel/libkernel.a(sched.c.obj)
                0x000000000000c920                z_impl_k_sleep
 .text.z_impl_k_sched_current_thread_query
                0x000000000000c95c        0xc zephyr/kernel/libkernel.a(sched.c.obj)
                0x000000000000c95c                z_impl_k_sched_current_thread_query
 .text.z_sched_wait
                0x000000000000c968       0x24 zephyr/kernel/libkernel.a(sched.c.obj)
                0x000000000000c968                z_sched_wait
 .text.z_impl_k_msgq_put
                0x000000000000c98c       0xac zephyr/kernel/libkernel.a(msg_q.c.obj)
                0x000000000000c98c                z_impl_k_msgq_put
 .text.z_impl_k_msgq_get
                0x000000000000ca38       0xb4 zephyr/kernel/libkernel.a(msg_q.c.obj)
                0x000000000000ca38                z_impl_k_msgq_get
 .text.z_impl_k_mutex_unlock
                0x000000000000caec       0x78 zephyr/kernel/libkernel.a(mutex.c.obj)
                0x000000000000caec                z_impl_k_mutex_unlock
 .text.z_impl_k_mutex_lock
                0x000000000000cb64       0xf4 zephyr/kernel/libkernel.a(mutex.c.obj)
                0x000000000000cb64                z_impl_k_mutex_lock
 .text.z_impl_k_queue_get
                0x000000000000cc58       0x68 zephyr/kernel/libkernel.a(queue.c.obj)
                0x000000000000cc58                z_impl_k_queue_get
 .text.z_impl_k_sem_give
                0x000000000000ccc0       0x4c zephyr/kernel/libkernel.a(sem.c.obj)
                0x000000000000ccc0                z_impl_k_sem_give
 .text.z_impl_k_sem_take
                0x000000000000cd0c       0x50 zephyr/kernel/libkernel.a(sem.c.obj)
                0x000000000000cd0c                z_impl_k_sem_take
 .text.z_impl_k_sem_reset
                0x000000000000cd5c       0x44 zephyr/kernel/libkernel.a(sem.c.obj)
                0x000000000000cd5c                z_impl_k_sem_reset
 .text.work_queue_main
                0x000000000000cda0      0x148 zephyr/kernel/libkernel.a(work.c.obj)
 .text.submit_to_queue_locked
                0x000000000000cee8       0xb4 zephyr/kernel/libkernel.a(work.c.obj)
 .text.k_work_submit
                0x000000000000cf9c        0xc zephyr/kernel/libkernel.a(work.c.obj)
                0x000000000000cf9c                k_work_submit
 .text.k_work_queue_start
                0x000000000000cfa8       0x70 zephyr/kernel/libkernel.a(work.c.obj)
                0x000000000000cfa8                k_work_queue_start
 .text.k_work_reschedule_for_queue
                0x000000000000d018       0x5c zephyr/kernel/libkernel.a(work.c.obj)
                0x000000000000d018                k_work_reschedule_for_queue
 .text.k_work_reschedule
                0x000000000000d074        0xc zephyr/kernel/libkernel.a(work.c.obj)
                0x000000000000d074                k_work_reschedule
 .text.z_data_copy
                0x000000000000d080       0x34 zephyr/kernel/libkernel.a(xip.c.obj)
                0x000000000000d080                z_data_copy
 .text.elapsed  0x000000000000d0b4       0x14 zephyr/kernel/libkernel.a(timeout.c.obj)
 .text.remove_timeout
                0x000000000000d0c8       0x38 zephyr/kernel/libkernel.a(timeout.c.obj)
 .text.next_timeout
                0x000000000000d100       0x40 zephyr/kernel/libkernel.a(timeout.c.obj)
 .text.z_add_timeout
                0x000000000000d140       0xec zephyr/kernel/libkernel.a(timeout.c.obj)
                0x000000000000d140                z_add_timeout
 .text.sys_clock_announce
                0x000000000000d22c       0xd4 zephyr/kernel/libkernel.a(timeout.c.obj)
                0x000000000000d22c                sys_clock_announce
 .text.sys_clock_tick_get
                0x000000000000d300       0x34 zephyr/kernel/libkernel.a(timeout.c.obj)
                0x000000000000d300                sys_clock_tick_get
 .text.z_timer_expiration_handler
                0x000000000000d334       0xe4 zephyr/kernel/libkernel.a(timer.c.obj)
                0x000000000000d334                z_timer_expiration_handler
 .text.z_impl_k_timer_start
                0x000000000000d418       0x74 zephyr/kernel/libkernel.a(timer.c.obj)
                0x000000000000d418                z_impl_k_timer_start
 .text.z_impl_k_poll
                0x000000000000d48c       0xb8 zephyr/kernel/libkernel.a(poll.c.obj)
                0x000000000000d48c                z_impl_k_poll
 .text.z_impl_k_poll_signal_raise
                0x000000000000d544       0x50 zephyr/kernel/libkernel.a(poll.c.obj)
                0x000000000000d544                z_impl_k_poll_signal_raise
 .text.z_thread_aligned_alloc
                0x000000000000d594       0x40 zephyr/kernel/libkernel.a(mempool.c.obj)
                0x000000000000d594                z_thread_aligned_alloc
 .text.boot_banner
                0x000000000000d5d4        0xc zephyr/kernel/libkernel.a(banner.c.obj)
                0x000000000000d5d4                boot_banner
 .text.k_sys_work_q_init
                0x000000000000d5e0       0x34 zephyr/kernel/libkernel.a(system_work_q.c.obj)
 .text.printf   0x000000000000d614       0x24 /home/eric/zephyr_install/zephyr-sdk-0.16.5/arm-zephyr-eabi/bin/../lib/gcc/../../picolibc/arm-zephyr-eabi/lib/thumb/v7e-m/nofp/libc.a(libc_tinystdio_printf.c.o)
                0x000000000000d614                printf
 .text.puts     0x000000000000d638       0x40 /home/eric/zephyr_install/zephyr-sdk-0.16.5/arm-zephyr-eabi/bin/../lib/gcc/../../picolibc/arm-zephyr-eabi/lib/thumb/v7e-m/nofp/libc.a(libc_tinystdio_puts.c.o)
                0x000000000000d638                puts
 .text.snprintf
                0x000000000000d678       0x58 /home/eric/zephyr_install/zephyr-sdk-0.16.5/arm-zephyr-eabi/bin/../lib/gcc/../../picolibc/arm-zephyr-eabi/lib/thumb/v7e-m/nofp/libc.a(libc_tinystdio_snprintf.c.o)
                0x000000000000d678                snprintf
 .text.skip_to_arg
                0x000000000000d6d0      0x138 /home/eric/zephyr_install/zephyr-sdk-0.16.5/arm-zephyr-eabi/bin/../lib/gcc/../../picolibc/arm-zephyr-eabi/lib/thumb/v7e-m/nofp/libc.a(libc_tinystdio_vfprintf.c.o)
 .text.vfprintf
                0x000000000000d808      0x9f8 /home/eric/zephyr_install/zephyr-sdk-0.16.5/arm-zephyr-eabi/bin/../lib/gcc/../../picolibc/arm-zephyr-eabi/lib/thumb/v7e-m/nofp/libc.a(libc_tinystdio_vfprintf.c.o)
                0x000000000000d808                __d_vfprintf