Archive member included to satisfy reference by file (symbol)

app/libapp.a(main.c.obj)      (--whole-archive)
zephyr/libzephyr.a(heap.c.obj)
                              (--whole-archive)
zephyr/libzephyr.a(cbprintf_packaged.c.obj)
                              (--whole-archive)
zephyr/libzephyr.a(printk.c.obj)
                              (--whole-archive)
zephyr/libzephyr.a(sem.c.obj)
                              (--whole-archive)
zephyr/libzephyr.a(thread_entry.c.obj)
                              (--whole-archive)
zephyr/libzephyr.a(cbprintf_complete.c.obj)
                              (--whole-archive)
zephyr/libzephyr.a(assert.c.obj)
                              (--whole-archive)
zephyr/libzephyr.a(mpsc_pbuf.c.obj)
                              (--whole-archive)
zephyr/libzephyr.a(dec.c.obj)
                              (--whole-archive)
zephyr/libzephyr.a(hex.c.obj)
                              (--whole-archive)
zephyr/libzephyr.a(rb.c.obj)  (--whole-archive)
zephyr/libzephyr.a(timeutil.c.obj)
                              (--whole-archive)
zephyr/libzephyr.a(bitarray.c.obj)
                              (--whole-archive)
zephyr/libzephyr.a(onoff.c.obj)
                              (--whole-archive)
zephyr/libzephyr.a(notify.c.obj)
                              (--whole-archive)
zephyr/libzephyr.a(configs.c.obj)
                              (--whole-archive)
zephyr/libzephyr.a(log_core.c.obj)
                              (--whole-archive)
zephyr/libzephyr.a(log_mgmt.c.obj)
                              (--whole-archive)
zephyr/libzephyr.a(log_cache.c.obj)
                              (--whole-archive)
zephyr/libzephyr.a(log_msg.c.obj)
                              (--whole-archive)
zephyr/libzephyr.a(log_output.c.obj)
                              (--whole-archive)
zephyr/libzephyr.a(log_backend_rtt.c.obj)
                              (--whole-archive)
zephyr/libzephyr.a(log_backend_uart.c.obj)
                              (--whole-archive)
zephyr/libzephyr.a(mem_attr.c.obj)
                              (--whole-archive)
zephyr/libzephyr.a(tracing_none.c.obj)
                              (--whole-archive)
zephyr/libzephyr.a(addr_utils.c.obj)
                              (--whole-archive)
zephyr/arch/common/libarch__common.a(sw_isr_common.c.obj)
                              (--whole-archive)
zephyr/arch/arch/arm/core/libarch__arm__core.a(fatal.c.obj)
                              (--whole-archive)
zephyr/arch/arch/arm/core/libarch__arm__core.a(nmi.c.obj)
                              (--whole-archive)
zephyr/arch/arch/arm/core/libarch__arm__core.a(nmi_on_reset.S.obj)
                              (--whole-archive)
zephyr/arch/arch/arm/core/libarch__arm__core.a(tls.c.obj)
                              (--whole-archive)
zephyr/arch/arch/arm/core/cortex_m/libarch__arm__core__cortex_m.a(exc_exit.S.obj)
                              (--whole-archive)
zephyr/arch/arch/arm/core/cortex_m/libarch__arm__core__cortex_m.a(fault.c.obj)
                              (--whole-archive)
zephyr/arch/arch/arm/core/cortex_m/libarch__arm__core__cortex_m.a(fault_s.S.obj)
                              (--whole-archive)
zephyr/arch/arch/arm/core/cortex_m/libarch__arm__core__cortex_m.a(fpu.c.obj)
                              (--whole-archive)
zephyr/arch/arch/arm/core/cortex_m/libarch__arm__core__cortex_m.a(reset.S.obj)
                              (--whole-archive)
zephyr/arch/arch/arm/core/cortex_m/libarch__arm__core__cortex_m.a(scb.c.obj)
                              (--whole-archive)
zephyr/arch/arch/arm/core/cortex_m/libarch__arm__core__cortex_m.a(thread_abort.c.obj)
                              (--whole-archive)
zephyr/arch/arch/arm/core/cortex_m/libarch__arm__core__cortex_m.a(vector_table.S.obj)
                              (--whole-archive)
zephyr/arch/arch/arm/core/cortex_m/libarch__arm__core__cortex_m.a(swap.c.obj)
                              (--whole-archive)
zephyr/arch/arch/arm/core/cortex_m/libarch__arm__core__cortex_m.a(swap_helper.S.obj)
                              (--whole-archive)
zephyr/arch/arch/arm/core/cortex_m/libarch__arm__core__cortex_m.a(irq_manage.c.obj)
                              (--whole-archive)
zephyr/arch/arch/arm/core/cortex_m/libarch__arm__core__cortex_m.a(prep_c.c.obj)
                              (--whole-archive)
zephyr/arch/arch/arm/core/cortex_m/libarch__arm__core__cortex_m.a(thread.c.obj)
                              (--whole-archive)
zephyr/arch/arch/arm/core/cortex_m/libarch__arm__core__cortex_m.a(cpu_idle.S.obj)
                              (--whole-archive)
zephyr/arch/arch/arm/core/cortex_m/libarch__arm__core__cortex_m.a(irq_init.c.obj)
                              (--whole-archive)
zephyr/arch/arch/arm/core/cortex_m/libarch__arm__core__cortex_m.a(isr_wrapper.S.obj)
                              (--whole-archive)
zephyr/arch/arch/arm/core/cortex_m/libarch__arm__core__cortex_m.a(__aeabi_read_tp.S.obj)
                              (--whole-archive)
[...]
Memory Configuration

Name             Origin             Length             Attributes
FLASH            0x0000000000000000 0x0000000000080000 xr
RAM              0x0000000020000000 0x0000000000010000 xw
IDT_LIST         0x00000000ffff7fff 0x0000000000008000 xw
*default*        0x0000000000000000 0xffffffffffffffff

Linker script and memory map

                0x000000000000bcf4                vfprintf = __l_vfprintf
                0x0000000000000000                vfscanf = __l_vfscanf
LOAD zephyr/CMakeFiles/zephyr_pre0.dir/misc/empty_file.c.obj
LOAD zephyr/CMakeFiles/offsets.dir/./arch/arm/core/offsets/offsets.c.obj
LOAD app/libapp.a
LOAD zephyr/libzephyr.a
LOAD zephyr/arch/common/libarch__common.a
LOAD zephyr/arch/arch/arm/core/libarch__arm__core.a
LOAD zephyr/arch/arch/arm/core/cortex_m/libarch__arm__core__cortex_m.a
LOAD zephyr/arch/arch/arm/core/mpu/libarch__arm__core__mpu.a
LOAD zephyr/lib/libc/picolibc/liblib__libc__picolibc.a
LOAD zephyr/lib/libc/common/liblib__libc__common.a
LOAD zephyr/soc/soc/nrf52832/libsoc__nordic.a
LOAD zephyr/subsys/random/libsubsys__random.a
LOAD zephyr/subsys/bluetooth/common/libsubsys__bluetooth__common.a
LOAD zephyr/subsys/bluetooth/host/libsubsys__bluetooth__host.a
LOAD zephyr/subsys/bluetooth/controller/libsubsys__bluetooth__controller.a
LOAD zephyr/subsys/bluetooth/controller/ll_sw/nordic/libsubsys__bluetooth__controller__ll_sw__nordic.a
LOAD zephyr/subsys/net/libsubsys__net.a
LOAD zephyr/drivers/clock_control/libdrivers__clock_control.a
LOAD zephyr/drivers/console/libdrivers__console.a
LOAD zephyr/drivers/entropy/libdrivers__entropy.a
LOAD zephyr/drivers/gpio/libdrivers__gpio.a
LOAD zephyr/drivers/i2c/libdrivers__i2c.a
LOAD zephyr/drivers/pinctrl/libdrivers__pinctrl.a
LOAD zephyr/drivers/regulator/libdrivers__regulator.a
LOAD zephyr/drivers/serial/libdrivers__serial.a
LOAD zephyr/drivers/timer/libdrivers__timer.a
LOAD modules/hal_nordic/nrfx/libmodules__hal_nordic__nrfx.a
LOAD modules/segger/libmodules__segger.a
LOAD zephyr/kernel/libkernel.a
LOAD /home/eric/zephyr_install/zephyr-sdk-0.16.5/arm-zephyr-eabi/bin/../lib/gcc/arm-zephyr-eabi/12.2.0/thumb/v7e-m/nofp/libgcc.a
LOAD zephyr/arch/common/libisr_tables.a
LOAD /home/eric/zephyr_install/zephyr-sdk-0.16.5/arm-zephyr-eabi/bin/../lib/gcc/../../picolibc/arm-zephyr-eabi/lib/thumb/v7e-m/nofp/libc.a
LOAD /home/eric/zephyr_install/zephyr-sdk-0.16.5/arm-zephyr-eabi/bin/../lib/gcc/arm-zephyr-eabi/12.2.0/thumb/v7e-m/nofp/libgcc.a
                0x0000000000000020                _region_min_align = 0x20

.rel.plt        0x0000000000000000        0x0
 *(SORT_BY_ALIGNMENT(.rel.plt))
                [!provide]                        PROVIDE (__rel_iplt_start = .)
 *(SORT_BY_ALIGNMENT(.rel.iplt))
 .rel.iplt      0x0000000000000000        0x0 app/libapp.a(main.c.obj)
                [!provide]                        PROVIDE (__rel_iplt_end = .)

.rela.plt       0x0000000000000000        0x0
 *(SORT_BY_ALIGNMENT(.rela.plt))
                [!provide]                        PROVIDE (__rela_iplt_start = .)
 *(SORT_BY_ALIGNMENT(.rela.iplt))
                [!provide]                        PROVIDE (__rela_iplt_end = .)

.rel.dyn
 *(SORT_BY_ALIGNMENT(.rel.*))

.rela.dyn
 *(SORT_BY_ALIGNMENT(.rela.*))

/DISCARD/
 *(SORT_BY_ALIGNMENT(.plt))

/DISCARD/
 *(SORT_BY_ALIGNMENT(.iplt))
                0x0000000000000000                __rom_region_start = 0x0

rom_start       0x0000000000000000       0xdc
                0x0000000000000000                __rom_start_address = .
 FILL mask 0x00
                0x0000000000000000                . = (. + (0x0 - (. - __rom_start_address)))
                0x0000000000000000                . = ALIGN (0x4)
                0x0000000000000000                . = ALIGN (0x80)
                0x0000000000000000                . = ALIGN (0x100)
                0x0000000000000000                _vector_start = .
 *(SORT_BY_ALIGNMENT(.exc_vector_table))
 *(SORT_BY_ALIGNMENT(.exc_vector_table.*))
 .exc_vector_table._vector_table_section
                0x0000000000000000       0x40 zephyr/arch/arch/arm/core/cortex_m/libarch__arm__core__cortex_m.a(vector_table.S.obj)
                0x0000000000000000                _vector_table
 *(SORT_BY_ALIGNMENT(.vectors))
                0x00000000000000dc                _vector_end = .
                0x0000000000000040                . = ALIGN (0x4)
 *(SORT_BY_ALIGNMENT(.gnu.linkonce.irq_vector_table*))
 .gnu.linkonce.irq_vector_table
                0x0000000000000040       0x9c zephyr/arch/common/libisr_tables.a(isr_tables.c.obj)
                0x0000000000000040                _irq_vector_table
                0x00000000000000dc                _vector_end = .

text            0x00000000000000e0     0xf5b8
                0x00000000000000e0                __text_region_start = .
 *(SORT_BY_ALIGNMENT(.text))
 .text          0x00000000000000e0       0x30 /home/eric/zephyr_install/zephyr-sdk-0.16.5/arm-zephyr-eabi/bin/../lib/gcc/arm-zephyr-eabi/12.2.0/thumb/v7e-m/nofp/libgcc.a(_aeabi_uldivmod.o)
                0x00000000000000e0                __aeabi_uldivmod
 .text          0x0000000000000110        0x4 /home/eric/zephyr_install/zephyr-sdk-0.16.5/arm-zephyr-eabi/bin/../lib/gcc/arm-zephyr-eabi/12.2.0/thumb/v7e-m/nofp/libgcc.a(_dvmd_tls.o)
                0x0000000000000110                __aeabi_ldiv0
                0x0000000000000110                __aeabi_idiv0
 .text          0x0000000000000114      0x2a0 /home/eric/zephyr_install/zephyr-sdk-0.16.5/arm-zephyr-eabi/bin/../lib/gcc/arm-zephyr-eabi/12.2.0/thumb/v7e-m/nofp/libgcc.a(_udivmoddi4.o)
                0x0000000000000114                __udivmoddi4
 .text          0x00000000000003b4       0x10 /home/eric/zephyr_install/zephyr-sdk-0.16.5/arm-zephyr-eabi/bin/../lib/gcc/../../picolibc/arm-zephyr-eabi/lib/thumb/v7e-m/nofp/libc.a(strcpy.S.o)
                0x00000000000003b4                strcpy
 .text          0x00000000000003c4       0x10 /home/eric/zephyr_install/zephyr-sdk-0.16.5/arm-zephyr-eabi/bin/../lib/gcc/../../picolibc/arm-zephyr-eabi/lib/thumb/v7e-m/nofp/libc.a(strlen.S.o)
                0x00000000000003c4                strlen
 *(SORT_BY_ALIGNMENT(.text.*))
 *fill*         0x00000000000003d4        0x4 
 .text.ll_adv_enable
                0x00000000000003d8      0x164 zephyr/subsys/bluetooth/controller/libsubsys__bluetooth__controller.a(ull_adv.c.obj)
                0x00000000000003d8                ll_adv_enable
 *fill*         0x000000000000053c        0x4 
 .text.ull_adv_time_update
                0x0000000000000540       0xb0 zephyr/subsys/bluetooth/controller/libsubsys__bluetooth__controller.a(ull_adv.c.obj)
                0x0000000000000540                ull_adv_time_update
 .text.prepare_cb
                0x00000000000005f0      0x120 zephyr/subsys/bluetooth/controller/ll_sw/nordic/libsubsys__bluetooth__controller__ll_sw__nordic.a(lll_adv.c.obj)
 .text.bt_ready
                0x0000000000000710       0x64 app/libapp.a(main.c.obj)
 .text.main     0x0000000000000774       0x28 app/libapp.a(main.c.obj)
                0x0000000000000774                main
 .text.cbvprintf_package
                0x000000000000079c      0x3a4 zephyr/libzephyr.a(cbprintf_packaged.c.obj)
                0x000000000000079c                cbvprintf_package
 .text.cbprintf_package_convert
                0x0000000000000b40      0x3c0 zephyr/libzephyr.a(cbprintf_packaged.c.obj)
                0x0000000000000b40                cbprintf_package_convert
 .text.__printk_hook_install
                0x0000000000000f00        0xc zephyr/libzephyr.a(printk.c.obj)
                0x0000000000000f00                __printk_hook_install
 .text.z_thread_entry
                0x0000000000000f0c       0x34 zephyr/libzephyr.a(thread_entry.c.obj)
                0x0000000000000f0c                z_thread_entry
 .text.process_event
                0x0000000000000f40      0x21c zephyr/libzephyr.a(onoff.c.obj)
 .text.activate_foreach_backend
                0x000000000000115c       0x64 zephyr/libzephyr.a(log_core.c.obj)
 .text.enable_logger
                0x00000000000011c0       0x5c zephyr/libzephyr.a(log_core.c.obj)
 .text.log_process_thread_timer_expiry_fn
                0x000000000000121c        0xc zephyr/libzephyr.a(log_core.c.obj)
 .text.z_log_init
                0x0000000000001228       0x90 zephyr/libzephyr.a(log_core.c.obj)
 .text.log_format_func_t_get
                0x00000000000012b8        0xc zephyr/libzephyr.a(log_core.c.obj)
                0x00000000000012b8                log_format_func_t_get
 .text.log_set_timestamp_func
                0x00000000000012c4       0x20 zephyr/libzephyr.a(log_core.c.obj)
                0x00000000000012c4                log_set_timestamp_func
 .text.z_log_notify_backend_enabled
                0x00000000000012e4       0x1c zephyr/libzephyr.a(log_core.c.obj)
                0x00000000000012e4                z_log_notify_backend_enabled
 .text.z_log_dropped
                0x0000000000001300       0x30 zephyr/libzephyr.a(log_core.c.obj)
                0x0000000000001300                z_log_dropped
 .text.z_log_dropped_read_and_clear
                0x0000000000001330       0x20 zephyr/libzephyr.a(log_core.c.obj)
                0x0000000000001330                z_log_dropped_read_and_clear
 .text.dropped_notify
                0x0000000000001350       0x30 zephyr/libzephyr.a(log_core.c.obj)
                0x0000000000001350                dropped_notify
 .text.z_log_msg_init
                0x0000000000001380       0x20 zephyr/libzephyr.a(log_core.c.obj)
                0x0000000000001380                z_log_msg_init
 .text.log_core_init
                0x00000000000013a0       0x34 zephyr/libzephyr.a(log_core.c.obj)
                0x00000000000013a0                log_core_init
 .text.z_log_msg_alloc
                0x00000000000013d4       0x10 zephyr/libzephyr.a(log_core.c.obj)
                0x00000000000013d4                z_log_msg_alloc
 .text.z_log_msg_local_claim
                0x00000000000013e4        0xc zephyr/libzephyr.a(log_core.c.obj)
                0x00000000000013e4                z_log_msg_local_claim
 .text.z_log_msg_free
                0x00000000000013f0       0x10 zephyr/libzephyr.a(log_core.c.obj)
                0x00000000000013f0                z_log_msg_free
 .text.z_log_msg_pending
                0x0000000000001400        0xc zephyr/libzephyr.a(log_core.c.obj)
                0x0000000000001400                z_log_msg_pending
 .text.z_impl_log_process
                0x000000000000140c       0xbc zephyr/libzephyr.a(log_core.c.obj)
                0x000000000000140c                z_impl_log_process
 .text.z_impl_log_panic
                0x00000000000014c8       0x44 zephyr/libzephyr.a(log_core.c.obj)
                0x00000000000014c8                z_impl_log_panic
 .text.log_process_thread_func
                0x000000000000150c       0xa4 zephyr/libzephyr.a(log_core.c.obj)
 .text.z_log_msg_post_finalize
                0x00000000000015b0       0x78 zephyr/libzephyr.a(log_core.c.obj)
 .text.z_log_msg_commit
                0x0000000000001628       0x24 zephyr/libzephyr.a(log_core.c.obj)
                0x0000000000001628                z_log_msg_commit
 .text.log_source_name_get
                0x000000000000164c       0x1c zephyr/libzephyr.a(log_mgmt.c.obj)
                0x000000000000164c                log_source_name_get
 .text.log_backend_enable
                0x0000000000001668       0x28 zephyr/libzephyr.a(log_mgmt.c.obj)
                0x0000000000001668                log_backend_enable
 .text.z_impl_z_log_msg_static_create
                0x0000000000001690      0x108 zephyr/libzephyr.a(log_msg.c.obj)
                0x0000000000001690                z_impl_z_log_msg_static_create
 .text.z_log_msg_runtime_vcreate
                0x0000000000001798       0x8c zephyr/libzephyr.a(log_msg.c.obj)
                0x0000000000001798                z_log_msg_runtime_vcreate
 .text.print_formatted
                0x0000000000001824       0x24 zephyr/libzephyr.a(log_output.c.obj)
 .text.newline_print
                0x0000000000001848       0x1c zephyr/libzephyr.a(log_output.c.obj)
 .text.log_output_process
                0x0000000000001864      0x2d4 zephyr/libzephyr.a(log_output.c.obj)
                0x0000000000001864                log_output_process
 .text.log_output_msg_process
                0x0000000000001b38       0x70 zephyr/libzephyr.a(log_output.c.obj)
                0x0000000000001b38                log_output_msg_process
 .text.log_output_dropped_process
                0x0000000000001ba8       0x58 zephyr/libzephyr.a(log_output.c.obj)
                0x0000000000001ba8                log_output_dropped_process
 .text.log_output_timestamp_freq_set
                0x0000000000001c00       0x2c zephyr/libzephyr.a(log_output.c.obj)
                0x0000000000001c00                log_output_timestamp_freq_set
 .text.log_backend_rtt_init
                0x0000000000001c2c        0xc zephyr/libzephyr.a(log_backend_rtt.c.obj)
 .text.format_set
                0x0000000000001c38        0xc zephyr/libzephyr.a(log_backend_rtt.c.obj)
 .text.panic    0x0000000000001c44       0x14 zephyr/libzephyr.a(log_backend_rtt.c.obj)
 .text.dropped  0x0000000000001c58        0xc zephyr/libzephyr.a(log_backend_rtt.c.obj)
 .text.process  0x0000000000001c64       0x24 zephyr/libzephyr.a(log_backend_rtt.c.obj)
 .text.on_failed_write
                0x0000000000001c88       0x28 zephyr/libzephyr.a(log_backend_rtt.c.obj)
 .text.data_out_block_mode
                0x0000000000001cb0       0x84 zephyr/libzephyr.a(log_backend_rtt.c.obj)
 .text.char_out
                0x0000000000001d34       0x24 zephyr/libzephyr.a(log_backend_uart.c.obj)
 .text.mem_attr_get_regions
                0x0000000000001d58        0xc zephyr/libzephyr.a(mem_attr.c.obj)
                0x0000000000001d58                mem_attr_get_regions
 .text.z_arm_fatal_error
                0x0000000000001d64       0xa0 zephyr/arch/arch/arm/core/libarch__arm__core.a(fatal.c.obj)
                0x0000000000001d64                z_arm_fatal_error
 .text.z_SysNmiOnReset
                0x0000000000001e04        0x8 zephyr/arch/arch/arm/core/libarch__arm__core.a(nmi_on_reset.S.obj)
                0x0000000000001e04                z_SysNmiOnReset
 .text.arch_tls_stack_setup
                0x0000000000001e0c       0x40 zephyr/arch/arch/arm/core/libarch__arm__core.a(tls.c.obj)
                0x0000000000001e0c                arch_tls_stack_setup
 .text._HandlerModeExit
                0x0000000000001e4c       0x1c zephyr/arch/arch/arm/core/cortex_m/libarch__arm__core__cortex_m.a(exc_exit.S.obj)
                0x0000000000001e4c                z_arm_exc_exit
                0x0000000000001e4c                z_arm_int_exit
 .text.bus_fault.constprop.0
                0x0000000000001e68       0xd0 zephyr/arch/arch/arm/core/cortex_m/libarch__arm__core__cortex_m.a(fault.c.obj)
 .text.usage_fault.constprop.0
                0x0000000000001f38       0xa8 zephyr/arch/arch/arm/core/cortex_m/libarch__arm__core__cortex_m.a(fault.c.obj)
 .text.mem_manage_fault
                0x0000000000001fe0      0x104 zephyr/arch/arch/arm/core/cortex_m/libarch__arm__core__cortex_m.a(fault.c.obj)
 .text.z_arm_fault
                0x00000000000020e4      0x1d4 zephyr/arch/arch/arm/core/cortex_m/libarch__arm__core__cortex_m.a(fault.c.obj)
                0x00000000000020e4                z_arm_fault
 .text.z_arm_fault_init
                0x00000000000022b8       0x10 zephyr/arch/arch/arm/core/cortex_m/libarch__arm__core__cortex_m.a(fault.c.obj)
                0x00000000000022b8                z_arm_fault_init
 .text.__fault  0x00000000000022c8       0x14 zephyr/arch/arch/arm/core/cortex_m/libarch__arm__core__cortex_m.a(fault_s.S.obj)
                0x00000000000022c8                z_arm_bus_fault
                0x00000000000022c8                z_arm_usage_fault
                0x00000000000022c8                z_arm_mpu_fault
                0x00000000000022c8                z_arm_exc_spurious
                0x00000000000022c8                z_arm_debug_monitor
                0x00000000000022c8                z_arm_hard_fault
 .text._reset_section
                0x00000000000022dc       0x30 zephyr/arch/arch/arm/core/cortex_m/libarch__arm__core__cortex_m.a(reset.S.obj)
                0x00000000000022dc                z_arm_reset
                0x00000000000022dc                __start
 .text.z_impl_k_thread_abort
                0x000000000000230c       0x2c zephyr/arch/arch/arm/core/cortex_m/libarch__arm__core__cortex_m.a(thread_abort.c.obj)
                0x000000000000230c                z_impl_k_thread_abort
 .text.arch_swap
                0x0000000000002338       0x30 zephyr/arch/arch/arm/core/cortex_m/libarch__arm__core__cortex_m.a(swap.c.obj)
                0x0000000000002338                arch_swap
 .text.z_arm_pendsv
                0x0000000000002368       0x64 zephyr/arch/arch/arm/core/cortex_m/libarch__arm__core__cortex_m.a(swap_helper.S.obj)
                0x0000000000002368                z_arm_pendsv
 .text.z_arm_svc
                0x00000000000023cc       0x20 zephyr/arch/arch/arm/core/cortex_m/libarch__arm__core__cortex_m.a(swap_helper.S.obj)
                0x00000000000023cc                z_arm_svc
 .text.arch_irq_enable
                0x00000000000023ec       0x1c zephyr/arch/arch/arm/core/cortex_m/libarch__arm__core__cortex_m.a(irq_manage.c.obj)
                0x00000000000023ec                arch_irq_enable
 .text.arch_irq_disable
                0x0000000000002408       0x28 zephyr/arch/arch/arm/core/cortex_m/libarch__arm__core__cortex_m.a(irq_manage.c.obj)
                0x0000000000002408                arch_irq_disable
 .text.arch_irq_is_enabled
                0x0000000000002430       0x1c zephyr/arch/arch/arm/core/cortex_m/libarch__arm__core__cortex_m.a(irq_manage.c.obj)
                0x0000000000002430                arch_irq_is_enabled
 .text.z_arm_irq_priority_set
                0x000000000000244c       0x30 zephyr/arch/arch/arm/core/cortex_m/libarch__arm__core__cortex_m.a(irq_manage.c.obj)
                0x000000000000244c                z_arm_irq_priority_set
 .text.z_prep_c
                0x000000000000247c       0x48 zephyr/arch/arch/arm/core/cortex_m/libarch__arm__core__cortex_m.a(prep_c.c.obj)
                0x000000000000247c                z_prep_c
 .text.arch_new_thread
                0x00000000000024c4       0x38 zephyr/arch/arch/arm/core/cortex_m/libarch__arm__core__cortex_m.a(thread.c.obj)
                0x00000000000024c4                arch_new_thread
 .text.z_check_thread_stack_fail
                0x00000000000024fc       0x2c zephyr/arch/arch/arm/core/cortex_m/libarch__arm__core__cortex_m.a(thread.c.obj)
                0x00000000000024fc                z_check_thread_stack_fail
 .text.arch_switch_to_main_thread
                0x0000000000002528       0x38 zephyr/arch/arch/arm/core/cortex_m/libarch__arm__core__cortex_m.a(thread.c.obj)
                0x0000000000002528                arch_switch_to_main_thread
 .text.z_arm_cpu_idle_init
                0x0000000000002560        0xc zephyr/arch/arch/arm/core/cortex_m/libarch__arm__core__cortex_m.a(cpu_idle.S.obj)
                0x0000000000002560                z_arm_cpu_idle_init
 .text.arch_cpu_idle
                0x000000000000256c       0x1c zephyr/arch/arch/arm/core/cortex_m/libarch__arm__core__cortex_m.a(cpu_idle.S.obj)
                0x000000000000256c                arch_cpu_idle
 .text.arch_cpu_atomic_idle
                0x0000000000002588       0x18 zephyr/arch/arch/arm/core/cortex_m/libarch__arm__core__cortex_m.a(cpu_idle.S.obj)
                0x0000000000002588                arch_cpu_atomic_idle
 .text.z_arm_interrupt_init
                0x00000000000025a0       0x18 zephyr/arch/arch/arm/core/cortex_m/libarch__arm__core__cortex_m.a(irq_init.c.obj)
                0x00000000000025a0                z_arm_interrupt_init
 .text._isr_wrapper
                0x00000000000025b8       0x28 zephyr/arch/arch/arm/core/cortex_m/libarch__arm__core__cortex_m.a(isr_wrapper.S.obj)
                0x00000000000025b8                _isr_wrapper
 .text.z_arm_configure_static_mpu_regions
                0x00000000000025e0       0x18 zephyr/arch/arch/arm/core/mpu/libarch__arm__core__mpu.a(arm_core_mpu.c.obj)
                0x00000000000025e0                z_arm_configure_static_mpu_regions
 .text.z_arm_configure_dynamic_mpu_regions
                0x00000000000025f8       0x20 zephyr/arch/arch/arm/core/mpu/libarch__arm__core__mpu.a(arm_core_mpu.c.obj)
                0x00000000000025f8                z_arm_configure_dynamic_mpu_regions
 .text.region_allocate_and_init
                0x0000000000002618       0x54 zephyr/arch/arch/arm/core/mpu/libarch__arm__core__mpu.a(arm_mpu.c.obj)
 .text.mpu_configure_regions
                0x000000000000266c       0x68 zephyr/arch/arch/arm/core/mpu/libarch__arm__core__mpu.a(arm_mpu.c.obj)
 .text.arm_core_mpu_enable
                0x00000000000026d4       0x18 zephyr/arch/arch/arm/core/mpu/libarch__arm__core__mpu.a(arm_mpu.c.obj)
                0x00000000000026d4                arm_core_mpu_enable
 .text.arm_core_mpu_disable
                0x00000000000026ec       0x14 zephyr/arch/arch/arm/core/mpu/libarch__arm__core__mpu.a(arm_mpu.c.obj)
                0x00000000000026ec                arm_core_mpu_disable
 .text.arm_core_mpu_configure_static_mpu_regions
                0x0000000000002700       0x14 zephyr/arch/arch/arm/core/mpu/libarch__arm__core__mpu.a(arm_mpu.c.obj)
                0x0000000000002700                arm_core_mpu_configure_static_mpu_regions
 .text.arm_core_mpu_configure_dynamic_mpu_regions
                0x0000000000002714       0x38 zephyr/arch/arch/arm/core/mpu/libarch__arm__core__mpu.a(arm_mpu.c.obj)
                0x0000000000002714                arm_core_mpu_configure_dynamic_mpu_regions
 .text.z_arm_mpu_init
                0x000000000000274c      0x180 zephyr/arch/arch/arm/core/mpu/libarch__arm__core__mpu.a(arm_mpu.c.obj)
                0x000000000000274c                z_arm_mpu_init
 .text.z_impl_zephyr_fputc
                0x00000000000028cc       0x10 zephyr/lib/libc/picolibc/liblib__libc__picolibc.a(libc-hooks.c.obj)
                0x00000000000028cc                z_impl_zephyr_fputc
 .text.__stdout_hook_install
                0x00000000000028dc       0x18 zephyr/lib/libc/picolibc/liblib__libc__picolibc.a(libc-hooks.c.obj)
                0x00000000000028dc                __stdout_hook_install
 .text.cbvprintf
                0x00000000000028f4       0x38 zephyr/lib/libc/picolibc/liblib__libc__picolibc.a(libc-hooks.c.obj)
                0x00000000000028f4                cbvprintf
 .text.malloc_prepare
                0x000000000000292c       0x24 zephyr/lib/libc/common/liblib__libc__common.a(malloc.c.obj)
 .text.nordicsemi_nrf52_init
                0x0000000000002950       0x10 zephyr/soc/soc/nrf52832/libsoc__nordic.a(soc.c.obj)
 .text.arch_busy_wait
                0x0000000000002960       0x14 zephyr/soc/soc/nrf52832/libsoc__nordic.a(soc.c.obj)
                0x0000000000002960                arch_busy_wait
 .text.z_arm_platform_init
                0x0000000000002974        0x4 zephyr/soc/soc/nrf52832/libsoc__nordic.a(soc_nrf_common.S.obj)
                0x0000000000002974                z_arm_platform_init
 .text.xoshiro128_initialize
                0x0000000000002978       0x18 zephyr/subsys/random/libsubsys__random.a(rand32_xoshiro128.c.obj)
 .text.bt_hex   0x0000000000002990       0x44 zephyr/subsys/bluetooth/common/libsubsys__bluetooth__common.a(bt_str.c.obj)
                0x0000000000002990                bt_hex
 .text.bt_addr_le_str
                0x00000000000029d4       0x7c zephyr/subsys/bluetooth/common/libsubsys__bluetooth__common.a(bt_str.c.obj)
                0x00000000000029d4                bt_addr_le_str
 .text.bt_buf_get_rx
                0x0000000000002a50       0x20 zephyr/subsys/bluetooth/host/libsubsys__bluetooth__host.a(buf.c.obj)
                0x0000000000002a50                bt_buf_get_rx
 .text.bt_buf_get_evt
                0x0000000000002a70       0x30 zephyr/subsys/bluetooth/host/libsubsys__bluetooth__host.a(buf.c.obj)
                0x0000000000002a70                bt_buf_get_evt
 .text.hci_hardware_error
                0x0000000000002aa0       0x24 zephyr/subsys/bluetooth/host/libsubsys__bluetooth__host.a(hci_core.c.obj)
 .text.handle_event.part.0
                0x0000000000002ac4       0x48 zephyr/subsys/bluetooth/host/libsubsys__bluetooth__host.a(hci_core.c.obj)
 .text.handle_event
                0x0000000000002b0c       0x50 zephyr/subsys/bluetooth/host/libsubsys__bluetooth__host.a(hci_core.c.obj)
 .text.hci_le_meta_event
                0x0000000000002b5c       0x20 zephyr/subsys/bluetooth/host/libsubsys__bluetooth__host.a(hci_core.c.obj)
 .text.hci_cmd_done.part.0
                0x0000000000002b7c      0x170 zephyr/subsys/bluetooth/host/libsubsys__bluetooth__host.a(hci_core.c.obj)
 .text.hci_cmd_status
                0x0000000000002cec       0x30 zephyr/subsys/bluetooth/host/libsubsys__bluetooth__host.a(hci_core.c.obj)
 .text.hci_cmd_complete
                0x0000000000002d1c       0x50 zephyr/subsys/bluetooth/host/libsubsys__bluetooth__host.a(hci_core.c.obj)
 .text.bt_hci_cmd_state_set_init
                0x0000000000002d6c       0x24 zephyr/subsys/bluetooth/host/libsubsys__bluetooth__host.a(hci_core.c.obj)
                0x0000000000002d6c                bt_hci_cmd_state_set_init
 .text.bt_hci_cmd_create
                0x0000000000002d90       0x74 zephyr/subsys/bluetooth/host/libsubsys__bluetooth__host.a(hci_core.c.obj)
                0x0000000000002d90                bt_hci_cmd_create
 .text.bt_hci_cmd_send_sync
                0x0000000000002e04       0xf0 zephyr/subsys/bluetooth/host/libsubsys__bluetooth__host.a(hci_core.c.obj)
                0x0000000000002e04                bt_hci_cmd_send_sync
 .text.hci_init
                0x0000000000002ef4      0x3a4 zephyr/subsys/bluetooth/host/libsubsys__bluetooth__host.a(hci_core.c.obj)
 .text.bt_hci_le_rand
                0x0000000000003298       0x58 zephyr/subsys/bluetooth/host/libsubsys__bluetooth__host.a(hci_core.c.obj)
                0x0000000000003298                bt_hci_le_rand
 .text.bt_hci_get_ver_str
                0x00000000000032f0       0x3c zephyr/subsys/bluetooth/host/libsubsys__bluetooth__host.a(hci_core.c.obj)
                0x00000000000032f0                bt_hci_get_ver_str
 .text.bt_send  0x000000000000332c       0x10 zephyr/subsys/bluetooth/host/libsubsys__bluetooth__host.a(hci_core.c.obj)
                0x000000000000332c                bt_send
 .text.hci_tx_thread
                0x000000000000333c      0x138 zephyr/subsys/bluetooth/host/libsubsys__bluetooth__host.a(hci_core.c.obj)
 .text.hci_event_prio
                0x0000000000003474       0xa8 zephyr/subsys/bluetooth/host/libsubsys__bluetooth__host.a(hci_core.c.obj)
                0x0000000000003474                hci_event_prio
 .text.bt_recv  0x000000000000351c       0x90 zephyr/subsys/bluetooth/host/libsubsys__bluetooth__host.a(hci_core.c.obj)
                0x000000000000351c                bt_recv
 .text.bt_recv_prio
                0x00000000000035ac       0x3c zephyr/subsys/bluetooth/host/libsubsys__bluetooth__host.a(hci_core.c.obj)
                0x00000000000035ac                bt_recv_prio
 .text.bt_hci_driver_register
                0x00000000000035e8       0x28 zephyr/subsys/bluetooth/host/libsubsys__bluetooth__host.a(hci_core.c.obj)
                0x00000000000035e8                bt_hci_driver_register
 .text.bt_finalize_init
                0x0000000000003610      0x150 zephyr/subsys/bluetooth/host/libsubsys__bluetooth__host.a(hci_core.c.obj)
                0x0000000000003610                bt_finalize_init
 .text.init_work
                0x0000000000003760       0x24 zephyr/subsys/bluetooth/host/libsubsys__bluetooth__host.a(hci_core.c.obj)
 .text.bt_enable
                0x0000000000003784      0x100 zephyr/subsys/bluetooth/host/libsubsys__bluetooth__host.a(hci_core.c.obj)
                0x0000000000003784                bt_enable
 .text.bt_is_ready
                0x0000000000003884       0x18 zephyr/subsys/bluetooth/host/libsubsys__bluetooth__host.a(hci_core.c.obj)
                0x0000000000003884                bt_is_ready
 .text.bt_get_name
                0x000000000000389c        0x8 zephyr/subsys/bluetooth/host/libsubsys__bluetooth__host.a(hci_core.c.obj)
                0x000000000000389c                bt_get_name
 .text.id_find  0x00000000000038a4       0x30 zephyr/subsys/bluetooth/host/libsubsys__bluetooth__host.a(id.c.obj)
 .text.set_random_address
                0x00000000000038d4       0x58 zephyr/subsys/bluetooth/host/libsubsys__bluetooth__host.a(id.c.obj)
 .text.id_create.constprop.0
                0x000000000000392c       0x74 zephyr/subsys/bluetooth/host/libsubsys__bluetooth__host.a(id.c.obj)
 .text.bt_id_create
                0x00000000000039a0       0x9c zephyr/subsys/bluetooth/host/libsubsys__bluetooth__host.a(id.c.obj)
                0x00000000000039a0                bt_id_create
 .text.bt_id_read_public_addr
                0x0000000000003a3c       0x88 zephyr/subsys/bluetooth/host/libsubsys__bluetooth__host.a(id.c.obj)
                0x0000000000003a3c                bt_id_read_public_addr
 .text.bt_setup_public_id_addr
                0x0000000000003ac4       0x20 zephyr/subsys/bluetooth/host/libsubsys__bluetooth__host.a(id.c.obj)
                0x0000000000003ac4                bt_setup_public_id_addr
 .text.bt_read_static_addr
                0x0000000000003ae4       0x94 zephyr/subsys/bluetooth/host/libsubsys__bluetooth__host.a(id.c.obj)
                0x0000000000003ae4                bt_read_static_addr
 .text.bt_setup_random_id_addr
                0x0000000000003b78       0x60 zephyr/subsys/bluetooth/host/libsubsys__bluetooth__host.a(id.c.obj)
                0x0000000000003b78                bt_setup_random_id_addr
 .text.bt_id_set_adv_own_addr
                0x0000000000003bd8       0xd4 zephyr/subsys/bluetooth/host/libsubsys__bluetooth__host.a(id.c.obj)
                0x0000000000003bd8                bt_id_set_adv_own_addr
 .text.bt_id_init
                0x0000000000003cac       0x54 zephyr/subsys/bluetooth/host/libsubsys__bluetooth__host.a(id.c.obj)
                0x0000000000003cac                bt_id_init
 .text.hci_set_ad
                0x0000000000003d00       0xd0 zephyr/subsys/bluetooth/host/libsubsys__bluetooth__host.a(adv.c.obj)
 .text.valid_adv_param
                0x0000000000003dd0       0x84 zephyr/subsys/bluetooth/host/libsubsys__bluetooth__host.a(adv.c.obj)
 .text.bt_le_adv_start_legacy
                0x0000000000003e54      0x228 zephyr/subsys/bluetooth/host/libsubsys__bluetooth__host.a(adv.c.obj)
                0x0000000000003e54                bt_le_adv_start_legacy
 .text.bt_le_adv_start
                0x000000000000407c       0x64 zephyr/subsys/bluetooth/host/libsubsys__bluetooth__host.a(adv.c.obj)
                0x000000000000407c                bt_le_adv_start
 .text.bt_le_adv_stop
                0x00000000000040e0       0x38 zephyr/subsys/bluetooth/host/libsubsys__bluetooth__host.a(adv.c.obj)
                0x00000000000040e0                bt_le_adv_stop
 .text.adv_timeout
                0x0000000000004118       0x24 zephyr/subsys/bluetooth/host/libsubsys__bluetooth__host.a(adv.c.obj)
 .text.mayfly_init
                0x000000000000413c       0x4c zephyr/subsys/bluetooth/controller/libsubsys__bluetooth__controller.a(mayfly.c.obj)
                0x000000000000413c                mayfly_init
 .text.mayfly_enqueue
                0x0000000000004188       0xa4 zephyr/subsys/bluetooth/controller/libsubsys__bluetooth__controller.a(mayfly.c.obj)
                0x0000000000004188                mayfly_enqueue
 .text.mayfly_run
                0x000000000000422c      0x13c zephyr/subsys/bluetooth/controller/libsubsys__bluetooth__controller.a(mayfly.c.obj)
                0x000000000000422c                mayfly_run
 .text.ticker_remainder_inc
                0x0000000000004368       0x30 zephyr/subsys/bluetooth/controller/libsubsys__bluetooth__controller.a(ticker.c.obj)
 .text.start_us.constprop.0
                0x0000000000004398       0x94 zephyr/subsys/bluetooth/controller/libsubsys__bluetooth__controller.a(ticker.c.obj)
 .text.ticker_job
                0x000000000000442c      0x824 zephyr/subsys/bluetooth/controller/libsubsys__bluetooth__controller.a(ticker.c.obj)
                0x000000000000442c                ticker_job
 .text.ticker_init
                0x0000000000004c50       0x64 zephyr/subsys/bluetooth/controller/libsubsys__bluetooth__controller.a(ticker.c.obj)
                0x0000000000004c50                ticker_init
 .text.ticker_trigger
                0x0000000000004cb4       0x24 zephyr/subsys/bluetooth/controller/libsubsys__bluetooth__controller.a(ticker.c.obj)
                0x0000000000004cb4                ticker_trigger
 .text.ticker_update_ext
                0x0000000000004cd8       0x94 zephyr/subsys/bluetooth/controller/libsubsys__bluetooth__controller.a(ticker.c.obj)
                0x0000000000004cd8                ticker_update_ext
 .text.ticker_stop
                0x0000000000004d6c       0x74 zephyr/subsys/bluetooth/controller/libsubsys__bluetooth__controller.a(ticker.c.obj)
                0x0000000000004d6c                ticker_stop
 .text.ll_addr_set
                0x0000000000004de0       0x38 zephyr/subsys/bluetooth/controller/libsubsys__bluetooth__controller.a(ll_addr.c.obj)
                0x0000000000004de0                ll_addr_set
 .text.ll_addr_get
                0x0000000000004e18       0x20 zephyr/subsys/bluetooth/controller/libsubsys__bluetooth__controller.a(ll_addr.c.obj)
                0x0000000000004e18                ll_addr_get
 .text.perform_lll_reset
                0x0000000000004e38       0x5c zephyr/subsys/bluetooth/controller/libsubsys__bluetooth__controller.a(ull.c.obj)
 .text.ull_ticker_status_give
                0x0000000000004e94        0xc zephyr/subsys/bluetooth/controller/libsubsys__bluetooth__controller.a(ull.c.obj)
                0x0000000000004e94                ull_ticker_status_give
 .text.ll_rx_get
                0x0000000000004ea0       0x24 zephyr/subsys/bluetooth/controller/libsubsys__bluetooth__controller.a(ull.c.obj)
                0x0000000000004ea0                ll_rx_get
 .text.ll_rx_link_release
                0x0000000000004ec4        0xc zephyr/subsys/bluetooth/controller/libsubsys__bluetooth__controller.a(ull.c.obj)
                0x0000000000004ec4                ll_rx_link_release
 .text.ll_rx_dequeue
                0x0000000000004ed0       0x7c zephyr/subsys/bluetooth/controller/libsubsys__bluetooth__controller.a(ull.c.obj)
                0x0000000000004ed0                ll_rx_dequeue
 .text.rx_replenish.constprop.0
                0x0000000000004f4c       0x74 zephyr/subsys/bluetooth/controller/libsubsys__bluetooth__controller.a(ull.c.obj)
 .text.ll_rx_release
                0x0000000000004fc0        0xc zephyr/subsys/bluetooth/controller/libsubsys__bluetooth__controller.a(ull.c.obj)
                0x0000000000004fc0                ll_rx_release
 .text.ll_rx_mem_release
                0x0000000000004fcc       0xa0 zephyr/subsys/bluetooth/controller/libsubsys__bluetooth__controller.a(ull.c.obj)
                0x0000000000004fcc                ll_rx_mem_release
 .text.ull_ticker_status_take
                0x000000000000506c       0x24 zephyr/subsys/bluetooth/controller/libsubsys__bluetooth__controller.a(ull.c.obj)
                0x000000000000506c                ull_ticker_status_take
 .text.ull_disable_mark
                0x0000000000005090       0x10 zephyr/subsys/bluetooth/controller/libsubsys__bluetooth__controller.a(ull.c.obj)
                0x0000000000005090                ull_disable_mark
 .text.ull_disable_unmark
                0x00000000000050a0       0x1c zephyr/subsys/bluetooth/controller/libsubsys__bluetooth__controller.a(ull.c.obj)
                0x00000000000050a0                ull_disable_unmark
 .text.ull_disable_mark_get
                0x00000000000050bc        0xc zephyr/subsys/bluetooth/controller/libsubsys__bluetooth__controller.a(ull.c.obj)
                0x00000000000050bc                ull_disable_mark_get
 .text.ull_disable
                0x00000000000050c8       0x78 zephyr/subsys/bluetooth/controller/libsubsys__bluetooth__controller.a(ull.c.obj)
                0x00000000000050c8                ull_disable
 .text.ull_pdu_rx_alloc_peek
                0x0000000000005140       0x34 zephyr/subsys/bluetooth/controller/libsubsys__bluetooth__controller.a(ull.c.obj)
                0x0000000000005140                ull_pdu_rx_alloc_peek
 .text.ull_rx_put
                0x0000000000005174        0xc zephyr/subsys/bluetooth/controller/libsubsys__bluetooth__controller.a(ull.c.obj)
                0x0000000000005174                ull_rx_put
 .text.ull_rx_sched
                0x0000000000005180       0x10 zephyr/subsys/bluetooth/controller/libsubsys__bluetooth__controller.a(ull.c.obj)
                0x0000000000005180                ull_rx_sched
 .text.ull_prepare_enqueue
                0x0000000000005190       0x68 zephyr/subsys/bluetooth/controller/libsubsys__bluetooth__controller.a(ull.c.obj)
                0x0000000000005190                ull_prepare_enqueue
 .text.ull_prepare_dequeue_get
                0x00000000000051f8       0x1c zephyr/subsys/bluetooth/controller/libsubsys__bluetooth__controller.a(ull.c.obj)
                0x00000000000051f8                ull_prepare_dequeue_get
 .text.ull_prepare_dequeue_iter
                0x0000000000005214       0x38 zephyr/subsys/bluetooth/controller/libsubsys__bluetooth__controller.a(ull.c.obj)
                0x0000000000005214                ull_prepare_dequeue_iter
 .text.ull_prepare_dequeue
                0x000000000000524c       0xdc zephyr/subsys/bluetooth/controller/libsubsys__bluetooth__controller.a(ull.c.obj)
                0x000000000000524c                ull_prepare_dequeue
 .text.ull_event_done
                0x0000000000005328       0x40 zephyr/subsys/bluetooth/controller/libsubsys__bluetooth__controller.a(ull.c.obj)
                0x0000000000005328                ull_event_done
 .text.init_reset
                0x0000000000005368       0xec zephyr/subsys/bluetooth/controller/libsubsys__bluetooth__controller.a(ull.c.obj)
 .text.ll_init  0x0000000000005454       0xc0 zephyr/subsys/bluetooth/controller/libsubsys__bluetooth__controller.a(ull.c.obj)
                0x0000000000005454                ll_init
 .text.ll_reset
                0x0000000000005514       0xe0 zephyr/subsys/bluetooth/controller/libsubsys__bluetooth__controller.a(ull.c.obj)
                0x0000000000005514                ll_reset
 .text.rx_demux
                0x00000000000055f4      0x128 zephyr/subsys/bluetooth/controller/libsubsys__bluetooth__controller.a(ull.c.obj)
 .text.lll_resume
                0x000000000000571c       0x4c zephyr/subsys/bluetooth/controller/libsubsys__bluetooth__controller.a(lll_common.c.obj)
                0x000000000000571c                lll_resume
 .text.hci_driver_init
                0x0000000000005768       0x10 zephyr/subsys/bluetooth/controller/libsubsys__bluetooth__controller.a(hci_driver.c.obj)
 .text.hci_driver_send
                0x0000000000005778       0x68 zephyr/subsys/bluetooth/controller/libsubsys__bluetooth__controller.a(hci_driver.c.obj)
 .text.recv_thread
                0x00000000000057e0       0xbc zephyr/subsys/bluetooth/controller/libsubsys__bluetooth__controller.a(hci_driver.c.obj)
 .text.prio_recv_thread
                0x000000000000589c       0x4c zephyr/subsys/bluetooth/controller/libsubsys__bluetooth__controller.a(hci_driver.c.obj)
 .text.hci_driver_close
                0x00000000000058e8       0x20 zephyr/subsys/bluetooth/controller/libsubsys__bluetooth__controller.a(hci_driver.c.obj)
 .text.hci_driver_open.part.0
                0x0000000000005908       0x8c zephyr/subsys/bluetooth/controller/libsubsys__bluetooth__controller.a(hci_driver.c.obj)
 .text.hci_driver_open
                0x0000000000005994       0x48 zephyr/subsys/bluetooth/controller/libsubsys__bluetooth__controller.a(hci_driver.c.obj)
 .text.hci_recv_fifo_reset
                0x00000000000059dc       0x20 zephyr/subsys/bluetooth/controller/libsubsys__bluetooth__controller.a(hci_driver.c.obj)
                0x00000000000059dc                hci_recv_fifo_reset
 .text.cmd_complete_status
                0x00000000000059fc       0x24 zephyr/subsys/bluetooth/controller/libsubsys__bluetooth__controller.a(hci.c.obj)
 .text.hci_cmd_complete
                0x0000000000005a20       0x20 zephyr/subsys/bluetooth/controller/libsubsys__bluetooth__controller.a(hci.c.obj)
                0x0000000000005a20                hci_cmd_complete
 .text.hci_vendor_cmd_handle_common
                0x0000000000005a40      0x120 zephyr/subsys/bluetooth/controller/libsubsys__bluetooth__controller.a(hci.c.obj)
                0x0000000000005a40                hci_vendor_cmd_handle_common
 .text.hci_cmd_handle
                0x0000000000005b60      0x330 zephyr/subsys/bluetooth/controller/libsubsys__bluetooth__controller.a(hci.c.obj)
                0x0000000000005b60                hci_cmd_handle
 .text.hci_evt_encode
                0x0000000000005e90       0x30 zephyr/subsys/bluetooth/controller/libsubsys__bluetooth__controller.a(hci.c.obj)
                0x0000000000005e90                hci_evt_encode
 .text.ticker_update_op_cb
                0x0000000000005ec0       0x38 zephyr/subsys/bluetooth/controller/libsubsys__bluetooth__controller.a(ull_adv.c.obj)
 .text.init_reset
                0x0000000000005ef8       0x50 zephyr/subsys/bluetooth/controller/libsubsys__bluetooth__controller.a(ull_adv.c.obj)
 .text.ticker_cb
                0x0000000000005f48       0xfc zephyr/subsys/bluetooth/controller/libsubsys__bluetooth__controller.a(ull_adv.c.obj)
 .text.ll_adv_params_set
                0x0000000000006044       0xd0 zephyr/subsys/bluetooth/controller/libsubsys__bluetooth__controller.a(ull_adv.c.obj)
                0x0000000000006044                ll_adv_params_set
 .text.ull_adv_reset_finalize
                0x0000000000006114       0x20 zephyr/subsys/bluetooth/controller/libsubsys__bluetooth__controller.a(ull_adv.c.obj)
                0x0000000000006114                ull_adv_reset_finalize
 .text.ull_adv_lll_handle_get
                0x0000000000006134       0x10 zephyr/subsys/bluetooth/controller/libsubsys__bluetooth__controller.a(ull_adv.c.obj)
                0x0000000000006134                ull_adv_lll_handle_get
 .text.ull_adv_is_enabled_get
                0x0000000000006144       0x1c zephyr/subsys/bluetooth/controller/libsubsys__bluetooth__controller.a(ull_adv.c.obj)
                0x0000000000006144                ull_adv_is_enabled_get
 .text.disable.constprop.0
                0x0000000000006160       0xe8 zephyr/subsys/bluetooth/controller/libsubsys__bluetooth__controller.a(ull_adv.c.obj)
 .text.ll_adv_data_set
                0x0000000000006248       0x10 zephyr/subsys/bluetooth/controller/libsubsys__bluetooth__controller.a(ull_adv.c.obj)
                0x0000000000006248                ll_adv_data_set
 .text.ll_adv_scan_rsp_set
                0x0000000000006258       0x10 zephyr/subsys/bluetooth/controller/libsubsys__bluetooth__controller.a(ull_adv.c.obj)
                0x0000000000006258                ll_adv_scan_rsp_set
 .text.rtc0_nrf5_isr
                0x0000000000006268       0x2c zephyr/subsys/bluetooth/controller/ll_sw/nordic/libsubsys__bluetooth__controller__ll_sw__nordic.a(lll.c.obj)
 .text.ticker_start_op_cb
                0x0000000000006294       0x9c zephyr/subsys/bluetooth/controller/ll_sw/nordic/libsubsys__bluetooth__controller__ll_sw__nordic.a(lll.c.obj)
 .text.ticker_stop_op_cb
                0x0000000000006330       0x54 zephyr/subsys/bluetooth/controller/ll_sw/nordic/libsubsys__bluetooth__controller__ll_sw__nordic.a(lll.c.obj)
 .text.preempt_ticker_cb
                0x0000000000006384       0x78 zephyr/subsys/bluetooth/controller/ll_sw/nordic/libsubsys__bluetooth__controller__ll_sw__nordic.a(lll.c.obj)
 .text.preempt_ticker_start
                0x00000000000063fc      0x17c zephyr/subsys/bluetooth/controller/ll_sw/nordic/libsubsys__bluetooth__controller__ll_sw__nordic.a(lll.c.obj)
 .text.preempt  0x0000000000006578      0x180 zephyr/subsys/bluetooth/controller/ll_sw/nordic/libsubsys__bluetooth__controller__ll_sw__nordic.a(lll.c.obj)
 .text.lll_init
                0x00000000000066f8       0x60 zephyr/subsys/bluetooth/controller/ll_sw/nordic/libsubsys__bluetooth__controller__ll_sw__nordic.a(lll.c.obj)
                0x00000000000066f8                lll_init
 .text.lll_csrand_get
                0x0000000000006758       0x18 zephyr/subsys/bluetooth/controller/ll_sw/nordic/libsubsys__bluetooth__controller__ll_sw__nordic.a(lll.c.obj)
                0x0000000000006758                lll_csrand_get
 .text.lll_csrand_isr_get
                0x0000000000006770       0x24 zephyr/subsys/bluetooth/controller/ll_sw/nordic/libsubsys__bluetooth__controller__ll_sw__nordic.a(lll.c.obj)
                0x0000000000006770                lll_csrand_isr_get
 .text.lll_disable
                0x0000000000006794       0x80 zephyr/subsys/bluetooth/controller/ll_sw/nordic/libsubsys__bluetooth__controller__ll_sw__nordic.a(lll.c.obj)
                0x0000000000006794                lll_disable
 .text.lll_done
                0x0000000000006814       0x98 zephyr/subsys/bluetooth/controller/ll_sw/nordic/libsubsys__bluetooth__controller__ll_sw__nordic.a(lll.c.obj)
                0x0000000000006814                lll_done
 .text.lll_chan_set
                0x00000000000068ac       0x64 zephyr/subsys/bluetooth/controller/ll_sw/nordic/libsubsys__bluetooth__controller__ll_sw__nordic.a(lll.c.obj)
                0x00000000000068ac                lll_chan_set
 .text.lll_isr_cleanup
                0x0000000000006910       0x58 zephyr/subsys/bluetooth/controller/ll_sw/nordic/libsubsys__bluetooth__controller__ll_sw__nordic.a(lll.c.obj)
                0x0000000000006910                lll_isr_cleanup
 .text.lll_prepare_resolve
                0x0000000000006968      0x11c zephyr/subsys/bluetooth/controller/ll_sw/nordic/libsubsys__bluetooth__controller__ll_sw__nordic.a(lll.c.obj)
                0x0000000000006968                lll_prepare_resolve
 .text.lll_clock_init
                0x0000000000006a84       0x20 zephyr/subsys/bluetooth/controller/ll_sw/nordic/libsubsys__bluetooth__controller__ll_sw__nordic.a(lll_clock.c.obj)
                0x0000000000006a84                lll_clock_init
 .text.lll_hfclock_on
                0x0000000000006aa4       0x2c zephyr/subsys/bluetooth/controller/ll_sw/nordic/libsubsys__bluetooth__controller__ll_sw__nordic.a(lll_clock.c.obj)
                0x0000000000006aa4                lll_hfclock_on
 .text.lll_hfclock_off
                0x0000000000006ad0       0x38 zephyr/subsys/bluetooth/controller/ll_sw/nordic/libsubsys__bluetooth__controller__ll_sw__nordic.a(lll_clock.c.obj)
                0x0000000000006ad0                lll_hfclock_off
 .text.isr_tx   0x0000000000006b08       0xac zephyr/subsys/bluetooth/controller/ll_sw/nordic/libsubsys__bluetooth__controller__ll_sw__nordic.a(lll_adv.c.obj)
 .text.abort_cb
                0x0000000000006bb4       0x50 zephyr/subsys/bluetooth/controller/ll_sw/nordic/libsubsys__bluetooth__controller__ll_sw__nordic.a(lll_adv.c.obj)
 .text.init_reset
                0x0000000000006c04       0x30 zephyr/subsys/bluetooth/controller/ll_sw/nordic/libsubsys__bluetooth__controller__ll_sw__nordic.a(lll_adv.c.obj)
 .text.lll_adv_data_init
                0x0000000000006c34       0x20 zephyr/subsys/bluetooth/controller/ll_sw/nordic/libsubsys__bluetooth__controller__ll_sw__nordic.a(lll_adv.c.obj)
                0x0000000000006c34                lll_adv_data_init
 .text.lll_adv_pdu_alloc_pdu_adv
                0x0000000000006c54       0xc4 zephyr/subsys/bluetooth/controller/ll_sw/nordic/libsubsys__bluetooth__controller__ll_sw__nordic.a(lll_adv.c.obj)
                0x0000000000006c54                lll_adv_pdu_alloc_pdu_adv
 .text.lll_adv_pdu_latest_get
                0x0000000000006d18       0x5c zephyr/subsys/bluetooth/controller/ll_sw/nordic/libsubsys__bluetooth__controller__ll_sw__nordic.a(lll_adv.c.obj)
                0x0000000000006d18                lll_adv_pdu_latest_get
 .text.chan_prepare.isra.0
                0x0000000000006d74      0x104 zephyr/subsys/bluetooth/controller/ll_sw/nordic/libsubsys__bluetooth__controller__ll_sw__nordic.a(lll_adv.c.obj)
 .text.lll_adv_prepare
                0x0000000000006e78       0x74 zephyr/subsys/bluetooth/controller/ll_sw/nordic/libsubsys__bluetooth__controller__ll_sw__nordic.a(lll_adv.c.obj)
                0x0000000000006e78                lll_adv_prepare
 .text.isr_rx   0x0000000000006eec       0xfc zephyr/subsys/bluetooth/controller/ll_sw/nordic/libsubsys__bluetooth__controller__ll_sw__nordic.a(lll_adv.c.obj)
 .text.cntr_init
                0x0000000000006fe8       0x1c zephyr/subsys/bluetooth/controller/ll_sw/nordic/libsubsys__bluetooth__controller__ll_sw__nordic.a(cntr.c.obj)
                0x0000000000006fe8                cntr_init
 .text.cntr_start
                0x0000000000007004       0x1c zephyr/subsys/bluetooth/controller/ll_sw/nordic/libsubsys__bluetooth__controller__ll_sw__nordic.a(cntr.c.obj)
                0x0000000000007004                cntr_start
 .text.cntr_stop
                0x0000000000007020       0x48 zephyr/subsys/bluetooth/controller/ll_sw/nordic/libsubsys__bluetooth__controller__ll_sw__nordic.a(cntr.c.obj)
                0x0000000000007020                cntr_stop
 .text.cntr_cnt_get
                0x0000000000007068        0xc zephyr/subsys/bluetooth/controller/ll_sw/nordic/libsubsys__bluetooth__controller__ll_sw__nordic.a(cntr.c.obj)
                0x0000000000007068                cntr_cnt_get
 .text.cntr_cmp_set
                0x0000000000007074       0x10 zephyr/subsys/bluetooth/controller/ll_sw/nordic/libsubsys__bluetooth__controller__ll_sw__nordic.a(cntr.c.obj)
                0x0000000000007074                cntr_cmp_set
 .text.do_ecb   0x0000000000007084       0x48 zephyr/subsys/bluetooth/controller/ll_sw/nordic/libsubsys__bluetooth__controller__ll_sw__nordic.a(ecb.c.obj)
 .text.nrf52_errata_106
                0x00000000000070cc       0x3c zephyr/subsys/bluetooth/controller/ll_sw/nordic/libsubsys__bluetooth__controller__ll_sw__nordic.a(radio.c.obj)
 .text.isr_radio
                0x0000000000007108       0x20 zephyr/subsys/bluetooth/controller/ll_sw/nordic/libsubsys__bluetooth__controller__ll_sw__nordic.a(radio.c.obj)
                0x0000000000007108                isr_radio
 .text.radio_isr_set
                0x0000000000007128       0x40 zephyr/subsys/bluetooth/controller/ll_sw/nordic/libsubsys__bluetooth__controller__ll_sw__nordic.a(radio.c.obj)
                0x0000000000007128                radio_isr_set
 .text.radio_reset
                0x0000000000007168       0x84 zephyr/subsys/bluetooth/controller/ll_sw/nordic/libsubsys__bluetooth__controller__ll_sw__nordic.a(radio.c.obj)
                0x0000000000007168                radio_reset
 .text.radio_phy_set
                0x00000000000071ec       0x1c zephyr/subsys/bluetooth/controller/ll_sw/nordic/libsubsys__bluetooth__controller__ll_sw__nordic.a(radio.c.obj)
                0x00000000000071ec                radio_phy_set
 .text.radio_tx_power_set
                0x0000000000007208        0xc zephyr/subsys/bluetooth/controller/ll_sw/nordic/libsubsys__bluetooth__controller__ll_sw__nordic.a(radio.c.obj)
                0x0000000000007208                radio_tx_power_set
 .text.radio_freq_chan_set
                0x0000000000007214        0xc zephyr/subsys/bluetooth/controller/ll_sw/nordic/libsubsys__bluetooth__controller__ll_sw__nordic.a(radio.c.obj)
                0x0000000000007214                radio_freq_chan_set
 .text.radio_whiten_iv_set
                0x0000000000007220       0x24 zephyr/subsys/bluetooth/controller/ll_sw/nordic/libsubsys__bluetooth__controller__ll_sw__nordic.a(radio.c.obj)
                0x0000000000007220                radio_whiten_iv_set
 .text.radio_aa_set
                0x0000000000007244       0x30 zephyr/subsys/bluetooth/controller/ll_sw/nordic/libsubsys__bluetooth__controller__ll_sw__nordic.a(radio.c.obj)
                0x0000000000007244                radio_aa_set
 .text.radio_pkt_configure
                0x0000000000007274       0x54 zephyr/subsys/bluetooth/controller/ll_sw/nordic/libsubsys__bluetooth__controller__ll_sw__nordic.a(radio.c.obj)
                0x0000000000007274                radio_pkt_configure
 .text.radio_pkt_rx_set
                0x00000000000072c8        0xc zephyr/subsys/bluetooth/controller/ll_sw/nordic/libsubsys__bluetooth__controller__ll_sw__nordic.a(radio.c.obj)
                0x00000000000072c8                radio_pkt_rx_set
 .text.radio_pkt_tx_set
                0x00000000000072d4        0xc zephyr/subsys/bluetooth/controller/ll_sw/nordic/libsubsys__bluetooth__controller__ll_sw__nordic.a(radio.c.obj)
                0x00000000000072d4                radio_pkt_tx_set
 .text.radio_tx_enable
                0x00000000000072e0        0xc zephyr/subsys/bluetooth/controller/ll_sw/nordic/libsubsys__bluetooth__controller__ll_sw__nordic.a(radio.c.obj)
                0x00000000000072e0                radio_tx_enable
 .text.radio_disable
                0x00000000000072ec       0x24 zephyr/subsys/bluetooth/controller/ll_sw/nordic/libsubsys__bluetooth__controller__ll_sw__nordic.a(radio.c.obj)
                0x00000000000072ec                radio_disable
 .text.radio_status_reset
                0x0000000000007310       0x24 zephyr/subsys/bluetooth/controller/ll_sw/nordic/libsubsys__bluetooth__controller__ll_sw__nordic.a(radio.c.obj)
                0x0000000000007310                radio_status_reset
 .text.radio_is_ready
                0x0000000000007334       0x14 zephyr/subsys/bluetooth/controller/ll_sw/nordic/libsubsys__bluetooth__controller__ll_sw__nordic.a(radio.c.obj)
                0x0000000000007334                radio_is_ready
 .text.radio_is_done
                0x0000000000007348       0x14 zephyr/subsys/bluetooth/controller/ll_sw/nordic/libsubsys__bluetooth__controller__ll_sw__nordic.a(radio.c.obj)
                0x0000000000007348                radio_is_done
 .text.radio_is_idle
                0x000000000000735c       0x14 zephyr/subsys/bluetooth/controller/ll_sw/nordic/libsubsys__bluetooth__controller__ll_sw__nordic.a(radio.c.obj)
                0x000000000000735c                radio_is_idle
 .text.radio_crc_configure
                0x0000000000007370       0x18 zephyr/subsys/bluetooth/controller/ll_sw/nordic/libsubsys__bluetooth__controller__ll_sw__nordic.a(radio.c.obj)
                0x0000000000007370                radio_crc_configure
 .text.radio_crc_is_valid
                0x0000000000007388       0x14 zephyr/subsys/bluetooth/controller/ll_sw/nordic/libsubsys__bluetooth__controller__ll_sw__nordic.a(radio.c.obj)
                0x0000000000007388                radio_crc_is_valid
 .text.sw_switch
                0x000000000000739c      0x134 zephyr/subsys/bluetooth/controller/ll_sw/nordic/libsubsys__bluetooth__controller__ll_sw__nordic.a(radio.c.obj)
                0x000000000000739c                sw_switch
 .text.radio_switch_complete_and_rx
                0x00000000000074d0       0x28 zephyr/subsys/bluetooth/controller/ll_sw/nordic/libsubsys__bluetooth__controller__ll_sw__nordic.a(radio.c.obj)
                0x00000000000074d0                radio_switch_complete_and_rx
 .text.radio_switch_complete_and_tx
                0x00000000000074f8       0x28 zephyr/subsys/bluetooth/controller/ll_sw/nordic/libsubsys__bluetooth__controller__ll_sw__nordic.a(radio.c.obj)
                0x00000000000074f8                radio_switch_complete_and_tx
 .text.radio_switch_complete_and_b2b_tx_disable
                0x0000000000007520       0x1c zephyr/subsys/bluetooth/controller/ll_sw/nordic/libsubsys__bluetooth__controller__ll_sw__nordic.a(radio.c.obj)
                0x0000000000007520                radio_switch_complete_and_b2b_tx_disable
 .text.radio_rssi_status_reset
                0x000000000000753c       0x14 zephyr/subsys/bluetooth/controller/ll_sw/nordic/libsubsys__bluetooth__controller__ll_sw__nordic.a(radio.c.obj)
                0x000000000000753c                radio_rssi_status_reset
 .text.radio_rssi_is_ready
                0x0000000000007550       0x14 zephyr/subsys/bluetooth/controller/ll_sw/nordic/libsubsys__bluetooth__controller__ll_sw__nordic.a(radio.c.obj)
                0x0000000000007550                radio_rssi_is_ready
 .text.radio_filter_disable
                0x0000000000007564       0x14 zephyr/subsys/bluetooth/controller/ll_sw/nordic/libsubsys__bluetooth__controller__ll_sw__nordic.a(radio.c.obj)
                0x0000000000007564                radio_filter_disable
 .text.radio_filter_status_reset
                0x0000000000007578       0x14 zephyr/subsys/bluetooth/controller/ll_sw/nordic/libsubsys__bluetooth__controller__ll_sw__nordic.a(radio.c.obj)
                0x0000000000007578                radio_filter_status_reset
 .text.radio_filter_has_match
                0x000000000000758c       0x14 zephyr/subsys/bluetooth/controller/ll_sw/nordic/libsubsys__bluetooth__controller__ll_sw__nordic.a(radio.c.obj)
                0x000000000000758c                radio_filter_has_match
 .text.radio_filter_match_get
                0x00000000000075a0        0xc zephyr/subsys/bluetooth/controller/ll_sw/nordic/libsubsys__bluetooth__controller__ll_sw__nordic.a(radio.c.obj)
                0x00000000000075a0                radio_filter_match_get
 .text.radio_tmr_status_reset
                0x00000000000075ac       0x20 zephyr/subsys/bluetooth/controller/ll_sw/nordic/libsubsys__bluetooth__controller__ll_sw__nordic.a(radio.c.obj)
                0x00000000000075ac                radio_tmr_status_reset
 .text.radio_tmr_tifs_set
                0x00000000000075cc       0x18 zephyr/subsys/bluetooth/controller/ll_sw/nordic/libsubsys__bluetooth__controller__ll_sw__nordic.a(radio.c.obj)
                0x00000000000075cc                radio_tmr_tifs_set
 .text.radio_tmr_start
                0x00000000000075e4       0xf0 zephyr/subsys/bluetooth/controller/ll_sw/nordic/libsubsys__bluetooth__controller__ll_sw__nordic.a(radio.c.obj)
                0x00000000000075e4                radio_tmr_start
 .text.radio_tmr_stop
                0x00000000000076d4       0x18 zephyr/subsys/bluetooth/controller/ll_sw/nordic/libsubsys__bluetooth__controller__ll_sw__nordic.a(radio.c.obj)
                0x00000000000076d4                radio_tmr_stop
 .text.radio_tmr_hcto_configure
                0x00000000000076ec       0x18 zephyr/subsys/bluetooth/controller/ll_sw/nordic/libsubsys__bluetooth__controller__ll_sw__nordic.a(radio.c.obj)
                0x00000000000076ec                radio_tmr_hcto_configure
 .text.radio_tmr_end_capture
                0x0000000000007704       0x10 zephyr/subsys/bluetooth/controller/ll_sw/nordic/libsubsys__bluetooth__controller__ll_sw__nordic.a(radio.c.obj)
                0x0000000000007704                radio_tmr_end_capture
 .text.radio_tmr_tifs_base_get
                0x0000000000007714        0xc zephyr/subsys/bluetooth/controller/ll_sw/nordic/libsubsys__bluetooth__controller__ll_sw__nordic.a(radio.c.obj)
                0x0000000000007714                radio_tmr_tifs_base_get
 .text.mayfly_enable_cb
                0x0000000000007720       0x44 zephyr/subsys/bluetooth/controller/ll_sw/nordic/libsubsys__bluetooth__controller__ll_sw__nordic.a(mayfly.c.obj)
                0x0000000000007720                mayfly_enable_cb
 .text.mayfly_is_enabled
                0x0000000000007764       0x40 zephyr/subsys/bluetooth/controller/ll_sw/nordic/libsubsys__bluetooth__controller__ll_sw__nordic.a(mayfly.c.obj)
                0x0000000000007764                mayfly_is_enabled
 .text.mayfly_pend
                0x00000000000077a4       0x4c zephyr/subsys/bluetooth/controller/ll_sw/nordic/libsubsys__bluetooth__controller__ll_sw__nordic.a(mayfly.c.obj)
                0x00000000000077a4                mayfly_pend
 .text.hal_ticker_instance0_caller_id_get
                0x00000000000077f0       0x58 zephyr/subsys/bluetooth/controller/ll_sw/nordic/libsubsys__bluetooth__controller__ll_sw__nordic.a(ticker.c.obj)
                0x00000000000077f0                hal_ticker_instance0_caller_id_get
 .text.hal_ticker_instance0_sched
                0x0000000000007848       0xc0 zephyr/subsys/bluetooth/controller/ll_sw/nordic/libsubsys__bluetooth__controller__ll_sw__nordic.a(ticker.c.obj)
                0x0000000000007848                hal_ticker_instance0_sched
 .text.net_buf_destroy
                0x0000000000007908       0x38 zephyr/subsys/net/libsubsys__net.a(buf.c.obj)
 .text.net_buf_id
                0x0000000000007940       0x20 zephyr/subsys/net/libsubsys__net.a(buf.c.obj)
                0x0000000000007940                net_buf_id
 .text.fixed_data_alloc
                0x0000000000007960       0x24 zephyr/subsys/net/libsubsys__net.a(buf.c.obj)
 .text.net_buf_alloc_len
                0x0000000000007984       0xf4 zephyr/subsys/net/libsubsys__net.a(buf.c.obj)
                0x0000000000007984                net_buf_alloc_len
 .text.net_buf_unref
                0x0000000000007a78       0x38 zephyr/subsys/net/libsubsys__net.a(buf.c.obj)
                0x0000000000007a78                net_buf_unref
 .text.onoff_stop
                0x0000000000007ab0       0x30 zephyr/drivers/clock_control/libdrivers__clock_control.a(clock_control_nrf.c.obj)
 .text.onoff_start
                0x0000000000007ae0       0x44 zephyr/drivers/clock_control/libdrivers__clock_control.a(clock_control_nrf.c.obj)
 .text.generic_hfclk_stop
                0x0000000000007b24       0x34 zephyr/drivers/clock_control/libdrivers__clock_control.a(clock_control_nrf.c.obj)
 .text.clk_init
                0x0000000000007b58       0x58 zephyr/drivers/clock_control/libdrivers__clock_control.a(clock_control_nrf.c.obj)
 .text.clkstarted_handle.constprop.0
                0x0000000000007bb0       0x34 zephyr/drivers/clock_control/libdrivers__clock_control.a(clock_control_nrf.c.obj)
 .text.clock_event_handler
                0x0000000000007be4       0x1c zephyr/drivers/clock_control/libdrivers__clock_control.a(clock_control_nrf.c.obj)
 .text.generic_hfclk_start
                0x0000000000007c00       0x64 zephyr/drivers/clock_control/libdrivers__clock_control.a(clock_control_nrf.c.obj)
 .text.api_blocking_start
                0x0000000000007c64       0x3c zephyr/drivers/clock_control/libdrivers__clock_control.a(clock_control_nrf.c.obj)
 .text.lfclk_start
                0x0000000000007ca0       0x24 zephyr/drivers/clock_control/libdrivers__clock_control.a(clock_control_nrf.c.obj)
 .text.z_nrf_clock_control_get_onoff
                0x0000000000007cc4       0x10 zephyr/drivers/clock_control/libdrivers__clock_control.a(clock_control_nrf.c.obj)
                0x0000000000007cc4                z_nrf_clock_control_get_onoff
 .text.z_nrf_clock_bt_ctlr_hf_request
                0x0000000000007cd4       0x2c zephyr/drivers/clock_control/libdrivers__clock_control.a(clock_control_nrf.c.obj)
                0x0000000000007cd4                z_nrf_clock_bt_ctlr_hf_request
 .text.z_nrf_clock_bt_ctlr_hf_release
                0x0000000000007d00       0x34 zephyr/drivers/clock_control/libdrivers__clock_control.a(clock_control_nrf.c.obj)
                0x0000000000007d00                z_nrf_clock_bt_ctlr_hf_release
 .text.z_nrf_clock_control_lf_on
                0x0000000000007d34       0xfc zephyr/drivers/clock_control/libdrivers__clock_control.a(clock_control_nrf.c.obj)
                0x0000000000007d34                z_nrf_clock_control_lf_on
 .text.uart_console_init
                0x0000000000007e30       0x28 zephyr/drivers/console/libdrivers__console.a(uart_console.c.obj)
 .text.console_out
                0x0000000000007e58       0x28 zephyr/drivers/console/libdrivers__console.a(uart_console.c.obj)
 .text.random_byte_get
                0x0000000000007e80       0x3c zephyr/drivers/entropy/libdrivers__entropy.a(entropy_nrf5.c.obj)
 .text.rng_pool_get
                0x0000000000007ebc       0x8c zephyr/drivers/entropy/libdrivers__entropy.a(entropy_nrf5.c.obj)
 .text.entropy_nrf5_get_entropy_isr
                0x0000000000007f48       0xac zephyr/drivers/entropy/libdrivers__entropy.a(entropy_nrf5.c.obj)
 .text.entropy_nrf5_get_entropy
                0x0000000000007ff4       0x58 zephyr/drivers/entropy/libdrivers__entropy.a(entropy_nrf5.c.obj)
 .text.entropy_nrf5_init
                0x000000000000804c       0x70 zephyr/drivers/entropy/libdrivers__entropy.a(entropy_nrf5.c.obj)
 .text.isr      0x00000000000080bc       0x74 zephyr/drivers/entropy/libdrivers__entropy.a(entropy_nrf5.c.obj)
 .text.gpio_nrfx_init
                0x0000000000008130       0x48 zephyr/drivers/gpio/libdrivers__gpio.a(gpio_nrfx.c.obj)
 .text.nrfx_gpio_handler
                0x0000000000008178       0x3c zephyr/drivers/gpio/libdrivers__gpio.a(gpio_nrfx.c.obj)
 .text.gpio_nrfx_pin_configure
                0x00000000000081b4      0x180 zephyr/drivers/gpio/libdrivers__gpio.a(gpio_nrfx.c.obj)
 .text.gpio_nrfx_pin_interrupt_configure
                0x0000000000008334       0xf4 zephyr/drivers/gpio/libdrivers__gpio.a(gpio_nrfx.c.obj)
 .text.sx1509b_init
                0x0000000000008428      0x174 zephyr/drivers/gpio/libdrivers__gpio.a(gpio_sx1509b.c.obj)
 .text.i2c_nrfx_twim_configure
                0x000000000000859c       0x44 zephyr/drivers/i2c/libdrivers__i2c.a(i2c_nrfx_twim.c.obj)
 .text.i2c_nrfx_twim_init
                0x00000000000085e0       0x7c zephyr/drivers/i2c/libdrivers__i2c.a(i2c_nrfx_twim.c.obj)
 .text.i2c_nrfx_twim_recover_bus
                0x000000000000865c       0x3c zephyr/drivers/i2c/libdrivers__i2c.a(i2c_nrfx_twim.c.obj)
 .text.event_handler
                0x0000000000008698       0x34 zephyr/drivers/i2c/libdrivers__i2c.a(i2c_nrfx_twim.c.obj)
 .text.i2c_nrfx_twim_transfer
                0x00000000000086cc      0x1d8 zephyr/drivers/i2c/libdrivers__i2c.a(i2c_nrfx_twim.c.obj)
 .text.pinctrl_configure_pins
                0x00000000000088a4      0x114 zephyr/drivers/pinctrl/libdrivers__pinctrl.a(pinctrl_nrf.c.obj)
                0x00000000000088a4                pinctrl_configure_pins
 .text.regulator_delay
                0x00000000000089b8       0x2c zephyr/drivers/regulator/libdrivers__regulator.a(regulator_common.c.obj)
 .text.regulator_fixed_init
                0x00000000000089e4       0x94 zephyr/drivers/regulator/libdrivers__regulator.a(regulator_fixed.c.obj)
 .text.uarte_0_init
                0x0000000000008a78      0x240 zephyr/drivers/serial/libdrivers__serial.a(uart_nrfx_uarte.c.obj)
 .text.uarte_nrfx_poll_out
                0x0000000000008cb8       0xcc zephyr/drivers/serial/libdrivers__serial.a(uart_nrfx_uarte.c.obj)
 .text.compare_int_lock
                0x0000000000008d84       0x48 zephyr/drivers/timer/libdrivers__timer.a(nrf_rtc_timer.c.obj)
 .text.sys_clock_timeout_handler
                0x0000000000008dcc       0x48 zephyr/drivers/timer/libdrivers__timer.a(nrf_rtc_timer.c.obj)
 .text.compare_int_unlock
                0x0000000000008e14       0x5c zephyr/drivers/timer/libdrivers__timer.a(nrf_rtc_timer.c.obj)
 .text.z_nrf_rtc_timer_read
                0x0000000000008e70       0x44 zephyr/drivers/timer/libdrivers__timer.a(nrf_rtc_timer.c.obj)
                0x0000000000008e70                z_nrf_rtc_timer_read
 .text.compare_set
                0x0000000000008eb4      0x130 zephyr/drivers/timer/libdrivers__timer.a(nrf_rtc_timer.c.obj)
 .text.sys_clock_driver_init
                0x0000000000008fe4       0x90 zephyr/drivers/timer/libdrivers__timer.a(nrf_rtc_timer.c.obj)
 .text.rtc_nrf_isr
                0x0000000000009074       0xd4 zephyr/drivers/timer/libdrivers__timer.a(nrf_rtc_timer.c.obj)
                0x0000000000009074                rtc_nrf_isr
 .text.sys_clock_set_timeout
                0x0000000000009148       0x5c zephyr/drivers/timer/libdrivers__timer.a(nrf_rtc_timer.c.obj)
                0x0000000000009148                sys_clock_set_timeout
 .text.sys_clock_elapsed
                0x00000000000091a4       0x14 zephyr/drivers/timer/libdrivers__timer.a(nrf_rtc_timer.c.obj)
                0x00000000000091a4                sys_clock_elapsed
 .text.nrf52_errata_16
                0x00000000000091b8       0x28 modules/hal_nordic/nrfx/libmodules__hal_nordic__nrfx.a(system_nrf52.c.obj)
 .text.SystemInit
                0x00000000000091e0      0x218 modules/hal_nordic/nrfx/libmodules__hal_nordic__nrfx.a(system_nrf52.c.obj)
                0x00000000000091e0                SystemInit
 .text.nrfx_flag32_alloc
                0x00000000000093f8       0x48 modules/hal_nordic/nrfx/libmodules__hal_nordic__nrfx.a(nrfx_flag32_allocator.c.obj)
                0x00000000000093f8                nrfx_flag32_alloc
 .text.nrfx_flag32_free
                0x0000000000009440       0x40 modules/hal_nordic/nrfx/libmodules__hal_nordic__nrfx.a(nrfx_flag32_allocator.c.obj)
                0x0000000000009440                nrfx_flag32_free
 .text.nrfx_gppi_channels_enable
                0x0000000000009480        0xc modules/hal_nordic/nrfx/libmodules__hal_nordic__nrfx.a(nrfx_gppi_ppi.c.obj)
                0x0000000000009480                nrfx_gppi_channels_enable
 .text.clock_stop
                0x000000000000948c       0xc4 modules/hal_nordic/nrfx/libmodules__hal_nordic__nrfx.a(nrfx_clock.c.obj)
 .text.nrfx_clock_init
                0x0000000000009550       0x20 modules/hal_nordic/nrfx/libmodules__hal_nordic__nrfx.a(nrfx_clock.c.obj)
                0x0000000000009550                nrfx_clock_init
 .text.nrfx_clock_enable
                0x0000000000009570       0x24 modules/hal_nordic/nrfx/libmodules__hal_nordic__nrfx.a(nrfx_clock.c.obj)
                0x0000000000009570                nrfx_clock_enable
 .text.nrfx_clock_start
                0x0000000000009594       0xec modules/hal_nordic/nrfx/libmodules__hal_nordic__nrfx.a(nrfx_clock.c.obj)
                0x0000000000009594                nrfx_clock_start
 .text.nrfx_power_clock_irq_handler
                0x0000000000009680       0x68 modules/hal_nordic/nrfx/libmodules__hal_nordic__nrfx.a(nrfx_clock.c.obj)
                0x0000000000009680                nrfx_power_clock_irq_handler
 .text.call_handler.constprop.0
                0x00000000000096e8       0x3c modules/hal_nordic/nrfx/libmodules__hal_nordic__nrfx.a(nrfx_gpiote.c.obj)
 .text.release_handler.isra.0
                0x0000000000009724       0x54 modules/hal_nordic/nrfx/libmodules__hal_nordic__nrfx.a(nrfx_gpiote.c.obj)
 .text.__nrfy_internal_gpiote_events_process.constprop.0
                0x0000000000009778       0x5c modules/hal_nordic/nrfx/libmodules__hal_nordic__nrfx.a(nrfx_gpiote.c.obj)
 .text.pin_trigger_disable
                0x00000000000097d4       0x40 modules/hal_nordic/nrfx/libmodules__hal_nordic__nrfx.a(nrfx_gpiote.c.obj)
 .text.pin_uninit
                0x0000000000009814       0x74 modules/hal_nordic/nrfx/libmodules__hal_nordic__nrfx.a(nrfx_gpiote.c.obj)
 .text.nrfx_gpiote_input_configure
                0x0000000000009888      0x160 modules/hal_nordic/nrfx/libmodules__hal_nordic__nrfx.a(nrfx_gpiote.c.obj)
                0x0000000000009888                nrfx_gpiote_input_configure
 .text.nrfx_gpiote_output_configure
                0x00000000000099e8       0xec modules/hal_nordic/nrfx/libmodules__hal_nordic__nrfx.a(nrfx_gpiote.c.obj)
                0x00000000000099e8                nrfx_gpiote_output_configure
 .text.nrfx_gpiote_global_callback_set
                0x0000000000009ad4        0xc modules/hal_nordic/nrfx/libmodules__hal_nordic__nrfx.a(nrfx_gpiote.c.obj)
                0x0000000000009ad4                nrfx_gpiote_global_callback_set
 .text.nrfx_gpiote_channel_get
                0x0000000000009ae0       0x24 modules/hal_nordic/nrfx/libmodules__hal_nordic__nrfx.a(nrfx_gpiote.c.obj)
                0x0000000000009ae0                nrfx_gpiote_channel_get
 .text.nrfx_gpiote_init
                0x0000000000009b04       0x70 modules/hal_nordic/nrfx/libmodules__hal_nordic__nrfx.a(nrfx_gpiote.c.obj)
                0x0000000000009b04                nrfx_gpiote_init
 .text.nrfx_gpiote_init_check
                0x0000000000009b74       0x14 modules/hal_nordic/nrfx/libmodules__hal_nordic__nrfx.a(nrfx_gpiote.c.obj)
                0x0000000000009b74                nrfx_gpiote_init_check
 .text.nrfx_gpiote_channel_free
                0x0000000000009b88        0xc modules/hal_nordic/nrfx/libmodules__hal_nordic__nrfx.a(nrfx_gpiote.c.obj)
                0x0000000000009b88                nrfx_gpiote_channel_free
 .text.nrfx_gpiote_channel_alloc
                0x0000000000009b94        0xc modules/hal_nordic/nrfx/libmodules__hal_nordic__nrfx.a(nrfx_gpiote.c.obj)
                0x0000000000009b94                nrfx_gpiote_channel_alloc
 .text.nrfx_gpiote_trigger_enable
                0x0000000000009ba0       0x84 modules/hal_nordic/nrfx/libmodules__hal_nordic__nrfx.a(nrfx_gpiote.c.obj)
                0x0000000000009ba0                nrfx_gpiote_trigger_enable
 .text.nrfx_gpiote_0_irq_handler
                0x0000000000009c24      0x160 modules/hal_nordic/nrfx/libmodules__hal_nordic__nrfx.a(nrfx_gpiote.c.obj)
                0x0000000000009c24                nrfx_gpiote_0_irq_handler
 .text.nrfx_ppi_channel_alloc
                0x0000000000009d84        0xc modules/hal_nordic/nrfx/libmodules__hal_nordic__nrfx.a(nrfx_ppi.c.obj)
                0x0000000000009d84                nrfx_ppi_channel_alloc
 .text.twim_configure
                0x0000000000009d90       0x3c modules/hal_nordic/nrfx/libmodules__hal_nordic__nrfx.a(nrfx_twim.c.obj)
 .text.irq_handler
                0x0000000000009dcc      0x1dc modules/hal_nordic/nrfx/libmodules__hal_nordic__nrfx.a(nrfx_twim.c.obj)
 .text.nrfx_twim_init
                0x0000000000009fa8       0xc4 modules/hal_nordic/nrfx/libmodules__hal_nordic__nrfx.a(nrfx_twim.c.obj)
                0x0000000000009fa8                nrfx_twim_init
 .text.nrfx_twim_enable
                0x000000000000a06c       0x20 modules/hal_nordic/nrfx/libmodules__hal_nordic__nrfx.a(nrfx_twim.c.obj)
                0x000000000000a06c                nrfx_twim_enable
 .text.nrfx_twim_disable
                0x000000000000a08c       0x3c modules/hal_nordic/nrfx/libmodules__hal_nordic__nrfx.a(nrfx_twim.c.obj)
                0x000000000000a08c                nrfx_twim_disable
 .text.nrfx_twim_xfer
                0x000000000000a0c8      0x388 modules/hal_nordic/nrfx/libmodules__hal_nordic__nrfx.a(nrfx_twim.c.obj)
                0x000000000000a0c8                nrfx_twim_xfer
 .text.nrfx_twim_0_irq_handler
                0x000000000000a450       0x10 modules/hal_nordic/nrfx/libmodules__hal_nordic__nrfx.a(nrfx_twim.c.obj)
                0x000000000000a450                nrfx_twim_0_irq_handler
 .text.nrfx_twim_1_irq_handler
                0x000000000000a460       0x10 modules/hal_nordic/nrfx/libmodules__hal_nordic__nrfx.a(nrfx_twim.c.obj)
                0x000000000000a460                nrfx_twim_1_irq_handler
 .text.nrfx_twi_twim_bus_recover
                0x000000000000a470       0xdc modules/hal_nordic/nrfx/libmodules__hal_nordic__nrfx.a(nrfx_twi_twim.c.obj)
                0x000000000000a470                nrfx_twi_twim_bus_recover
 .text._DoInit  0x000000000000a54c       0x60 modules/segger/libmodules__segger.a(SEGGER_RTT.c.obj)
 .text.SEGGER_RTT_WriteSkipNoLock
                0x000000000000a5ac       0x88 modules/segger/libmodules__segger.a(SEGGER_RTT.c.obj)
                0x000000000000a5ac                SEGGER_RTT_WriteSkipNoLock
 .text.SEGGER_RTT_HasDataUp
                0x000000000000a634       0x14 modules/segger/libmodules__segger.a(SEGGER_RTT.c.obj)
                0x000000000000a634                SEGGER_RTT_HasDataUp
 .text.zephyr_rtt_mutex_lock
                0x000000000000a648       0x14 modules/segger/libmodules__segger.a(SEGGER_RTT_zephyr.c.obj)
                0x000000000000a648                zephyr_rtt_mutex_lock
 .text.zephyr_rtt_mutex_unlock
                0x000000000000a65c        0xc modules/segger/libmodules__segger.a(SEGGER_RTT_zephyr.c.obj)
                0x000000000000a65c                zephyr_rtt_mutex_unlock
 .text.k_sys_fatal_error_handler
                0x000000000000a668       0x20 zephyr/kernel/libkernel.a(fatal.c.obj)
                0x000000000000a668                k_sys_fatal_error_handler
 .text.z_fatal_error
                0x000000000000a688       0xe8 zephyr/kernel/libkernel.a(fatal.c.obj)
                0x000000000000a688                z_fatal_error
 .text.z_sys_init_run_level
                0x000000000000a770       0x48 zephyr/kernel/libkernel.a(init.c.obj)
 .text.bg_thread_main
                0x000000000000a7b8       0xc0 zephyr/kernel/libkernel.a(init.c.obj)
 .text.z_bss_zero
                0x000000000000a878       0x18 zephyr/kernel/libkernel.a(init.c.obj)
                0x000000000000a878                z_bss_zero
 .text.z_init_cpu
                0x000000000000a890       0x8c zephyr/kernel/libkernel.a(init.c.obj)
                0x000000000000a890                z_init_cpu
 .text.z_cstart
                0x000000000000a91c       0xe0 zephyr/kernel/libkernel.a(init.c.obj)
                0x000000000000a91c                z_cstart
 .text.statics_init
                0x000000000000a9fc       0x24 zephyr/kernel/libkernel.a(kheap.c.obj)
 .text.z_setup_new_thread
                0x000000000000aa20       0x90 zephyr/kernel/libkernel.a(thread.c.obj)
                0x000000000000aa20                z_setup_new_thread
 .text.z_impl_k_thread_create
                0x000000000000aab0       0x58 zephyr/kernel/libkernel.a(thread.c.obj)
                0x000000000000aab0                z_impl_k_thread_create
 .text.sliceable
                0x000000000000ab08       0x3c zephyr/kernel/libkernel.a(sched.c.obj)
 .text.slice_timeout
                0x000000000000ab44       0x20 zephyr/kernel/libkernel.a(sched.c.obj)
 .text.z_reset_time_slice
                0x000000000000ab64       0x50 zephyr/kernel/libkernel.a(sched.c.obj)
                0x000000000000ab64                z_reset_time_slice
 .text.update_cache
                0x000000000000abb4       0x40 zephyr/kernel/libkernel.a(sched.c.obj)
 .text.move_thread_to_end_of_prio_q
                0x000000000000abf4       0x7c zephyr/kernel/libkernel.a(sched.c.obj)
 .text.ready_thread
                0x000000000000ac70       0x68 zephyr/kernel/libkernel.a(sched.c.obj)
 .text.z_thread_halt
                0x000000000000acd8       0xa8 zephyr/kernel/libkernel.a(sched.c.obj)
 .text.unready_thread
                0x000000000000ad80       0x38 zephyr/kernel/libkernel.a(sched.c.obj)
 .text.z_time_slice
                0x000000000000adb8       0x60 zephyr/kernel/libkernel.a(sched.c.obj)
                0x000000000000adb8                z_time_slice
 .text.z_pend_curr
                0x000000000000ae18       0x5c zephyr/kernel/libkernel.a(sched.c.obj)
                0x000000000000ae18                z_pend_curr
 .text.z_thread_prio_set
                0x000000000000ae74       0x94 zephyr/kernel/libkernel.a(sched.c.obj)
                0x000000000000ae74                z_thread_prio_set
 .text.z_reschedule
                0x000000000000af08       0x24 zephyr/kernel/libkernel.a(sched.c.obj)
                0x000000000000af08                z_reschedule
 .text.z_sched_start
                0x000000000000af2c       0x3c zephyr/kernel/libkernel.a(sched.c.obj)
                0x000000000000af2c                z_sched_start
 .text.z_reschedule_irqlock
                0x000000000000af68       0x28 zephyr/kernel/libkernel.a(sched.c.obj)
                0x000000000000af68                z_reschedule_irqlock
 .text.k_sched_lock
                0x000000000000af90       0x28 zephyr/kernel/libkernel.a(sched.c.obj)
                0x000000000000af90                k_sched_lock
 .text.k_sched_unlock
                0x000000000000afb8       0x38 zephyr/kernel/libkernel.a(sched.c.obj)
                0x000000000000afb8                k_sched_unlock
 .text.z_sched_init
                0x000000000000aff0       0x10 zephyr/kernel/libkernel.a(sched.c.obj)
                0x000000000000aff0                z_sched_init
 .text.z_impl_k_yield
                0x000000000000b000       0x80 zephyr/kernel/libkernel.a(sched.c.obj)
                0x000000000000b000                z_impl_k_yield
 .text.z_tick_sleep
                0x000000000000b080       0x88 zephyr/kernel/libkernel.a(sched.c.obj)
 .text.z_impl_k_sleep
                0x000000000000b108       0x3c zephyr/kernel/libkernel.a(sched.c.obj)
                0x000000000000b108                z_impl_k_sleep
 .text.z_impl_k_sched_current_thread_query
                0x000000000000b144        0xc zephyr/kernel/libkernel.a(sched.c.obj)
                0x000000000000b144                z_impl_k_sched_current_thread_query
 .text.z_sched_wait
                0x000000000000b150       0x24 zephyr/kernel/libkernel.a(sched.c.obj)
                0x000000000000b150                z_sched_wait
 .text.z_impl_k_mutex_unlock
                0x000000000000b174       0x78 zephyr/kernel/libkernel.a(mutex.c.obj)
                0x000000000000b174                z_impl_k_mutex_unlock
 .text.z_impl_k_mutex_lock
                0x000000000000b1ec       0xf4 zephyr/kernel/libkernel.a(mutex.c.obj)
                0x000000000000b1ec                z_impl_k_mutex_lock
 .text.z_impl_k_queue_get
                0x000000000000b2e0       0x68 zephyr/kernel/libkernel.a(queue.c.obj)
                0x000000000000b2e0                z_impl_k_queue_get
 .text.z_impl_k_sem_give
                0x000000000000b348       0x4c zephyr/kernel/libkernel.a(sem.c.obj)
                0x000000000000b348                z_impl_k_sem_give
 .text.z_impl_k_sem_take
                0x000000000000b394       0x50 zephyr/kernel/libkernel.a(sem.c.obj)
                0x000000000000b394                z_impl_k_sem_take
 .text.z_impl_k_sem_reset
                0x000000000000b3e4       0x44 zephyr/kernel/libkernel.a(sem.c.obj)
                0x000000000000b3e4                z_impl_k_sem_reset
 .text.work_queue_main
                0x000000000000b428      0x148 zephyr/kernel/libkernel.a(work.c.obj)
 .text.submit_to_queue_locked
                0x000000000000b570       0xb4 zephyr/kernel/libkernel.a(work.c.obj)
 .text.k_work_submit
                0x000000000000b624        0xc zephyr/kernel/libkernel.a(work.c.obj)
                0x000000000000b624                k_work_submit
 .text.k_work_queue_start
                0x000000000000b630       0x70 zephyr/kernel/libkernel.a(work.c.obj)
                0x000000000000b630                k_work_queue_start
 .text.k_work_reschedule_for_queue
                0x000000000000b6a0       0x5c zephyr/kernel/libkernel.a(work.c.obj)
                0x000000000000b6a0                k_work_reschedule_for_queue
 .text.k_work_reschedule
                0x000000000000b6fc        0xc zephyr/kernel/libkernel.a(work.c.obj)
                0x000000000000b6fc                k_work_reschedule
 .text.z_data_copy
                0x000000000000b708       0x34 zephyr/kernel/libkernel.a(xip.c.obj)
                0x000000000000b708                z_data_copy
 .text.elapsed  0x000000000000b73c       0x14 zephyr/kernel/libkernel.a(timeout.c.obj)
 .text.remove_timeout
                0x000000000000b750       0x38 zephyr/kernel/libkernel.a(timeout.c.obj)
 .text.next_timeout
                0x000000000000b788       0x40 zephyr/kernel/libkernel.a(timeout.c.obj)
 .text.z_add_timeout
                0x000000000000b7c8       0xec zephyr/kernel/libkernel.a(timeout.c.obj)
                0x000000000000b7c8                z_add_timeout
 .text.sys_clock_announce
                0x000000000000b8b4       0xd4 zephyr/kernel/libkernel.a(timeout.c.obj)
                0x000000000000b8b4                sys_clock_announce
 .text.sys_clock_tick_get
                0x000000000000b988       0x34 zephyr/kernel/libkernel.a(timeout.c.obj)
                0x000000000000b988                sys_clock_tick_get
 .text.z_timer_expiration_handler
                0x000000000000b9bc       0xe4 zephyr/kernel/libkernel.a(timer.c.obj)
                0x000000000000b9bc                z_timer_expiration_handler
 .text.z_impl_k_timer_start
                0x000000000000baa0       0x74 zephyr/kernel/libkernel.a(timer.c.obj)
                0x000000000000baa0                z_impl_k_timer_start
 .text.z_impl_k_poll
                0x000000000000bb14       0xb8 zephyr/kernel/libkernel.a(poll.c.obj)
                0x000000000000bb14                z_impl_k_poll
 .text.z_impl_k_poll_signal_raise
                0x000000000000bbcc       0x50 zephyr/kernel/libkernel.a(poll.c.obj)
                0x000000000000bbcc                z_impl_k_poll_signal_raise
 .text.z_thread_aligned_alloc
                0x000000000000bc1c       0x40 zephyr/kernel/libkernel.a(mempool.c.obj)
                0x000000000000bc1c                z_thread_aligned_alloc
 .text.boot_banner
                0x000000000000bc5c        0xc zephyr/kernel/libkernel.a(banner.c.obj)
                0x000000000000bc5c                boot_banner
 .text.k_sys_work_q_init
                0x000000000000bc68       0x34 zephyr/kernel/libkernel.a(system_work_q.c.obj)
 .text.snprintf
                0x000000000000bc9c       0x58 /home/eric/zephyr_install/zephyr-sdk-0.16.5/arm-zephyr-eabi/bin/../lib/gcc/../../picolibc/arm-zephyr-eabi/lib/thumb/v7e-m/nofp/libc.a(libc_tinystdio_snprintf.c.o)
                0x000000000000bc9c                snprintf
 .text.__l_vfprintf
                0x000000000000bcf4      0x4b8 /home/eric/zephyr_install/zephyr-sdk-0.16.5/arm-zephyr-eabi/bin/../lib/gcc/../../picolibc/arm-zephyr-eabi/lib/thumb/v7e-m/nofp/libc.a(libc_tinystdio_vflprintf.c.o)
                0x000000000000bcf4                __l_vfprintf
 .text._OffsetAbsSyms
                0x000000000000c1ac        0x2 zephyr/CMakeFiles/offsets.dir/./arch/arm/core/offsets/offsets.c.obj
                0x000000000000c1ac                _OffsetAbsSyms
 .text.chunk_size
                0x000000000000c1ae        0xa zephyr/libzephyr.a(heap.c.obj)
 .text.free_list_add
                0x000000000000c1b8       0x4e zephyr/libzephyr.a(heap.c.obj)
 .text.free_list_remove_bidx
                0x000000000000c206       0x3a zephyr/libzephyr.a(heap.c.obj)
 .text.free_list_remove
                0x000000000000c240       0x1a zephyr/libzephyr.a(heap.c.obj)
 .text.alloc_chunk
                0x000000000000c25a       0x6e zephyr/libzephyr.a(heap.c.obj)
 .text.merge_chunks
                0x000000000000c2c8       0x2c zephyr/libzephyr.a(heap.c.obj)
 .text.split_chunks
                0x000000000000c2f4       0x34 zephyr/libzephyr.a(heap.c.obj)
 .text.free_chunk
                0x000000000000c328       0x62 zephyr/libzephyr.a(heap.c.obj)
 .text.sys_heap_free
                0x000000000000c38a       0x1e zephyr/libzephyr.a(heap.c.obj)
                0x000000000000c38a                sys_heap_free
 .text.sys_heap_alloc
                0x000000000000c3a8       0x52 zephyr/libzephyr.a(heap.c.obj)
                0x000000000000c3a8                sys_heap_alloc
 .text.sys_heap_aligned_alloc
                0x000000000000c3fa       0xd0 zephyr/libzephyr.a(heap.c.obj)
                0x000000000000c3fa                sys_heap_aligned_alloc
 .text.sys_heap_init
                0x000000000000c4ca       0x7a zephyr/libzephyr.a(heap.c.obj)
                0x000000000000c4ca                sys_heap_init
 .text.cbpprintf_external
                0x000000000000c544       0x62 zephyr/libzephyr.a(cbprintf_packaged.c.obj)
                0x000000000000c544                cbpprintf_external
 .text.is_ptr   0x000000000000c5a6       0x4a zephyr/libzephyr.a(cbprintf_packaged.c.obj)
                0x000000000000c5a6                is_ptr
 .text.arch_printk_char_out
                0x000000000000c5f0        0x4 zephyr/libzephyr.a(printk.c.obj)
                0x000000000000c5f0                arch_printk_char_out
 .text.vprintk  0x000000000000c5f4        0x4 zephyr/libzephyr.a(printk.c.obj)
                0x000000000000c5f4                vprintk
 .text.printk   0x000000000000c5f8       0x1a zephyr/libzephyr.a(printk.c.obj)
                0x000000000000c5f8                printk
 .text.assert_print
                0x000000000000c612       0x1a zephyr/libzephyr.a(assert.c.obj)
                0x000000000000c612                assert_print
 .text.free_space
                0x000000000000c62c       0x26 zephyr/libzephyr.a(mpsc_pbuf.c.obj)
 .text.get_usage
                0x000000000000c652       0x22 zephyr/libzephyr.a(mpsc_pbuf.c.obj)
 .text.idx_inc  0x000000000000c674       0x1c zephyr/libzephyr.a(mpsc_pbuf.c.obj)
 .text.rd_idx_inc
                0x000000000000c690       0x18 zephyr/libzephyr.a(mpsc_pbuf.c.obj)
 .text.add_skip_item
                0x000000000000c6a8       0x3a zephyr/libzephyr.a(mpsc_pbuf.c.obj)
 .text.drop_item_locked
                0x000000000000c6e2       0xee zephyr/libzephyr.a(mpsc_pbuf.c.obj)
 .text.post_drop_action
                0x000000000000c7d0       0x36 zephyr/libzephyr.a(mpsc_pbuf.c.obj)
 .text.max_utilization_update
                0x000000000000c806       0x1a zephyr/libzephyr.a(mpsc_pbuf.c.obj)
 .text.mpsc_pbuf_init
                0x000000000000c820       0x42 zephyr/libzephyr.a(mpsc_pbuf.c.obj)
                0x000000000000c820                mpsc_pbuf_init
 .text.mpsc_pbuf_alloc
                0x000000000000c862       0xfc zephyr/libzephyr.a(mpsc_pbuf.c.obj)
                0x000000000000c862                mpsc_pbuf_alloc
 .text.mpsc_pbuf_commit
                0x000000000000c95e       0x40 zephyr/libzephyr.a(mpsc_pbuf.c.obj)
                0x000000000000c95e                mpsc_pbuf_commit
 .text.mpsc_pbuf_claim
                0x000000000000c99e       0xa4 zephyr/libzephyr.a(mpsc_pbuf.c.obj)
                0x000000000000c99e                mpsc_pbuf_claim
 .text.mpsc_pbuf_free
                0x000000000000ca42       0x78 zephyr/libzephyr.a(mpsc_pbuf.c.obj)
                0x000000000000ca42                mpsc_pbuf_free
 .text.mpsc_pbuf_is_pending
                0x000000000000caba       0x1a zephyr/libzephyr.a(mpsc_pbuf.c.obj)
                0x000000000000caba                mpsc_pbuf_is_pending
 .text.process_recheck
                0x000000000000cad4       0x38 zephyr/libzephyr.a(onoff.c.obj)
 .text.validate_args
                0x000000000000cb0c       0x20 zephyr/libzephyr.a(onoff.c.obj)
 .text.notify_one
                0x000000000000cb2c       0x2c zephyr/libzephyr.a(onoff.c.obj)
 .text.transition_complete
                0x000000000000cb58       0x1c zephyr/libzephyr.a(onoff.c.obj)
 .text.onoff_manager_init
                0x000000000000cb74       0x26 zephyr/libzephyr.a(onoff.c.obj)
                0x000000000000cb74                onoff_manager_init
 .text.onoff_request
                0x000000000000cb9a       0xb0 zephyr/libzephyr.a(onoff.c.obj)
                0x000000000000cb9a                onoff_request
 .text.onoff_release
                0x000000000000cc4a       0x4a zephyr/libzephyr.a(onoff.c.obj)
                0x000000000000cc4a                onoff_release
 .text.sys_notify_validate
                0x000000000000cc94       0x28 zephyr/libzephyr.a(notify.c.obj)
                0x000000000000cc94                sys_notify_validate
 .text.sys_notify_finalize
                0x000000000000ccbc       0x32 zephyr/libzephyr.a(notify.c.obj)
                0x000000000000ccbc                sys_notify_finalize
 .text._ConfigAbsSyms
                0x000000000000ccee        0x2 zephyr/libzephyr.a(configs.c.obj)
                0x000000000000ccee                _ConfigAbsSyms
 .text.log_msg_generic_get_wlen
                0x000000000000ccf0       0x20 zephyr/libzephyr.a(log_core.c.obj)
 .text.dummy_timestamp
                0x000000000000cd10        0x4 zephyr/libzephyr.a(log_core.c.obj)
 .text.default_get_timestamp
                0x000000000000cd14        0x4 zephyr/libzephyr.a(log_core.c.obj)
 .text.atomic_inc
                0x000000000000cd18       0x1a zephyr/libzephyr.a(log_core.c.obj)
 .text.z_log_vprintk
                0x000000000000cd32       0x1c zephyr/libzephyr.a(log_core.c.obj)
                0x000000000000cd32                z_log_vprintk
 .text.z_log_notify_drop
                0x000000000000cd4e        0x6 zephyr/libzephyr.a(log_core.c.obj)
 .text.z_log_get_tag
                0x000000000000cd54        0x4 zephyr/libzephyr.a(log_core.c.obj)
                0x000000000000cd54                z_log_get_tag
 .text.z_cbprintf_cpy
                0x000000000000cd58       0x2c zephyr/libzephyr.a(log_msg.c.obj)
 .text.z_log_msg_finalize
                0x000000000000cd84       0x32 zephyr/libzephyr.a(log_msg.c.obj)
                0x000000000000cd84                z_log_msg_finalize
 .text.z_log_msg_simple_create
                0x000000000000cdb6       0x6e zephyr/libzephyr.a(log_msg.c.obj)
 .text.z_impl_z_log_msg_simple_create_0
                0x000000000000ce24       0x12 zephyr/libzephyr.a(log_msg.c.obj)
                0x000000000000ce24                z_impl_z_log_msg_simple_create_0
 .text.z_impl_z_log_msg_simple_create_1
                0x000000000000ce36       0x14 zephyr/libzephyr.a(log_msg.c.obj)
                0x000000000000ce36                z_impl_z_log_msg_simple_create_1
 .text.z_impl_z_log_msg_simple_create_2
                0x000000000000ce4a       0x18 zephyr/libzephyr.a(log_msg.c.obj)
                0x000000000000ce4a                z_impl_z_log_msg_simple_create_2
 .text.buffer_write
                0x000000000000ce62       0x1a zephyr/libzephyr.a(log_output.c.obj)
 .text.log_output_flush
                0x000000000000ce7c       0x1a zephyr/libzephyr.a(log_output.c.obj)
                0x000000000000ce7c                log_output_flush
 .text.out_func
                0x000000000000ce96       0x36 zephyr/libzephyr.a(log_output.c.obj)
 .text.cr_out_func
                0x000000000000cecc       0x1c zephyr/libzephyr.a(log_output.c.obj)
 .text.format_set